Component: ARM Compiler 5.06 update 6 (build 750) Tool: armlink [4d35ed]

==============================================================================

Section Cross References

    startup_stm32f103xb.o(RESET) refers to startup_stm32f103xb.o(STACK) for __initial_sp
    startup_stm32f103xb.o(RESET) refers to startup_stm32f103xb.o(.text) for Reset_Handler
    startup_stm32f103xb.o(RESET) refers to stm32f1xx_it.o(i.NMI_Handler) for NMI_Handler
    startup_stm32f103xb.o(RESET) refers to context_rvds.o(.text) for HardFault_Handler
    startup_stm32f103xb.o(RESET) refers to stm32f1xx_it.o(i.MemManage_Handler) for MemManage_Handler
    startup_stm32f103xb.o(RESET) refers to stm32f1xx_it.o(i.BusFault_Handler) for BusFault_Handler
    startup_stm32f103xb.o(RESET) refers to stm32f1xx_it.o(i.UsageFault_Handler) for UsageFault_Handler
    startup_stm32f103xb.o(RESET) refers to stm32f1xx_it.o(i.SVC_Handler) for SVC_Handler
    startup_stm32f103xb.o(RESET) refers to stm32f1xx_it.o(i.DebugMon_Handler) for DebugMon_Handler
    startup_stm32f103xb.o(RESET) refers to board.o(i.SysTick_Handler) for SysTick_Handler
    startup_stm32f103xb.o(RESET) refers to stm32f1xx_it.o(i.RTC_IRQHandler) for RTC_IRQHandler
    startup_stm32f103xb.o(RESET) refers to stm32f1xx_it.o(i.USART1_IRQHandler) for USART1_IRQHandler
    startup_stm32f103xb.o(RESET) refers to stm32f1xx_it.o(i.USART2_IRQHandler) for USART2_IRQHandler
    startup_stm32f103xb.o(RESET) refers to stm32f1xx_it.o(i.EXTI15_10_IRQHandler) for EXTI15_10_IRQHandler
    startup_stm32f103xb.o(.text) refers to system_stm32f1xx.o(i.SystemInit) for SystemInit
    startup_stm32f103xb.o(.text) refers to entry.o(.ARM.Collect$$$$00000000) for __main
    main.o(i.SystemClock_Config) refers to memseta.o(.text) for __aeabi_memclr4
    main.o(i.SystemClock_Config) refers to stm32f1xx_hal_rcc.o(i.HAL_RCC_OscConfig) for HAL_RCC_OscConfig
    main.o(i.SystemClock_Config) refers to main.o(i.Error_Handler) for Error_Handler
    main.o(i.SystemClock_Config) refers to stm32f1xx_hal_rcc.o(i.HAL_RCC_ClockConfig) for HAL_RCC_ClockConfig
    main.o(i.SystemClock_Config) refers to stm32f1xx_hal_rcc_ex.o(i.HAL_RCCEx_PeriphCLKConfig) for HAL_RCCEx_PeriphCLKConfig
    main.o(i.SystemClock_Config) refers to gpio.o(i.MX_GPIO_Init) for MX_GPIO_Init
    main.o(i.SystemClock_Config) refers to rtc.o(i.MX_RTC_Init) for MX_RTC_Init
    main.o(i.SystemClock_Config) refers to tim.o(i.MX_TIM3_Init) for MX_TIM3_Init
    main.o(i.SystemClock_Config) refers to usart.o(i.MX_USART1_UART_Init) for MX_USART1_UART_Init
    main.o(i.SystemClock_Config) refers to usart.o(i.MX_USART2_UART_Init) for MX_USART2_UART_Init
    main.o(i.SystemClock_Config) refers to i2c.o(i.MX_I2C1_Init) for MX_I2C1_Init
    main.o(i.main) refers to stm32f1xx_hal_rcc.o(i.HAL_RCC_GetHCLKFreq) for HAL_RCC_GetHCLKFreq
    main.o(i.main) refers to kservice.o(i.rt_kprintf) for rt_kprintf
    main.o(i.main) refers to stm32f1xx_hal_rcc.o(i.HAL_RCC_GetPCLK1Freq) for HAL_RCC_GetPCLK1Freq
    main.o(i.main) refers to stm32f1xx_hal_rcc.o(i.HAL_RCC_GetPCLK2Freq) for HAL_RCC_GetPCLK2Freq
    main.o(i.main) refers to main.o(i.user_init) for user_init
    main.o(i.main) refers to user_main.o(i.creat_user_task) for creat_user_task
    main.o(i.main) refers to memseta.o(.text) for __aeabi_memclr4
    main.o(i.main) refers to stm32f1xx_hal_gpio.o(i.HAL_GPIO_ReadPin) for HAL_GPIO_ReadPin
    main.o(i.main) refers to stm32f1xx_hal_gpio.o(i.HAL_GPIO_WritePin) for HAL_GPIO_WritePin
    main.o(i.main) refers to thread.o(i.rt_thread_mdelay) for rt_thread_mdelay
    main.o(i.main) refers to com.o(i.key_scan) for key_scan
    main.o(i.main) refers to hts221.o(i.HTS221_GetHumidity) for HTS221_GetHumidity
    main.o(i.main) refers to hts221.o(i.HTS221_GetTemperature) for HTS221_GetTemperature
    main.o(i.main) refers to f2d.o(.text) for __aeabi_f2d
    main.o(i.main) refers to printfa.o(i.__0sprintf) for __2sprintf
    main.o(i.main) refers to main.o(.data) for key_code
    main.o(i.user_init) refers to ringbuffer.o(i.rt_ringbuffer_init) for rt_ringbuffer_init
    main.o(i.user_init) refers to ipc.o(i.rt_sem_init) for rt_sem_init
    main.o(i.user_init) refers to hts221.o(i.HTS221_who_am_i) for HTS221_who_am_i
    main.o(i.user_init) refers to kservice.o(i.rt_kprintf) for rt_kprintf
    main.o(i.user_init) refers to hts221.o(i.HTS221_Calibration) for HTS221_Calibration
    main.o(i.user_init) refers to thread.o(i.rt_thread_mdelay) for rt_thread_mdelay
    main.o(i.user_init) refers to main.o(.bss) for uart_bc28_rx_buff
    gpio.o(i.MX_GPIO_Init) refers to stm32f1xx_hal_gpio.o(i.HAL_GPIO_WritePin) for HAL_GPIO_WritePin
    gpio.o(i.MX_GPIO_Init) refers to stm32f1xx_hal_gpio.o(i.HAL_GPIO_Init) for HAL_GPIO_Init
    gpio.o(i.MX_GPIO_Init) refers to stm32f1xx_hal_cortex.o(i.HAL_NVIC_SetPriority) for HAL_NVIC_SetPriority
    gpio.o(i.MX_GPIO_Init) refers to stm32f1xx_hal_cortex.o(i.HAL_NVIC_EnableIRQ) for HAL_NVIC_EnableIRQ
[...]
    EXTI0_IRQHandler                         0x0800011b   Thumb Code     0  startup_stm32f103xb.o(.text)
    EXTI1_IRQHandler                         0x0800011b   Thumb Code     0  startup_stm32f103xb.o(.text)
    EXTI2_IRQHandler                         0x0800011b   Thumb Code     0  startup_stm32f103xb.o(.text)
    EXTI3_IRQHandler                         0x0800011b   Thumb Code     0  startup_stm32f103xb.o(.text)
    EXTI4_IRQHandler                         0x0800011b   Thumb Code     0  startup_stm32f103xb.o(.text)
    EXTI9_5_IRQHandler                       0x0800011b   Thumb Code     0  startup_stm32f103xb.o(.text)
    FLASH_IRQHandler                         0x0800011b   Thumb Code     0  startup_stm32f103xb.o(.text)
    I2C1_ER_IRQHandler                       0x0800011b   Thumb Code     0  startup_stm32f103xb.o(.text)
    I2C1_EV_IRQHandler                       0x0800011b   Thumb Code     0  startup_stm32f103xb.o(.text)
    I2C2_ER_IRQHandler                       0x0800011b   Thumb Code     0  startup_stm32f103xb.o(.text)
    I2C2_EV_IRQHandler                       0x0800011b   Thumb Code     0  startup_stm32f103xb.o(.text)
    PVD_IRQHandler                           0x0800011b   Thumb Code     0  startup_stm32f103xb.o(.text)
    RCC_IRQHandler                           0x0800011b   Thumb Code     0  startup_stm32f103xb.o(.text)
    RTC_Alarm_IRQHandler                     0x0800011b   Thumb Code     0  startup_stm32f103xb.o(.text)
    SPI1_IRQHandler                          0x0800011b   Thumb Code     0  startup_stm32f103xb.o(.text)
    SPI2_IRQHandler                          0x0800011b   Thumb Code     0  startup_stm32f103xb.o(.text)
    TAMPER_IRQHandler                        0x0800011b   Thumb Code     0  startup_stm32f103xb.o(.text)
    TIM1_BRK_IRQHandler                      0x0800011b   Thumb Code     0  startup_stm32f103xb.o(.text)
    TIM1_CC_IRQHandler                       0x0800011b   Thumb Code     0  startup_stm32f103xb.o(.text)
    TIM1_TRG_COM_IRQHandler                  0x0800011b   Thumb Code     0  startup_stm32f103xb.o(.text)
    TIM1_UP_IRQHandler                       0x0800011b   Thumb Code     0  startup_stm32f103xb.o(.text)
    TIM2_IRQHandler                          0x0800011b   Thumb Code     0  startup_stm32f103xb.o(.text)
    TIM3_IRQHandler                          0x0800011b   Thumb Code     0  startup_stm32f103xb.o(.text)
    TIM4_IRQHandler                          0x0800011b   Thumb Code     0  startup_stm32f103xb.o(.text)
    USART3_IRQHandler                        0x0800011b   Thumb Code     0  startup_stm32f103xb.o(.text)
    USBWakeUp_IRQHandler                     0x0800011b   Thumb Code     0  startup_stm32f103xb.o(.text)
    USB_HP_CAN1_TX_IRQHandler                0x0800011b   Thumb Code     0  startup_stm32f103xb.o(.text)
    USB_LP_CAN1_RX0_IRQHandler               0x0800011b   Thumb Code     0  startup_stm32f103xb.o(.text)
    WWDG_IRQHandler                          0x0800011b   Thumb Code     0  startup_stm32f103xb.o(.text)
    rt_hw_interrupt_disable                  0x08000125   Thumb Code     8  context_rvds.o(.text)
    rt_hw_interrupt_enable                   0x0800012d   Thumb Code     6  context_rvds.o(.text)
    rt_hw_context_switch                     0x08000133   Thumb Code    32  context_rvds.o(.text)
    rt_hw_context_switch_interrupt           0x08000133   Thumb Code     0  context_rvds.o(.text)
    PendSV_Handler                           0x08000153   Thumb Code    60  context_rvds.o(.text)
    rt_hw_context_switch_to                  0x0800018f   Thumb Code    58  context_rvds.o(.text)
    rt_hw_interrupt_thread_switch            0x080001c9   Thumb Code     2  context_rvds.o(.text)
    HardFault_Handler                        0x080001cb   Thumb Code    52  context_rvds.o(.text)
    __aeabi_llsr                             0x08000219   Thumb Code    32  llushr.o(.text)
    _ll_ushift_r                             0x08000219   Thumb Code     0  llushr.o(.text)
    toupper                                  0x08000239   Thumb Code    12  toupper.o(.text)
    mktime                                   0x08000245   Thumb Code   150  mktime.o(.text)
    __aeabi_memcpy                           0x080002ed   Thumb Code    36  memcpya.o(.text)
    __aeabi_memcpy4                          0x080002ed   Thumb Code     0  memcpya.o(.text)
    __aeabi_memcpy8                          0x080002ed   Thumb Code     0  memcpya.o(.text)
    __aeabi_memset                           0x08000311   Thumb Code    14  memseta.o(.text)
    __aeabi_memset4                          0x08000311   Thumb Code     0  memseta.o(.text)
    __aeabi_memset8                          0x08000311   Thumb Code     0  memseta.o(.text)
    __aeabi_memclr                           0x0800031f   Thumb Code     4  memseta.o(.text)
    __aeabi_memclr4                          0x0800031f   Thumb Code     0  memseta.o(.text)
    __aeabi_memclr8                          0x0800031f   Thumb Code     0  memseta.o(.text)
    _memset$wrapper                          0x08000323   Thumb Code    18  memseta.o(.text)
    strcat                                   0x08000335   Thumb Code    24  strcat.o(.text)
    strstr                                   0x0800034d   Thumb Code    36  strstr.o(.text)
    strncpy                                  0x08000371   Thumb Code    24  strncpy.o(.text)
    strlen                                   0x08000389   Thumb Code    14  strlen.o(.text)
    strcpy                                   0x08000397   Thumb Code    18  strcpy.o(.text)
    strncmp                                  0x080003a9   Thumb Code    30  strncmp.o(.text)
    atoi                                     0x080003c7   Thumb Code    26  atoi.o(.text)
    __aeabi_fadd                             0x080003e1   Thumb Code   164  fadd.o(.text)
    __aeabi_fsub                             0x08000485   Thumb Code     6  fadd.o(.text)
    __aeabi_frsub                            0x0800048b   Thumb Code     6  fadd.o(.text)
    __aeabi_fmul                             0x08000491   Thumb Code   100  fmul.o(.text)
    __aeabi_fdiv                             0x080004f5   Thumb Code   124  fdiv.o(.text)
    __aeabi_i2f                              0x08000571   Thumb Code    18  fflti.o(.text)
    __aeabi_ui2f                             0x08000583   Thumb Code    10  ffltui.o(.text)
    __aeabi_f2uiz                            0x0800058d   Thumb Code    40  ffixui.o(.text)
    __aeabi_f2d                              0x080005b5   Thumb Code    38  f2d.o(.text)
    __aeabi_uidiv                            0x080005db   Thumb Code     0  uidiv.o(.text)
    __aeabi_uidivmod                         0x080005db   Thumb Code    44  uidiv.o(.text)
    __aeabi_uldivmod                         0x08000607   Thumb Code    98  uldiv.o(.text)
    localtime                                0x08000669   Thumb Code     6  localtime_w.o(.text)
    _localtime                               0x08000675   Thumb Code   134  localtime_i.o(.text)
    strtol                                   0x08000701   Thumb Code   112  strtol.o(.text)
    __I$use$fp                               0x08000771   Thumb Code     0  iusefp.o(.text)
    _float_round                             0x08000771   Thumb Code    18  fepilogue.o(.text)
    _float_epilogue                          0x08000783   Thumb Code    92  fepilogue.o(.text)
    __aeabi_dadd                             0x080007df   Thumb Code   322  dadd.o(.text)
    __aeabi_dsub                             0x08000921   Thumb Code     6  dadd.o(.text)
    __aeabi_drsub                            0x08000927   Thumb Code     6  dadd.o(.text)
    __aeabi_dmul                             0x0800092d   Thumb Code   228  dmul.o(.text)
    __aeabi_ddiv                             0x08000a11   Thumb Code   222  ddiv.o(.text)
    __aeabi_d2ulz                            0x08000aef   Thumb Code    48  dfixul.o(.text)
    __aeabi_cdrcmple                         0x08000b21   Thumb Code    48  cdrcmple.o(.text)
    __scatterload                            0x08000b51   Thumb Code    28  init.o(.text)
    __scatterload_rt2                        0x08000b51   Thumb Code     0  init.o(.text)
    __aeabi_llsl                             0x08000b75   Thumb Code    30  llshl.o(.text)
    _ll_shift_l                              0x08000b75   Thumb Code     0  llshl.o(.text)
    __aeabi_lasr                             0x08000b93   Thumb Code    36  llsshr.o(.text)
    _ll_sshift_r                             0x08000b93   Thumb Code     0  llsshr.o(.text)
    __rt_ctype_table                         0x08000bb9   Thumb Code     4  ctype_o.o(.text)
    _strtoul                                 0x08000bc1   Thumb Code   158  _strtoul.o(.text)
    _double_round                            0x08000c5f   Thumb Code    30  depilogue.o(.text)
    _double_epilogue                         0x08000c7d   Thumb Code   156  depilogue.o(.text)
    _chval                                   0x08000d19   Thumb Code    28  _chval.o(.text)
    __decompress                             0x08000d35   Thumb Code     0  __dczerorl2.o(.text)
    __decompress1                            0x08000d35   Thumb Code    86  __dczerorl2.o(.text)
    main                                     0x08000d8b   Thumb Code    10  components.o(i.$Sub$$main)
    BusFault_Handler                         0x08000d95   Thumb Code     4  stm32f1xx_it.o(i.BusFault_Handler)
    DebugMon_Handler                         0x08000d99   Thumb Code     2  stm32f1xx_it.o(i.DebugMon_Handler)
    EXTI15_10_IRQHandler                     0x08000d9b   Thumb Code    12  stm32f1xx_it.o(i.EXTI15_10_IRQHandler)
    Error_Handler                            0x08000da7   Thumb Code     2  main.o(i.Error_Handler)
    HAL_GPIO_EXTI_Callback                   0x08000da9   Thumb Code     2  stm32f1xx_hal_gpio.o(i.HAL_GPIO_EXTI_Callback)
    HAL_GPIO_EXTI_IRQHandler                 0x08000dad   Thumb Code    24  stm32f1xx_hal_gpio.o(i.HAL_GPIO_EXTI_IRQHandler)
    HAL_GPIO_Init                            0x08000dc9   Thumb Code   766  stm32f1xx_hal_gpio.o(i.HAL_GPIO_Init)
    HAL_GPIO_ReadPin                         0x080010e9   Thumb Code    16  stm32f1xx_hal_gpio.o(i.HAL_GPIO_ReadPin)
    HAL_GPIO_TogglePin                       0x080010f9   Thumb Code    14  stm32f1xx_hal_gpio.o(i.HAL_GPIO_TogglePin)
    HAL_GPIO_WritePin                        0x08001107   Thumb Code    12  stm32f1xx_hal_gpio.o(i.HAL_GPIO_WritePin)
    HAL_GetTick                              0x08001115   Thumb Code     6  stm32f1xx_hal.o(i.HAL_GetTick)
    HAL_I2C_Init                             0x08001121   Thumb Code   422  stm32f1xx_hal_i2c.o(i.HAL_I2C_Init)
    HAL_I2C_Mem_Read                         0x080012d9   Thumb Code   772  stm32f1xx_hal_i2c.o(i.HAL_I2C_Mem_Read)
    HAL_I2C_Mem_Write                        0x080015e9   Thumb Code   348  stm32f1xx_hal_i2c.o(i.HAL_I2C_Mem_Write)
    HAL_I2C_MspInit                          0x0800174d   Thumb Code    66  i2c.o(i.HAL_I2C_MspInit)
    HAL_Init                                 0x0800179d   Thumb Code    34  stm32f1xx_hal.o(i.HAL_Init)
    HAL_InitTick                             0x080017c5   Thumb Code    64  stm32f1xx_hal.o(i.HAL_InitTick)
    HAL_MspInit                              0x08001811   Thumb Code    76  stm32f1xx_hal_msp.o(i.HAL_MspInit)
    HAL_NVIC_EnableIRQ                       0x08001865   Thumb Code    32  stm32f1xx_hal_cortex.o(i.HAL_NVIC_EnableIRQ)
    HAL_NVIC_SetPriority                     0x08001885   Thumb Code   124  stm32f1xx_hal_cortex.o(i.HAL_NVIC_SetPriority)
    HAL_NVIC_SetPriorityGrouping             0x08001901   Thumb Code    32  stm32f1xx_hal_cortex.o(i.HAL_NVIC_SetPriorityGrouping)
    HAL_PWR_EnableBkUpAccess                 0x08001929   Thumb Code     8  stm32f1xx_hal_pwr.o(i.HAL_PWR_EnableBkUpAccess)
    HAL_RCCEx_GetPeriphCLKFreq               0x08001935   Thumb Code   248  stm32f1xx_hal_rcc_ex.o(i.HAL_RCCEx_GetPeriphCLKFreq)
    HAL_RCCEx_PeriphCLKConfig                0x08001a4d   Thumb Code   290  stm32f1xx_hal_rcc_ex.o(i.HAL_RCCEx_PeriphCLKConfig)
    HAL_RCC_ClockConfig                      0x08001b7d   Thumb Code   376  stm32f1xx_hal_rcc.o(i.HAL_RCC_ClockConfig)
    HAL_RCC_GetHCLKFreq                      0x08001d09   Thumb Code     6  stm32f1xx_hal_rcc.o(i.HAL_RCC_GetHCLKFreq)
    HAL_RCC_GetPCLK1Freq                     0x08001d15   Thumb Code    22  stm32f1xx_hal_rcc.o(i.HAL_RCC_GetPCLK1Freq)
    HAL_RCC_GetPCLK2Freq                     0x08001d35   Thumb Code    22  stm32f1xx_hal_rcc.o(i.HAL_RCC_GetPCLK2Freq)
    HAL_RCC_GetSysClockFreq                  0x08001d55   Thumb Code   116  stm32f1xx_hal_rcc.o(i.HAL_RCC_GetSysClockFreq)
    HAL_RCC_OscConfig                        0x08001de9   Thumb Code  1114  stm32f1xx_hal_rcc.o(i.HAL_RCC_OscConfig)
    HAL_RTCEx_BKUPRead                       0x0800224d   Thumb Code    20  stm32f1xx_hal_rtc_ex.o(i.HAL_RTCEx_BKUPRead)
    HAL_RTCEx_BKUPWrite                      0x08002265   Thumb Code    18  stm32f1xx_hal_rtc_ex.o(i.HAL_RTCEx_BKUPWrite)
    HAL_RTC_GetDate                          0x0800227d   Thumb Code    82  stm32f1xx_hal_rtc.o(i.HAL_RTC_GetDate)
    HAL_RTC_GetTime                          0x080022cf   Thumb Code   260  stm32f1xx_hal_rtc.o(i.HAL_RTC_GetTime)
    HAL_RTC_Init                             0x080023d5   Thumb Code   202  stm32f1xx_hal_rtc.o(i.HAL_RTC_Init)
    HAL_RTC_MspInit                          0x080024a5   Thumb Code    84  rtc.o(i.HAL_RTC_MspInit)
    HAL_RTC_SetDate                          0x08002509   Thumb Code   242  stm32f1xx_hal_rtc.o(i.HAL_RTC_SetDate)
    HAL_RTC_SetTime                          0x08002601   Thumb Code   214  stm32f1xx_hal_rtc.o(i.HAL_RTC_SetTime)
    HAL_RTC_WaitForSynchro                   0x080026dd   Thumb Code    64  stm32f1xx_hal_rtc.o(i.HAL_RTC_WaitForSynchro)
    HAL_SYSTICK_Config                       0x0800271d   Thumb Code    52  stm32f1xx_hal_cortex.o(i.HAL_SYSTICK_Config)
    HAL_TIMEx_MasterConfigSynchronization    0x08002751   Thumb Code    84  stm32f1xx_hal_tim_ex.o(i.HAL_TIMEx_MasterConfigSynchronization)
    HAL_TIM_MspPostInit                      0x080027a5   Thumb Code    74  tim.o(i.HAL_TIM_MspPostInit)
    HAL_TIM_PWM_ConfigChannel                0x080027fd   Thumb Code   264  stm32f1xx_hal_tim.o(i.HAL_TIM_PWM_ConfigChannel)
    HAL_TIM_PWM_Init                         0x08002905   Thumb Code    52  stm32f1xx_hal_tim.o(i.HAL_TIM_PWM_Init)
    HAL_TIM_PWM_MspInit                      0x08002939   Thumb Code    40  tim.o(i.HAL_TIM_PWM_MspInit)
    HAL_TIM_PWM_Start                        0x08002969   Thumb Code    72  stm32f1xx_hal_tim.o(i.HAL_TIM_PWM_Start)
    HAL_UART_Init                            0x080029b5   Thumb Code   114  stm32f1xx_hal_uart.o(i.HAL_UART_Init)
    HAL_UART_MspInit                         0x08002a29   Thumb Code   288  usart.o(i.HAL_UART_MspInit)
    HAL_UART_Transmit                        0x08002b61   Thumb Code   214  stm32f1xx_hal_uart.o(i.HAL_UART_Transmit)
    HTS221_Calibration                       0x08002c39   Thumb Code   548  hts221.o(i.HTS221_Calibration)
    HTS221_GetHumidity                       0x08002e7d   Thumb Code   442  hts221.o(i.HTS221_GetHumidity)
    HTS221_GetTemperature                    0x0800304d   Thumb Code   354  hts221.o(i.HTS221_GetTemperature)
    HTS221_who_am_i                          0x080031c1   Thumb Code    74  hts221.o(i.HTS221_who_am_i)
    MX_GPIO_Init                             0x08003729   Thumb Code   220  gpio.o(i.MX_GPIO_Init)
    MX_I2C1_Init                             0x08003815   Thumb Code    42  i2c.o(i.MX_I2C1_Init)
    MX_RTC_Init                              0x0800384d   Thumb Code   134  rtc.o(i.MX_RTC_Init)
    MX_TIM3_Init                             0x080038e1   Thumb Code   158  tim.o(i.MX_TIM3_Init)
    MX_USART1_UART_Init                      0x08003989   Thumb Code    46  usart.o(i.MX_USART1_UART_Init)
    MX_USART2_UART_Init                      0x080039c1   Thumb Code    46  usart.o(i.MX_USART2_UART_Init)
    MemManage_Handler                        0x080039f9   Thumb Code     4  stm32f1xx_it.o(i.MemManage_Handler)
    NMI_Handler                              0x080039fd   Thumb Code     2  stm32f1xx_it.o(i.NMI_Handler)
    RTC_IRQHandler                           0x08003b85   Thumb Code    32  stm32f1xx_it.o(i.RTC_IRQHandler)
    SVC_Handler                              0x08003d0b   Thumb Code     2  stm32f1xx_it.o(i.SVC_Handler)
    SetMotorSpeed                            0x08003d0d   Thumb Code    52  com.o(i.SetMotorSpeed)
    StrToHex                                 0x08003d45   Thumb Code    80  aepservicecodes.o(i.StrToHex)
    SysTick_Handler                          0x08003d95   Thumb Code    16  board.o(i.SysTick_Handler)
    SystemClock_Config                       0x08003da5   Thumb Code   160  main.o(i.SystemClock_Config)
    SystemCoreClockUpdate                    0x08003e45   Thumb Code   142  system_stm32f1xx.o(i.SystemCoreClockUpdate)
    SystemInit                               0x08003ee9   Thumb Code    70  system_stm32f1xx.o(i.SystemInit)
    TIM_Base_SetConfig                       0x08003f41   Thumb Code   104  stm32f1xx_hal_tim.o(i.TIM_Base_SetConfig)
    TIM_CCxChannelCmd                        0x08003fb5   Thumb Code    34  stm32f1xx_hal_tim.o(i.TIM_CCxChannelCmd)
    TIM_OC2_SetConfig                        0x08004039   Thumb Code   100  stm32f1xx_hal_tim.o(i.TIM_OC2_SetConfig)
    USART1_IRQHandler                        0x0800435d   Thumb Code    84  stm32f1xx_it.o(i.USART1_IRQHandler)
    USART2_IRQHandler                        0x080043b9   Thumb Code    90  stm32f1xx_it.o(i.USART2_IRQHandler)
    UsageFault_Handler                       0x08004421   Thumb Code     4  stm32f1xx_it.o(i.UsageFault_Handler)
    __0sprintf                               0x08004455   Thumb Code    34  printfa.o(i.__0sprintf)
    __1sprintf                               0x08004455   Thumb Code     0  printfa.o(i.__0sprintf)
    __2sprintf                               0x08004455   Thumb Code     0  printfa.o(i.__0sprintf)
    __c89sprintf                             0x08004455   Thumb Code     0  printfa.o(i.__0sprintf)
    sprintf                                  0x08004455   Thumb Code     0  printfa.o(i.__0sprintf)
    __aeabi_errno_addr                       0x080044b5   Thumb Code     4  errno.o(i.__aeabi_errno_addr)
    __rt_errno_addr                          0x080044b5   Thumb Code     0  errno.o(i.__aeabi_errno_addr)
    __rt_ffs                                 0x080044bd   Thumb Code    70  kservice.o(i.__rt_ffs)
    __scatterload_copy                       0x08004509   Thumb Code    14  handlers.o(i.__scatterload_copy)
    __scatterload_null                       0x08004517   Thumb Code     2  handlers.o(i.__scatterload_null)
    __scatterload_zeroinit                   0x08004519   Thumb Code    14  handlers.o(i.__scatterload_zeroinit)
    aep_htoni                                0x08004f5d   Thumb Code    42  aepservicecodes.o(i.aep_htoni)
    aep_htons                                0x08004f8d   Thumb Code    28  aepservicecodes.o(i.aep_htons)
    at_send_cmd                              0x08004fad   Thumb Code   202  com.o(i.at_send_cmd)
    bc28_get_module_info                     0x080050cd   Thumb Code   214  bc28_thread.o(i.bc28_get_module_info)
    bc28_get_module_stats                    0x080051f1   Thumb Code   256  bc28_thread.o(i.bc28_get_module_stats)
    bc28_init_thread_entry                   0x0800532d   Thumb Code    44  bc28_thread.o(i.bc28_init_thread_entry)
    bc28_set_para                            0x0800535d   Thumb Code    36  bc28_thread.o(i.bc28_set_para)
    calibration_rtc_from_iot_module          0x08005489   Thumb Code    52  com.o(i.calibration_rtc_from_iot_module)
    check_bc28_auto_registration             0x080054fd   Thumb Code   108  bc28_thread.o(i.check_bc28_auto_registration)
    cmd_free                                 0x080055dd   Thumb Code    14  msh.o(i.cmd_free)
    cmd_ps                                   0x080055eb   Thumb Code    14  msh.o(i.cmd_ps)
    creat_user_task                          0x080055f9   Thumb Code   136  user_main.o(i.creat_user_task)
    dec2hex                                  0x08005711   Thumb Code    32  com.o(i.dec2hex)
    decodeCmdDownFromStr                     0x08005731   Thumb Code   360  aepservicecodes.o(i.decodeCmdDownFromStr)
    finsh_get_prompt                         0x080058e1   Thumb Code    84  shell.o(i.finsh_get_prompt)
    finsh_set_prompt_mode                    0x0800595d   Thumb Code    22  shell.o(i.finsh_set_prompt_mode)
    finsh_system_function_init               0x08005979   Thumb Code    10  shell.o(i.finsh_system_function_init)
    finsh_system_init                        0x0800598d   Thumb Code    96  shell.o(i.finsh_system_init)
    finsh_thread_entry                       0x08005a25   Thumb Code   936  shell.o(i.finsh_thread_entry)
    get_module_time                          0x08005ded   Thumb Code   232  com.o(i.get_module_time)
    get_power_consumption_DecodeCmdDown      0x08005ee9   Thumb Code    60  aepservicecodes.o(i.get_power_consumption_DecodeCmdDown)
    hello                                    0x08005fa5   Thumb Code    12  cmd.o(i.hello)
    iot_check_net_status_entry               0x08005fc5   Thumb Code    80  iot_thread.o(i.iot_check_net_status_entry)
    iot_creat_user_task                      0x0800604d   Thumb Code   134  iot_thread.o(i.iot_creat_user_task)
    iot_recv_data_deal_entry                 0x080060ed   Thumb Code    72  iot_thread.o(i.iot_recv_data_deal_entry)
    key_scan                                 0x08006141   Thumb Code    68  com.o(i.key_scan)
    led_task_entry                           0x08006189   Thumb Code    50  user_main.o(i.led_task_entry)
    list                                     0x080061c5   Thumb Code    52  cmd.o(i.list)
    list_event                               0x0800621d   Thumb Code   204  cmd.o(i.list_event)
    list_mailbox                             0x08006415   Thumb Code   224  cmd.o(i.list_mailbox)
    list_mem                                 0x08006571   Thumb Code    34  mem.o(i.list_mem)
    list_mutex                               0x080065e9   Thumb Code   168  cmd.o(i.list_mutex)
    list_sem                                 0x080066f5   Thumb Code   216  cmd.o(i.list_sem)
    list_thread                              0x0800682d   Thumb Code   294  cmd.o(i.list_thread)
    list_timer                               0x08006a11   Thumb Code   190  cmd.o(i.list_timer)
    $Super$$main                             0x08006b71   Thumb Code   222  main.o(i.main)
    main_thread_entry                        0x08006d79   Thumb Code    14  components.o(i.main_thread_entry)
    malloc                                   0x08006d89   Thumb Code    92  malloc.o(i.malloc)
    motor_speed_control_DecodeCmdDown        0x08006edd   Thumb Code    72  aepservicecodes.o(i.motor_speed_control_DecodeCmdDown)
    msh_auto_complete                        0x08006f25   Thumb Code   138  msh.o(i.msh_auto_complete)
    msh_exec                                 0x08006fc5   Thumb Code    82  msh.o(i.msh_exec)
    msh_help                                 0x0800708d   Thumb Code    64  msh.o(i.msh_help)
    msh_is_used                              0x08007101   Thumb Code     4  msh.o(i.msh_is_used)
    reboot_module                            0x0800742d   Thumb Code    26  com.o(i.reboot_module)
    recv_urc_data_deal                       0x08007459   Thumb Code   126  iot_thread.o(i.recv_urc_data_deal)
    rt_application_init                      0x0800758d   Thumb Code    34  components.o(i.rt_application_init)
    rt_calloc                                0x080075bd   Thumb Code    34  mem.o(i.rt_calloc)
    rt_components_board_init                 0x080075e1   Thumb Code    20  components.o(i.rt_components_board_init)
    rt_components_init                       0x080075fd   Thumb Code    20  components.o(i.rt_components_init)
    rt_enter_critical                        0x08007619   Thumb Code    28  scheduler.o(i.rt_enter_critical)
    rt_exit_critical                         0x08007639   Thumb Code    60  scheduler.o(i.rt_exit_critical)
    rt_free                                  0x0800767d   Thumb Code   128  mem.o(i.rt_free)
    rt_heap_begin_get                        0x0800775d   Thumb Code     4  board.o(i.rt_heap_begin_get)
    rt_heap_end_get                          0x08007765   Thumb Code     4  board.o(i.rt_heap_end_get)
    rt_hw_board_init                         0x0800776d   Thumb Code    56  board.o(i.rt_hw_board_init)
    rt_hw_console_getchar                    0x080077a9   Thumb Code    36  shell.o(i.rt_hw_console_getchar)
    rt_hw_console_output                     0x080077d5   Thumb Code    62  kservice.o(i.rt_hw_console_output)
    rt_hw_cpu_reset                          0x08007819   Thumb Code     8  cpuport.o(i.rt_hw_cpu_reset)
    rt_hw_hard_fault_exception               0x08007829   Thumb Code   198  cpuport.o(i.rt_hw_hard_fault_exception)
    rt_hw_stack_init                         0x08007a31   Thumb Code    70  cpuport.o(i.rt_hw_stack_init)
    rt_interrupt_enter                       0x08007a7d   Thumb Code    26  irq.o(i.rt_interrupt_enter)
    rt_interrupt_leave                       0x08007a9d   Thumb Code    26  irq.o(i.rt_interrupt_leave)
    rt_kprintf                               0x08007b4d   Thumb Code    44  kservice.o(i.rt_kprintf)
    rt_malloc                                0x08007c31   Thumb Code   336  mem.o(i.rt_malloc)
    rt_memmove                               0x08007d9d   Thumb Code    66  kservice.o(i.rt_memmove)
    rt_memset                                0x08007ddf   Thumb Code    72  kservice.o(i.rt_memset)
    rt_object_allocate                       0x08007e27   Thumb Code    84  object.o(i.rt_object_allocate)
    rt_object_delete                         0x08007e7b   Thumb Code    36  object.o(i.rt_object_delete)
    rt_object_detach                         0x08007e9f   Thumb Code    30  object.o(i.rt_object_detach)
    rt_object_get_information                0x08007ebd   Thumb Code    36  object.o(i.rt_object_get_information)
    rt_object_init                           0x08007ee5   Thumb Code    88  object.o(i.rt_object_init)
    rt_object_is_systemobject                0x08007f3d   Thumb Code    18  object.o(i.rt_object_is_systemobject)
    rt_ringbuffer_data_len                   0x08007f4f   Thumb Code    76  ringbuffer.o(i.rt_ringbuffer_data_len)
    rt_ringbuffer_get                        0x08007f9b   Thumb Code   164  ringbuffer.o(i.rt_ringbuffer_get)
    rt_ringbuffer_getchar                    0x0800803f   Thumb Code    88  ringbuffer.o(i.rt_ringbuffer_getchar)
    rt_ringbuffer_init                       0x08008097   Thumb Code    48  ringbuffer.o(i.rt_ringbuffer_init)
    rt_ringbuffer_putchar                    0x080080c7   Thumb Code    90  ringbuffer.o(i.rt_ringbuffer_putchar)
    rt_rtc_set_time                          0x0800814d   Thumb Code   154  com.o(i.rt_rtc_set_time)
    rt_schedule                              0x0800820d   Thumb Code   106  scheduler.o(i.rt_schedule)
    rt_schedule_insert_thread                0x08008291   Thumb Code    72  scheduler.o(i.rt_schedule_insert_thread)
    rt_schedule_remove_thread                0x080082e1   Thumb Code    76  scheduler.o(i.rt_schedule_remove_thread)
    rt_sem_init                              0x08008335   Thumb Code    38  ipc.o(i.rt_sem_init)
    rt_sem_release                           0x0800835b   Thumb Code    58  ipc.o(i.rt_sem_release)
    rt_sem_take                              0x08008395   Thumb Code   116  ipc.o(i.rt_sem_take)
    rt_show_version                          0x08008409   Thumb Code    38  kservice.o(i.rt_show_version)
    rt_strlen                                0x080084b9   Thumb Code    18  kservice.o(i.rt_strlen)
    rt_strncpy                               0x080084cb   Thumb Code    52  kservice.o(i.rt_strncpy)
    rt_system_heap_init                      0x08008501   Thumb Code   160  mem.o(i.rt_system_heap_init)
    rt_system_scheduler_init                 0x080085f9   Thumb Code    52  scheduler.o(i.rt_system_scheduler_init)
    rt_system_scheduler_start                0x08008645   Thumb Code    36  scheduler.o(i.rt_system_scheduler_start)
    rt_system_timer_init                     0x08008675   Thumb Code    24  timer.o(i.rt_system_timer_init)
    rt_system_timer_thread_init              0x08008691   Thumb Code     2  timer.o(i.rt_system_timer_thread_init)
    rt_thread_create                         0x08008693   Thumb Code    80  thread.o(i.rt_thread_create)
    rt_thread_exit                           0x080086e5   Thumb Code    76  thread.o(i.rt_thread_exit)
    rt_thread_idle_excute                    0x08008741   Thumb Code   134  idle.o(i.rt_thread_idle_excute)
    rt_thread_idle_init                      0x080087cd   Thumb Code    38  idle.o(i.rt_thread_idle_init)
    rt_thread_init                           0x08008809   Thumb Code    52  thread.o(i.rt_thread_init)
    rt_thread_mdelay                         0x0800883d   Thumb Code    20  thread.o(i.rt_thread_mdelay)
    rt_thread_resume                         0x08008851   Thumb Code    60  thread.o(i.rt_thread_resume)
    rt_thread_self                           0x0800888d   Thumb Code     6  thread.o(i.rt_thread_self)
    rt_thread_sleep                          0x08008899   Thumb Code    62  thread.o(i.rt_thread_sleep)
    rt_thread_startup                        0x080088dd   Thumb Code    44  thread.o(i.rt_thread_startup)
    rt_thread_suspend                        0x08008909   Thumb Code    68  thread.o(i.rt_thread_suspend)
    rt_thread_timeout                        0x0800894d   Thumb Code    32  thread.o(i.rt_thread_timeout)
    rt_thread_yield                          0x0800896d   Thumb Code    92  thread.o(i.rt_thread_yield)
    rt_tick_from_millisecond                 0x080089d1   Thumb Code    56  clock.o(i.rt_tick_from_millisecond)
    rt_tick_get                              0x08008a09   Thumb Code     6  clock.o(i.rt_tick_get)
    rt_tick_increase                         0x08008a15   Thumb Code    42  clock.o(i.rt_tick_increase)
    rt_timer_check                           0x08008a45   Thumb Code   118  timer.o(i.rt_timer_check)
    rt_timer_control                         0x08008ac1   Thumb Code    56  timer.o(i.rt_timer_control)
    rt_timer_detach                          0x08008af9   Thumb Code    32  timer.o(i.rt_timer_detach)
    rt_timer_init                            0x08008b19   Thumb Code    46  timer.o(i.rt_timer_init)
    rt_timer_start                           0x08008b49   Thumb Code   238  timer.o(i.rt_timer_start)
    rt_timer_stop                            0x08008c41   Thumb Code    48  timer.o(i.rt_timer_stop)
    rt_vsnprintf                             0x08008c71   Thumb Code   808  kservice.o(i.rt_vsnprintf)
    rtthread_startup                         0x08008fb1   Thumb Code    42  components.o(i.rtthread_startup)
    set_onoff_DecodeCmdDown                  0x08008fdb   Thumb Code    52  aepservicecodes.o(i.set_onoff_DecodeCmdDown)
    set_reporttime_DecodeCmdDown             0x0800900f   Thumb Code    64  aepservicecodes.o(i.set_reporttime_DecodeCmdDown)
    version                                  0x08009281   Thumb Code    10  cmd.o(i.version)
    AHBPrescTable                            0x0800928a   Data          16  system_stm32f1xx.o(.constdata)
    APBPrescTable                            0x0800929a   Data           8  system_stm32f1xx.o(.constdata)
    __lowest_bit_bitmap                      0x080092a2   Data         256  kservice.o(.constdata)
    __fsym_list_mem_name                     0x080093c4   Data           9  mem.o(.constdata)
    __fsym_hello_name                        0x080093cd   Data           6  cmd.o(.constdata)
    __fsym_version_name                      0x080093d3   Data           8  cmd.o(.constdata)
    __fsym___cmd_version_name                0x080093db   Data          14  cmd.o(.constdata)
    __fsym_list_thread_name                  0x080093e9   Data          12  cmd.o(.constdata)
    __fsym___cmd_list_thread_name            0x080093f5   Data          18  cmd.o(.constdata)
    __fsym_list_sem_name                     0x08009407   Data           9  cmd.o(.constdata)
    __fsym___cmd_list_sem_name               0x08009410   Data          15  cmd.o(.constdata)
    __fsym_list_event_name                   0x0800941f   Data          11  cmd.o(.constdata)
    __fsym___cmd_list_event_name             0x0800942a   Data          17  cmd.o(.constdata)
    __fsym_list_mutex_name                   0x0800943b   Data          11  cmd.o(.constdata)
    __fsym___cmd_list_mutex_name             0x08009446   Data          17  cmd.o(.constdata)
    __fsym_list_mailbox_name                 0x08009457   Data          13  cmd.o(.constdata)
    __fsym___cmd_list_mailbox_name           0x08009464   Data          19  cmd.o(.constdata)
    __fsym_list_timer_name                   0x08009477   Data          11  cmd.o(.constdata)
    __fsym___cmd_list_timer_name             0x08009482   Data          17  cmd.o(.constdata)
    __fsym_list_name                         0x08009493   Data           5  cmd.o(.constdata)
    __fsym___cmd_help_name                   0x08009498   Data          11  msh.o(.constdata)
    __fsym___cmd_reboot_name                 0x080094a3   Data          13  msh.o(.constdata)
    __fsym___cmd_ps_name                     0x080094b0   Data           9  msh.o(.constdata)
    __fsym___cmd_free_name                   0x080094b9   Data          11  msh.o(.constdata)
    __fsym___cmd_module_reboot_name          0x080094c4   Data          20  com.o(.constdata)
    __fsym___cmd_datetime_name               0x080094d8   Data          15  com.o(.constdata)
    __fsym___cmd_ntp_time_name               0x080094e7   Data          15  com.o(.constdata)
    __ctype_table                            0x0800950e   Data         129  ctype_o.o(.constdata)
    __rt_init_rti_start                      0x0800965c   Data           4  components.o(.rti_fn.0)
    __rt_init_rti_board_start                0x08009660   Data           4  components.o(.rti_fn.0.end)
    __rt_init_rti_board_end                  0x08009664   Data           4  components.o(.rti_fn.1.end)
    __rt_init_finsh_system_init              0x08009668   Data           4  shell.o(.rti_fn.6)
    __rt_init_rti_end                        0x0800966c   Data           4  components.o(.rti_fn.6.end)
    FSymTab$$Base                            0x08009670   Number         0  mem.o(FSymTab)
    __fsym_list_mem                          0x08009670   Data           8  mem.o(FSymTab)
    __fsym_hello                             0x08009678   Data           8  cmd.o(FSymTab)
    __fsym_version                           0x08009680   Data           8  cmd.o(FSymTab)
    __fsym___cmd_version                     0x08009688   Data           8  cmd.o(FSymTab)
    __fsym_list_thread                       0x08009690   Data           8  cmd.o(FSymTab)
    __fsym___cmd_list_thread                 0x08009698   Data           8  cmd.o(FSymTab)
    __fsym_list_sem                          0x080096a0   Data           8  cmd.o(FSymTab)
    __fsym___cmd_list_sem                    0x080096a8   Data           8  cmd.o(FSymTab)
    __fsym_list_event                        0x080096b0   Data           8  cmd.o(FSymTab)
    __fsym___cmd_list_event                  0x080096b8   Data           8  cmd.o(FSymTab)
    __fsym_list_mutex                        0x080096c0   Data           8  cmd.o(FSymTab)
    __fsym___cmd_list_mutex                  0x080096c8   Data           8  cmd.o(FSymTab)
    __fsym_list_mailbox                      0x080096d0   Data           8  cmd.o(FSymTab)
    __fsym___cmd_list_mailbox                0x080096d8   Data           8  cmd.o(FSymTab)
    __fsym_list_timer                        0x080096e0   Data           8  cmd.o(FSymTab)
    __fsym___cmd_list_timer                  0x080096e8   Data           8  cmd.o(FSymTab)
    __fsym_list                              0x080096f0   Data           8  cmd.o(FSymTab)
    __fsym___cmd_help                        0x080096f8   Data           8  msh.o(FSymTab)
    __fsym___cmd_reboot                      0x08009700   Data           8  msh.o(FSymTab)
    __fsym___cmd_ps                          0x08009708   Data           8  msh.o(FSymTab)
    __fsym___cmd_free                        0x08009710   Data           8  msh.o(FSymTab)
    __fsym___cmd_module_reboot               0x08009718   Data           8  com.o(FSymTab)
    __fsym___cmd_datetime                    0x08009720   Data           8  com.o(FSymTab)
    __fsym___cmd_ntp_time                    0x08009728   Data           8  com.o(FSymTab)
    FSymTab$$Limit                           0x08009730   Number         0  com.o(FSymTab)
    Region$$Table$$Base                      0x08009730   Number         0  anon$$obj.o(Region$$Table)
    Region$$Table$$Limit                     0x08009750   Number         0  anon$$obj.o(Region$$Table)
    _HTS221_Data                             0x20000000   Data           6  main.o(.data)
    key_code                                 0x20000006   Data           1  main.o(.data)
    base_thread_table                        0x20000008   Data          48  user_main.o(.data)
    net_status                               0x2000003c   Data           1  iot_thread.o(.data)
    iot_thread_table                         0x20000040   Data          48  iot_thread.o(.data)
    at_sending_flag                          0x20000070   Data           1  iot_thread.o(.data)
    uwTick                                   0x20000078   Data           4  stm32f1xx_hal.o(.data)
    uwTickPrio                               0x2000007c   Data           4  stm32f1xx_hal.o(.data)
    uwTickFreq                               0x20000080   Data           1  stm32f1xx_hal.o(.data)
    SystemCoreClock                          0x20000084   Data           4  system_stm32f1xx.o(.data)
    rt_interrupt_nest                        0x2000008c   Data           1  irq.o(.data)
    rt_current_thread                        0x2000010c   Data           4  scheduler.o(.data)
    rt_current_priority                      0x20000110   Data           1  scheduler.o(.data)
    rt_thread_ready_priority_group           0x20000114   Data           4  scheduler.o(.data)
    rt_thread_defunct                        0x20000118   Data           8  scheduler.o(.data)
    rt_interrupt_from_thread                 0x2000012c   Data           4  cpuport.o(.data)
    rt_interrupt_to_thread                   0x20000130   Data           4  cpuport.o(.data)
    rt_thread_switch_interrupt_flag          0x20000134   Data           4  cpuport.o(.data)
    _syscall_table_begin                     0x2000013c   Data           4  shell.o(.data)
    _syscall_table_end                       0x20000140   Data           4  shell.o(.data)
    _sysvar_table_begin                      0x20000144   Data           4  shell.o(.data)
    _sysvar_table_end                        0x20000148   Data           4  shell.o(.data)
    shell                                    0x2000014c   Data           4  shell.o(.data)
    T0_degC                                  0x20000154   Data           4  hts221.o(.data)
    T1_degC                                  0x20000158   Data           4  hts221.o(.data)
    T0_out                                   0x2000015c   Data           2  hts221.o(.data)
    T1_out                                   0x2000015e   Data           2  hts221.o(.data)
    H0_rh                                    0x20000160   Data           4  hts221.o(.data)
    H1_rh                                    0x20000164   Data           4  hts221.o(.data)
    H0_T0_out                                0x20000168   Data           2  hts221.o(.data)
    H1_T0_out                                0x2000016a   Data           2  hts221.o(.data)
    __microlib_freelist                      0x2000016c   Data           4  mvars.o(.data)
    __microlib_freelist_initialised          0x20000170   Data           4  mvars.o(.data)
    uart_rx_buf                              0x20000178   Data          10  main.o(.bss)
    uart_rxcb                                0x20000184   Data          12  main.o(.bss)
    shell_rx_sem                             0x20000190   Data          32  main.o(.bss)
    uart_bc28_rx_buff                        0x200001b0   Data         512  main.o(.bss)
    uart_bc28_rxcb                           0x200003b0   Data          12  main.o(.bss)
    hrtc                                     0x200003bc   Data          20  rtc.o(.bss)
    htim3                                    0x200003d0   Data          64  tim.o(.bss)
    huart1                                   0x20000410   Data          64  usart.o(.bss)
    huart2                                   0x20000450   Data          64  usart.o(.bss)
    _bc28_module_info                        0x20001490   Data          80  bc28_thread.o(.bss)
    _bc28_module_stats                       0x200014e0   Data          35  bc28_thread.o(.bss)
    recv_data_buff                           0x20001503   Data         256  iot_thread.o(.bss)
    hi2c1                                    0x20001604   Data          84  i2c.o(.bss)
    rt_thread_priority_table                 0x20001878   Data          80  scheduler.o(.bss)
    __heap_base                              0x20001978   Data           0  startup_stm32f103xb.o(HEAP)
    __heap_limit                             0x20001d78   Data           0  startup_stm32f103xb.o(HEAP)
    __initial_sp                             0x20002178   Data           0  startup_stm32f103xb.o(STACK)



==============================================================================

Memory Map of the image

  Image Entry point : 0x080000ed

  Load Region LR_IROM1 (Base: 0x08000000, Size: 0x000098c8, Max: 0x00020000, ABSOLUTE, COMPRESSED[0x000097cc])

    Execution Region ER_IROM1 (Exec base: 0x08000000, Load base: 0x08000000, Size: 0x00009750, Max: 0x00020000, ABSOLUTE)

    Exec Addr    Load Addr    Size         Type   Attr      Idx    E Section Name        Object

    0x08000000   0x08000000   0x000000ec   Data   RO            3    RESET               startup_stm32f103xb.o
    0x080000ec   0x080000ec   0x00000000   Code   RO         5626  * .ARM.Collect$$$$00000000  mc_w.l(entry.o)
    0x080000ec   0x080000ec   0x00000004   Code   RO         5965    .ARM.Collect$$$$00000001  mc_w.l(entry2.o)
    0x080000f0   0x080000f0   0x00000004   Code   RO         5968    .ARM.Collect$$$$00000004  mc_w.l(entry5.o)
    0x080000f4   0x080000f4   0x00000000   Code   RO         5970    .ARM.Collect$$$$00000008  mc_w.l(entry7b.o)
    0x080000f4   0x080000f4   0x00000000   Code   RO         5972    .ARM.Collect$$$$0000000A  mc_w.l(entry8b.o)
    0x080000f4   0x080000f4   0x00000008   Code   RO         5973    .ARM.Collect$$$$0000000B  mc_w.l(entry9a.o)
    0x080000fc   0x080000fc   0x00000000   Code   RO         5975    .ARM.Collect$$$$0000000D  mc_w.l(entry10a.o)
    0x080000fc   0x080000fc   0x00000000   Code   RO         5977    .ARM.Collect$$$$0000000F  mc_w.l(entry11a.o)
    0x080000fc   0x080000fc   0x00000004   Code   RO         5966    .ARM.Collect$$$$00002712  mc_w.l(entry2.o)
    0x08000100   0x08000100   0x00000024   Code   RO            4    .text               startup_stm32f103xb.o
    0x08000124   0x08000124   0x000000f4   Code   RO         5116    .text               context_rvds.o
    0x08000218   0x08000218   0x00000020   Code   RO         5629    .text               mc_w.l(llushr.o)
    0x08000238   0x08000238   0x0000000c   Code   RO         5631    .text               mc_w.l(toupper.o)
    0x08000244   0x08000244   0x000000a8   Code   RO         5637    .text               mc_w.l(mktime.o)
    0x080002ec   0x080002ec   0x00000024   Code   RO         5640    .text               mc_w.l(memcpya.o)
    0x08000310   0x08000310   0x00000024   Code   RO         5642    .text               mc_w.l(memseta.o)
    0x08000334   0x08000334   0x00000018   Code   RO         5644    .text               mc_w.l(strcat.o)
    0x0800034c   0x0800034c   0x00000024   Code   RO         5646    .text               mc_w.l(strstr.o)
    0x08000370   0x08000370   0x00000018   Code   RO         5648    .text               mc_w.l(strncpy.o)
    0x08000388   0x08000388   0x0000000e   Code   RO         5650    .text               mc_w.l(strlen.o)
    0x08000396   0x08000396   0x00000012   Code   RO         5654    .text               mc_w.l(strcpy.o)
    0x080003a8   0x080003a8   0x0000001e   Code   RO         5656    .text               mc_w.l(strncmp.o)
    0x080003c6   0x080003c6   0x0000001a   Code   RO         5949    .text               mc_w.l(atoi.o)
    0x080003e0   0x080003e0   0x000000b0   Code   RO         5951    .text               mf_w.l(fadd.o)
    0x08000490   0x08000490   0x00000064   Code   RO         5953    .text               mf_w.l(fmul.o)
    0x080004f4   0x080004f4   0x0000007c   Code   RO         5955    .text               mf_w.l(fdiv.o)
    0x08000570   0x08000570   0x00000012   Code   RO         5957    .text               mf_w.l(fflti.o)
    0x08000582   0x08000582   0x0000000a   Code   RO         5959    .text               mf_w.l(ffltui.o)
    0x0800058c   0x0800058c   0x00000028   Code   RO         5961    .text               mf_w.l(ffixui.o)
    0x080005b4   0x080005b4   0x00000026   Code   RO         5963    .text               mf_w.l(f2d.o)
    0x080005da   0x080005da   0x0000002c   Code   RO         5982    .text               mc_w.l(uidiv.o)
    0x08000606   0x08000606   0x00000062   Code   RO         5984    .text               mc_w.l(uldiv.o)
    0x08000668   0x08000668   0x0000000c   Code   RO         5986    .text               mc_w.l(localtime_w.o)
    0x08000674   0x08000674   0x0000008c   Code   RO         5989    .text               mc_w.l(localtime_i.o)
    0x08000700   0x08000700   0x00000070   Code   RO         6001    .text               mc_w.l(strtol.o)
    0x08000770   0x08000770   0x00000000   Code   RO         6003    .text               mc_w.l(iusefp.o)
    0x08000770   0x08000770   0x0000006e   Code   RO         6004    .text               mf_w.l(fepilogue.o)
    0x080007de   0x080007de   0x0000014e   Code   RO         6006    .text               mf_w.l(dadd.o)
    0x0800092c   0x0800092c   0x000000e4   Code   RO         6008    .text               mf_w.l(dmul.o)
    0x08000a10   0x08000a10   0x000000de   Code   RO         6010    .text               mf_w.l(ddiv.o)
    0x08000aee   0x08000aee   0x00000030   Code   RO         6012    .text               mf_w.l(dfixul.o)
    0x08000b1e   0x08000b1e   0x00000002   PAD
    0x08000b20   0x08000b20   0x00000030   Code   RO         6014    .text               mf_w.l(cdrcmple.o)
    0x08000b50   0x08000b50   0x00000024   Code   RO         6016    .text               mc_w.l(init.o)
    0x08000b74   0x08000b74   0x0000001e   Code   RO         6019    .text               mc_w.l(llshl.o)
    0x08000b92   0x08000b92   0x00000024   Code   RO         6021    .text               mc_w.l(llsshr.o)
    0x08000bb6   0x08000bb6   0x00000002   PAD
    0x08000bb8   0x08000bb8   0x00000008   Code   RO         6023    .text               mc_w.l(ctype_o.o)
    0x08000bc0   0x08000bc0   0x0000009e   Code   RO         6051    .text               mc_w.l(_strtoul.o)
    0x08000c5e   0x08000c5e   0x000000ba   Code   RO         6054    .text               mf_w.l(depilogue.o)
    0x08000d18   0x08000d18   0x0000001c   Code   RO         6056    .text               mc_w.l(_chval.o)
    0x08000d34   0x08000d34   0x00000056   Code   RO         6066    .text               mc_w.l(__dczerorl2.o)
    0x08000d8a   0x08000d8a   0x0000000a   Code   RO         4035    i.$Sub$$main        components.o
    0x08000d94   0x08000d94   0x00000004   Code   RO          389    i.BusFault_Handler  stm32f1xx_it.o
    0x08000d98   0x08000d98   0x00000002   Code   RO          390    i.DebugMon_Handler  stm32f1xx_it.o
    0x08000d9a   0x08000d9a   0x0000000c   Code   RO          391    i.EXTI15_10_IRQHandler  stm32f1xx_it.o
    0x08000da6   0x08000da6   0x00000002   Code   RO           13    i.Error_Handler     main.o
    0x08000da8   0x08000da8   0x00000002   Code   RO         1543    i.HAL_GPIO_EXTI_Callback  stm32f1xx_hal_gpio.o
    0x08000daa   0x08000daa   0x00000002   PAD
    0x08000dac   0x08000dac   0x0000001c   Code   RO         1544    i.HAL_GPIO_EXTI_IRQHandler  stm32f1xx_hal_gpio.o
    0x08000dc8   0x08000dc8   0x00000320   Code   RO         1545    i.HAL_GPIO_Init     stm32f1xx_hal_gpio.o
    0x080010e8   0x080010e8   0x00000010   Code   RO         1547    i.HAL_GPIO_ReadPin  stm32f1xx_hal_gpio.o
    0x080010f8   0x080010f8   0x0000000e   Code   RO         1548    i.HAL_GPIO_TogglePin  stm32f1xx_hal_gpio.o
    0x08001106   0x08001106   0x0000000c   Code   RO         1549    i.HAL_GPIO_WritePin  stm32f1xx_hal_gpio.o
    0x08001112   0x08001112   0x00000002   PAD
    0x08001114   0x08001114   0x0000000c   Code   RO         1236    i.HAL_GetTick       stm32f1xx_hal.o
    0x08001120   0x08001120   0x000001b8   Code   RO         3512    i.HAL_I2C_Init      stm32f1xx_hal_i2c.o
    0x080012d8   0x080012d8   0x00000310   Code   RO         3530    i.HAL_I2C_Mem_Read  stm32f1xx_hal_i2c.o
    0x080015e8   0x080015e8   0x00000164   Code   RO         3533    i.HAL_I2C_Mem_Write  stm32f1xx_hal_i2c.o
    0x0800174c   0x0800174c   0x00000050   Code   RO          874    i.HAL_I2C_MspInit   i2c.o
    0x0800179c   0x0800179c   0x00000028   Code   RO         1243    i.HAL_Init          stm32f1xx_hal.o
    0x080017c4   0x080017c4   0x0000004c   Code   RO         1244    i.HAL_InitTick      stm32f1xx_hal.o
    0x08001810   0x08001810   0x00000054   Code   RO          471    i.HAL_MspInit       stm32f1xx_hal_msp.o
    0x08001864   0x08001864   0x00000020   Code   RO         1705    i.HAL_NVIC_EnableIRQ  stm32f1xx_hal_cortex.o
    0x08001884   0x08001884   0x0000007c   Code   RO         1711    i.HAL_NVIC_SetPriority  stm32f1xx_hal_cortex.o
    0x08001900   0x08001900   0x00000028   Code   RO         1712    i.HAL_NVIC_SetPriorityGrouping  stm32f1xx_hal_cortex.o
    0x08001928   0x08001928   0x0000000c   Code   RO         1832    i.HAL_PWR_EnableBkUpAccess  stm32f1xx_hal_pwr.o
    0x08001934   0x08001934   0x00000118   Code   RO         1507    i.HAL_RCCEx_GetPeriphCLKFreq  stm32f1xx_hal_rcc_ex.o
    0x08001a4c   0x08001a4c   0x00000130   Code   RO         1508    i.HAL_RCCEx_PeriphCLKConfig  stm32f1xx_hal_rcc_ex.o
    0x08001b7c   0x08001b7c   0x0000018c   Code   RO         1400    i.HAL_RCC_ClockConfig  stm32f1xx_hal_rcc.o
    0x08001d08   0x08001d08   0x0000000c   Code   RO         1405    i.HAL_RCC_GetHCLKFreq  stm32f1xx_hal_rcc.o
    0x08001d14   0x08001d14   0x00000020   Code   RO         1407    i.HAL_RCC_GetPCLK1Freq  stm32f1xx_hal_rcc.o
    0x08001d34   0x08001d34   0x00000020   Code   RO         1408    i.HAL_RCC_GetPCLK2Freq  stm32f1xx_hal_rcc.o
    0x08001d54   0x08001d54   0x00000094   Code   RO         1409    i.HAL_RCC_GetSysClockFreq  stm32f1xx_hal_rcc.o
    0x08001de8   0x08001de8   0x00000464   Code   RO         1412    i.HAL_RCC_OscConfig  stm32f1xx_hal_rcc.o
    0x0800224c   0x0800224c   0x00000018   Code   RO         1123    i.HAL_RTCEx_BKUPRead  stm32f1xx_hal_rtc_ex.o
    0x08002264   0x08002264   0x00000018   Code   RO         1124    i.HAL_RTCEx_BKUPWrite  stm32f1xx_hal_rtc_ex.o
    0x0800227c   0x0800227c   0x00000052   Code   RO          953    i.HAL_RTC_GetDate   stm32f1xx_hal_rtc.o
    0x080022ce   0x080022ce   0x00000104   Code   RO          955    i.HAL_RTC_GetTime   stm32f1xx_hal_rtc.o
    0x080023d2   0x080023d2   0x00000002   PAD
    0x080023d4   0x080023d4   0x000000d0   Code   RO          956    i.HAL_RTC_Init      stm32f1xx_hal_rtc.o
    0x080024a4   0x080024a4   0x00000064   Code   RO          245    i.HAL_RTC_MspInit   rtc.o
    0x08002508   0x08002508   0x000000f8   Code   RO          962    i.HAL_RTC_SetDate   stm32f1xx_hal_rtc.o
    0x08002600   0x08002600   0x000000dc   Code   RO          963    i.HAL_RTC_SetTime   stm32f1xx_hal_rtc.o
    0x080026dc   0x080026dc   0x00000040   Code   RO          964    i.HAL_RTC_WaitForSynchro  stm32f1xx_hal_rtc.o
    0x0800271c   0x0800271c   0x00000034   Code   RO         1716    i.HAL_SYSTICK_Config  stm32f1xx_hal_cortex.o
    0x08002750   0x08002750   0x00000054   Code   RO         2937    i.HAL_TIMEx_MasterConfigSynchronization  stm32f1xx_hal_tim_ex.o
    0x080027a4   0x080027a4   0x00000058   Code   RO          293    i.HAL_TIM_MspPostInit  tim.o
    0x080027fc   0x080027fc   0x00000108   Code   RO         2300    i.HAL_TIM_PWM_ConfigChannel  stm32f1xx_hal_tim.o
    0x08002904   0x08002904   0x00000034   Code   RO         2303    i.HAL_TIM_PWM_Init  stm32f1xx_hal_tim.o
    0x08002938   0x08002938   0x00000030   Code   RO          295    i.HAL_TIM_PWM_MspInit  tim.o
    0x08002968   0x08002968   0x0000004c   Code   RO         2308    i.HAL_TIM_PWM_Start  stm32f1xx_hal_tim.o
    0x080029b4   0x080029b4   0x00000072   Code   RO         3195    i.HAL_UART_Init     stm32f1xx_hal_uart.o
    0x08002a26   0x08002a26   0x00000002   PAD
    0x08002a28   0x08002a28   0x00000138   Code   RO          342    i.HAL_UART_MspInit  usart.o
    0x08002b60   0x08002b60   0x000000d6   Code   RO         3203    i.HAL_UART_Transmit  stm32f1xx_hal_uart.o
    0x08002c36   0x08002c36   0x00000002   PAD
    0x08002c38   0x08002c38   0x00000244   Code   RO         5567    i.HTS221_Calibration  hts221.o
    0x08002e7c   0x08002e7c   0x000001d0   Code   RO         5568    i.HTS221_GetHumidity  hts221.o
    0x0800304c   0x0800304c   0x00000174   Code   RO         5569    i.HTS221_GetTemperature  hts221.o
    0x080031c0   0x080031c0   0x0000004a   Code   RO         5570    i.HTS221_who_am_i   hts221.o
    0x0800320a   0x0800320a   0x0000003e   Code   RO         3555    i.I2C_IsAcknowledgeFailed  stm32f1xx_hal_i2c.o
    0x08003248   0x08003248   0x0000002c   Code   RO         5571    i.I2C_Read          hts221.o
    0x08003274   0x08003274   0x00000138   Code   RO         3565    i.I2C_RequestMemoryRead  stm32f1xx_hal_i2c.o
    0x080033ac   0x080033ac   0x000000cc   Code   RO         3566    i.I2C_RequestMemoryWrite  stm32f1xx_hal_i2c.o
    0x08003478   0x08003478   0x0000005c   Code   RO         3574    i.I2C_WaitOnBTFFlagUntilTimeout  stm32f1xx_hal_i2c.o
    0x080034d4   0x080034d4   0x00000086   Code   RO         3575    i.I2C_WaitOnFlagUntilTimeout  stm32f1xx_hal_i2c.o
    0x0800355a   0x0800355a   0x000000c4   Code   RO         3576    i.I2C_WaitOnMasterAddressFlagUntilTimeout  stm32f1xx_hal_i2c.o
    0x0800361e   0x0800361e   0x00000080   Code   RO         3577    i.I2C_WaitOnRXNEFlagUntilTimeout  stm32f1xx_hal_i2c.o
    0x0800369e   0x0800369e   0x0000005c   Code   RO         3579    i.I2C_WaitOnTXEFlagUntilTimeout  stm32f1xx_hal_i2c.o
    0x080036fa   0x080036fa   0x00000002   PAD
    0x080036fc   0x080036fc   0x0000002c   Code   RO         5572    i.I2C_Write         hts221.o
    0x08003728   0x08003728   0x000000ec   Code   RO          220    i.MX_GPIO_Init      gpio.o
    0x08003814   0x08003814   0x00000038   Code   RO          875    i.MX_I2C1_Init      i2c.o
    0x0800384c   0x0800384c   0x00000094   Code   RO          246    i.MX_RTC_Init       rtc.o
    0x080038e0   0x080038e0   0x000000a8   Code   RO          296    i.MX_TIM3_Init      tim.o
    0x08003988   0x08003988   0x00000038   Code   RO          343    i.MX_USART1_UART_Init  usart.o
    0x080039c0   0x080039c0   0x00000038   Code   RO          344    i.MX_USART2_UART_Init  usart.o
    0x080039f8   0x080039f8   0x00000004   Code   RO          392    i.MemManage_Handler  stm32f1xx_it.o
    0x080039fc   0x080039fc   0x00000002   Code   RO          393    i.NMI_Handler       stm32f1xx_it.o
    0x080039fe   0x080039fe   0x00000002   PAD
    0x08003a00   0x08003a00   0x00000028   Code   RO         1413    i.RCC_Delay         stm32f1xx_hal_rcc.o
    0x08003a28   0x08003a28   0x00000016   Code   RO          965    i.RTC_Bcd2ToByte    stm32f1xx_hal_rtc.o
    0x08003a3e   0x08003a3e   0x0000001a   Code   RO          966    i.RTC_ByteToBcd2    stm32f1xx_hal_rtc.o
    0x08003a58   0x08003a58   0x000000b6   Code   RO          967    i.RTC_DateUpdate    stm32f1xx_hal_rtc.o
    0x08003b0e   0x08003b0e   0x0000003a   Code   RO          968    i.RTC_EnterInitMode  stm32f1xx_hal_rtc.o
    0x08003b48   0x08003b48   0x0000003a   Code   RO          969    i.RTC_ExitInitMode  stm32f1xx_hal_rtc.o
    0x08003b82   0x08003b82   0x00000002   PAD
    0x08003b84   0x08003b84   0x00000028   Code   RO          394    i.RTC_IRQHandler    stm32f1xx_it.o
    0x08003bac   0x08003bac   0x00000032   Code   RO          970    i.RTC_IsLeapYear    stm32f1xx_hal_rtc.o
    0x08003bde   0x08003bde   0x00000018   Code   RO          971    i.RTC_ReadAlarmCounter  stm32f1xx_hal_rtc.o
    0x08003bf6   0x08003bf6   0x00000034   Code   RO          972    i.RTC_ReadTimeCounter  stm32f1xx_hal_rtc.o
    0x08003c2a   0x08003c2a   0x00000084   Code   RO          973    i.RTC_WeekDayNum    stm32f1xx_hal_rtc.o
    0x08003cae   0x08003cae   0x0000002e   Code   RO          974    i.RTC_WriteAlarmCounter  stm32f1xx_hal_rtc.o
    0x08003cdc   0x08003cdc   0x0000002e   Code   RO          975    i.RTC_WriteTimeCounter  stm32f1xx_hal_rtc.o
    0x08003d0a   0x08003d0a   0x00000002   Code   RO          395    i.SVC_Handler       stm32f1xx_it.o
    0x08003d0c   0x08003d0c   0x00000038   Code   RO         5485    i.SetMotorSpeed     com.o
    0x08003d44   0x08003d44   0x00000050   Code   RO          707    i.StrToHex          aepservicecodes.o
    0x08003d94   0x08003d94   0x00000010   Code   RO          495    i.SysTick_Handler   board.o
    0x08003da4   0x08003da4   0x000000a0   Code   RO           14    i.SystemClock_Config  main.o
    0x08003e44   0x08003e44   0x000000a4   Code   RO         3963    i.SystemCoreClockUpdate  system_stm32f1xx.o
    0x08003ee8   0x08003ee8   0x00000058   Code   RO         3964    i.SystemInit        system_stm32f1xx.o
    0x08003f40   0x08003f40   0x00000074   Code   RO         2321    i.TIM_Base_SetConfig  stm32f1xx_hal_tim.o
    0x08003fb4   0x08003fb4   0x00000022   Code   RO         2322    i.TIM_CCxChannelCmd  stm32f1xx_hal_tim.o
    0x08003fd6   0x08003fd6   0x00000002   PAD
    0x08003fd8   0x08003fd8   0x00000060   Code   RO         2334    i.TIM_OC1_SetConfig  stm32f1xx_hal_tim.o
    0x08004038   0x08004038   0x00000068   Code   RO         2335    i.TIM_OC2_SetConfig  stm32f1xx_hal_tim.o
    0x080040a0   0x080040a0   0x00000068   Code   RO         2336    i.TIM_OC3_SetConfig  stm32f1xx_hal_tim.o
    0x08004108   0x08004108   0x00000048   Code   RO         2337    i.TIM_OC4_SetConfig  stm32f1xx_hal_tim.o
    0x08004150   0x08004150   0x000001a0   Code   RO         3222    i.UART_SetConfig    stm32f1xx_hal_uart.o
    0x080042f0   0x080042f0   0x0000006c   Code   RO         3224    i.UART_WaitOnFlagUntilTimeout  stm32f1xx_hal_uart.o
    0x0800435c   0x0800435c   0x0000005c   Code   RO          396    i.USART1_IRQHandler  stm32f1xx_it.o
    0x080043b8   0x080043b8   0x00000068   Code   RO          397    i.USART2_IRQHandler  stm32f1xx_it.o
    0x08004420   0x08004420   0x00000004   Code   RO          398    i.UsageFault_Handler  stm32f1xx_it.o
    0x08004424   0x08004424   0x00000030   Code   RO          496    i._SysTick_Config   board.o
    0x08004454   0x08004454   0x00000028   Code   RO         5895    i.__0sprintf        mc_w.l(printfa.o)
    0x0800447c   0x0800447c   0x00000010   Code   RO         1718    i.__NVIC_GetPriorityGrouping  stm32f1xx_hal_cortex.o
    0x0800448c   0x0800448c   0x00000028   Code   RO         1719    i.__NVIC_SetPriority  stm32f1xx_hal_cortex.o
    0x080044b4   0x080044b4   0x00000008   Code   RO         5994    i.__aeabi_errno_addr  mc_w.l(errno.o)
    0x080044bc   0x080044bc   0x0000004c   Code   RO         4403    i.__rt_ffs          kservice.o
    0x08004508   0x08004508   0x0000000e   Code   RO         6060    i.__scatterload_copy  mc_w.l(handlers.o)
    0x08004516   0x08004516   0x00000002   Code   RO         6061    i.__scatterload_null  mc_w.l(handlers.o)
    0x08004518   0x08004518   0x0000000e   Code   RO         6062    i.__scatterload_zeroinit  mc_w.l(handlers.o)
    0x08004526   0x08004526   0x00000002   PAD
    0x08004528   0x08004528   0x00000184   Code   RO         5900    i._fp_digits        mc_w.l(printfa.o)
    0x080046ac   0x080046ac   0x00000014   Code   RO         4109    i._has_defunct_thread  idle.o
    0x080046c0   0x080046c0   0x0000006a   Code   RO         5218    i._msh_exec_cmd     msh.o
    0x0800472a   0x0800472a   0x00000002   PAD
    0x0800472c   0x0800472c   0x000006dc   Code   RO         5901    i._printf_core      mc_w.l(printfa.o)
    0x08004e08   0x08004e08   0x00000024   Code   RO         5902    i._printf_post_padding  mc_w.l(printfa.o)
    0x08004e2c   0x08004e2c   0x0000002e   Code   RO         5903    i._printf_pre_padding  mc_w.l(printfa.o)
    0x08004e5a   0x08004e5a   0x00000002   PAD
    0x08004e5c   0x08004e5c   0x00000084   Code   RO         4829    i._rt_thread_init   thread.o
    0x08004ee0   0x08004ee0   0x00000042   Code   RO         4950    i._rt_timer_init    timer.o
    0x08004f22   0x08004f22   0x0000002e   Code   RO         4951    i._rt_timer_remove  timer.o
    0x08004f50   0x08004f50   0x0000000a   Code   RO         5905    i._sputc            mc_w.l(printfa.o)
    0x08004f5a   0x08004f5a   0x00000002   PAD
    0x08004f5c   0x08004f5c   0x00000030   Code   RO          710    i.aep_htoni         aepservicecodes.o
    0x08004f8c   0x08004f8c   0x00000020   Code   RO          712    i.aep_htons         aepservicecodes.o
    0x08004fac   0x08004fac   0x00000120   Code   RO         5486    i.at_send_cmd       com.o
    0x080050cc   0x080050cc   0x00000124   Code   RO          547    i.bc28_get_module_info  bc28_thread.o
    0x080051f0   0x080051f0   0x0000013c   Code   RO          548    i.bc28_get_module_stats  bc28_thread.o
    0x0800532c   0x0800532c   0x00000030   Code   RO          549    i.bc28_init_thread_entry  bc28_thread.o
    0x0800535c   0x0800535c   0x00000030   Code   RO          550    i.bc28_set_para     bc28_thread.o
    0x0800538c   0x0800538c   0x000000fc   Code   RO         5057    i.bus_fault_track   cpuport.o
    0x08005488   0x08005488   0x00000074   Code   RO         5487    i.calibration_rtc_from_iot_module  com.o
    0x080054fc   0x080054fc   0x000000e0   Code   RO          551    i.check_bc28_auto_registration  bc28_thread.o
    0x080055dc   0x080055dc   0x0000000e   Code   RO         5219    i.cmd_free          msh.o
    0x080055ea   0x080055ea   0x0000000e   Code   RO         5220    i.cmd_ps            msh.o
    0x080055f8   0x080055f8   0x000000a0   Code   RO          614    i.creat_user_task   user_main.o
    0x08005698   0x08005698   0x00000078   Code   RO         5489    i.datetime          com.o
    0x08005710   0x08005710   0x00000020   Code   RO         5490    i.dec2hex           com.o
    0x08005730   0x08005730   0x000001b0   Code   RO          719    i.decodeCmdDownFromStr  aepservicecodes.o
    0x080058e0   0x080058e0   0x00000074   Code   RO         5299    i.finsh_get_prompt  shell.o
    0x08005954   0x08005954   0x00000008   Code   RO         5301    i.finsh_getchar     shell.o
    0x0800595c   0x0800595c   0x0000001c   Code   RO         5304    i.finsh_set_prompt_mode  shell.o
    0x08005978   0x08005978   0x00000014   Code   RO         5305    i.finsh_system_function_init  shell.o
    0x0800598c   0x0800598c   0x00000098   Code   RO         5306    i.finsh_system_init  shell.o
    0x08005a24   0x08005a24   0x000003c8   Code   RO         5308    i.finsh_thread_entry  shell.o
    0x08005dec   0x08005dec   0x000000fc   Code   RO         5491    i.get_module_time   com.o
    0x08005ee8   0x08005ee8   0x0000003c   Code   RO          720    i.get_power_consumption_DecodeCmdDown  aepservicecodes.o
    0x08005f24   0x08005f24   0x00000080   Code   RO         5058    i.hard_fault_track  cpuport.o
    0x08005fa4   0x08005fa4   0x00000020   Code   RO         5120    i.hello             cmd.o
    0x08005fc4   0x08005fc4   0x00000088   Code   RO          649    i.iot_check_net_status_entry  iot_thread.o
    0x0800604c   0x0800604c   0x000000a0   Code   RO          650    i.iot_creat_user_task  iot_thread.o
    0x080060ec   0x080060ec   0x00000054   Code   RO          651    i.iot_recv_data_deal_entry  iot_thread.o
    0x08006140   0x08006140   0x00000048   Code   RO         5492    i.key_scan          com.o
    0x08006188   0x08006188   0x0000003c   Code   RO          615    i.led_task_entry    user_main.o
    0x080061c4   0x080061c4   0x00000058   Code   RO         5121    i.list              cmd.o
    0x0800621c   0x0800621c   0x00000144   Code   RO         5122    i.list_event        cmd.o
    0x08006360   0x08006360   0x0000002a   Code   RO         5123    i.list_find_init    cmd.o
    0x0800638a   0x0800638a   0x00000088   Code   RO         5124    i.list_get_next     cmd.o
    0x08006412   0x08006412   0x00000002   PAD
    0x08006414   0x08006414   0x0000015c   Code   RO         5125    i.list_mailbox      cmd.o
    0x08006570   0x08006570   0x00000078   Code   RO         4596    i.list_mem          mem.o
    0x080065e8   0x080065e8   0x0000010c   Code   RO         5126    i.list_mutex        cmd.o
    0x080066f4   0x080066f4   0x00000138   Code   RO         5127    i.list_sem          cmd.o
    0x0800682c   0x0800682c   0x000001e4   Code   RO         5128    i.list_thread       cmd.o
    0x08006a10   0x08006a10   0x00000160   Code   RO         5129    i.list_timer        cmd.o
    0x08006b70   0x08006b70   0x00000208   Code   RO           15    i.main              main.o
    0x08006d78   0x08006d78   0x0000000e   Code   RO         4036    i.main_thread_entry  components.o
    0x08006d86   0x08006d86   0x00000002   PAD
    0x08006d88   0x08006d88   0x0000006c   Code   RO         5922    i.malloc            mc_w.l(malloc.o)
    0x08006df4   0x08006df4   0x000000e8   Code   RO         5059    i.mem_manage_fault_track  cpuport.o
    0x08006edc   0x08006edc   0x00000048   Code   RO          722    i.motor_speed_control_DecodeCmdDown  aepservicecodes.o
    0x08006f24   0x08006f24   0x000000a0   Code   RO         5221    i.msh_auto_complete  msh.o
    0x08006fc4   0x08006fc4   0x0000006c   Code   RO         5222    i.msh_exec          msh.o
    0x08007030   0x08007030   0x0000005c   Code   RO         5223    i.msh_get_cmd       msh.o
    0x0800708c   0x0800708c   0x00000074   Code   RO         5224    i.msh_help          msh.o
    0x08007100   0x08007100   0x00000004   Code   RO         5225    i.msh_is_used       msh.o
    0x08007104   0x08007104   0x000000f0   Code   RO         5226    i.msh_split         msh.o
    0x080071f4   0x080071f4   0x0000001c   Code   RO         5130    i.object_split      cmd.o
    0x08007210   0x08007210   0x00000078   Code   RO         4597    i.plug_holes        mem.o
    0x08007288   0x08007288   0x00000198   Code   RO         4405    i.print_number      kservice.o
    0x08007420   0x08007420   0x0000000c   Code   RO         5227    i.reboot            msh.o
    0x0800742c   0x0800742c   0x0000002c   Code   RO         5493    i.reboot_module     com.o
    0x08007458   0x08007458   0x00000134   Code   RO          652    i.recv_urc_data_deal  iot_thread.o
    0x0800758c   0x0800758c   0x00000030   Code   RO         4037    i.rt_application_init  components.o
    0x080075bc   0x080075bc   0x00000022   Code   RO         4598    i.rt_calloc         mem.o
    0x080075de   0x080075de   0x00000002   PAD
    0x080075e0   0x080075e0   0x0000001c   Code   RO         4038    i.rt_components_board_init  components.o
    0x080075fc   0x080075fc   0x0000001c   Code   RO         4039    i.rt_components_init  components.o
    0x08007618   0x08007618   0x00000020   Code   RO         4757    i.rt_enter_critical  scheduler.o
    0x08007638   0x08007638   0x00000044   Code   RO         4758    i.rt_exit_critical  scheduler.o
    0x0800767c   0x0800767c   0x000000e0   Code   RO         4599    i.rt_free           mem.o
    0x0800775c   0x0800775c   0x00000008   Code   RO          497    i.rt_heap_begin_get  board.o
    0x08007764   0x08007764   0x00000008   Code   RO          498    i.rt_heap_end_get   board.o
    0x0800776c   0x0800776c   0x0000003c   Code   RO          499    i.rt_hw_board_init  board.o
    0x080077a8   0x080077a8   0x0000002c   Code   RO         5309    i.rt_hw_console_getchar  shell.o
    0x080077d4   0x080077d4   0x00000044   Code   RO         4408    i.rt_hw_console_output  kservice.o
    0x08007818   0x08007818   0x00000010   Code   RO         5060    i.rt_hw_cpu_reset   cpuport.o
    0x08007828   0x08007828   0x00000208   Code   RO         5063    i.rt_hw_hard_fault_exception  cpuport.o
    0x08007a30   0x08007a30   0x0000004c   Code   RO         5064    i.rt_hw_stack_init  cpuport.o
    0x08007a7c   0x08007a7c   0x00000020   Code   RO         4373    i.rt_interrupt_enter  irq.o
    0x08007a9c   0x08007a9c   0x00000020   Code   RO         4375    i.rt_interrupt_leave  irq.o
    0x08007abc   0x08007abc   0x00000014   Code   RO         4156    i.rt_ipc_list_resume  ipc.o
    0x08007ad0   0x08007ad0   0x0000006c   Code   RO         4158    i.rt_ipc_list_suspend  ipc.o
    0x08007b3c   0x08007b3c   0x00000010   Code   RO         4159    i.rt_ipc_object_init  ipc.o
    0x08007b4c   0x08007b4c   0x00000030   Code   RO         4409    i.rt_kprintf        kservice.o
    0x08007b7c   0x08007b7c   0x00000006   Code   RO         4160    i.rt_list_init      ipc.o
    0x08007b82   0x08007b82   0x00000006   Code   RO         4759    i.rt_list_init      scheduler.o
    0x08007b88   0x08007b88   0x00000006   Code   RO         4952    i.rt_list_init      timer.o
    0x08007b8e   0x08007b8e   0x0000000e   Code   RO         4681    i.rt_list_insert_after  object.o
    0x08007b9c   0x08007b9c   0x0000000e   Code   RO         4830    i.rt_list_insert_after  thread.o
    0x08007baa   0x08007baa   0x0000000e   Code   RO         4953    i.rt_list_insert_after  timer.o
    0x08007bb8   0x08007bb8   0x0000000e   Code   RO         4161    i.rt_list_insert_before  ipc.o
    0x08007bc6   0x08007bc6   0x00000010   Code   RO         4162    i.rt_list_isempty   ipc.o
    0x08007bd6   0x08007bd6   0x00000010   Code   RO         4954    i.rt_list_isempty   timer.o
    0x08007be6   0x08007be6   0x00000010   Code   RO         5131    i.rt_list_isempty   cmd.o
    0x08007bf6   0x08007bf6   0x00000014   Code   RO         5132    i.rt_list_len       cmd.o
    0x08007c0a   0x08007c0a   0x00000012   Code   RO         4682    i.rt_list_remove    object.o
    0x08007c1c   0x08007c1c   0x00000012   Code   RO         4831    i.rt_list_remove    thread.o
    0x08007c2e   0x08007c2e   0x00000002   PAD
    0x08007c30   0x08007c30   0x0000016c   Code   RO         4600    i.rt_malloc         mem.o
    0x08007d9c   0x08007d9c   0x00000042   Code   RO         4414    i.rt_memmove        kservice.o
    0x08007dde   0x08007dde   0x00000048   Code   RO         4415    i.rt_memset         kservice.o
    0x08007e26   0x08007e26   0x00000054   Code   RO         4683    i.rt_object_allocate  object.o
    0x08007e7a   0x08007e7a   0x00000024   Code   RO         4684    i.rt_object_delete  object.o
    0x08007e9e   0x08007e9e   0x0000001e   Code   RO         4685    i.rt_object_detach  object.o
    0x08007ebc   0x08007ebc   0x00000028   Code   RO         4687    i.rt_object_get_information  object.o
    0x08007ee4   0x08007ee4   0x00000058   Code   RO         4689    i.rt_object_init    object.o
    0x08007f3c   0x08007f3c   0x00000012   Code   RO         4690    i.rt_object_is_systemobject  object.o
    0x08007f4e   0x08007f4e   0x0000004c   Code   RO         5406    i.rt_ringbuffer_data_len  ringbuffer.o
    0x08007f9a   0x08007f9a   0x000000a4   Code   RO         5408    i.rt_ringbuffer_get  ringbuffer.o
    0x0800803e   0x0800803e   0x00000058   Code   RO         5409    i.rt_ringbuffer_getchar  ringbuffer.o
    0x08008096   0x08008096   0x00000030   Code   RO         5410    i.rt_ringbuffer_init  ringbuffer.o
    0x080080c6   0x080080c6   0x0000005a   Code   RO         5413    i.rt_ringbuffer_putchar  ringbuffer.o
    0x08008120   0x08008120   0x0000002a   Code   RO         5416    i.rt_ringbuffer_status  ringbuffer.o
    0x0800814a   0x0800814a   0x00000002   PAD
    0x0800814c   0x0800814c   0x000000c0   Code   RO         5494    i.rt_rtc_set_time   com.o
    0x0800820c   0x0800820c   0x00000084   Code   RO         4760    i.rt_schedule       scheduler.o
    0x08008290   0x08008290   0x00000050   Code   RO         4761    i.rt_schedule_insert_thread  scheduler.o
    0x080082e0   0x080082e0   0x00000054   Code   RO         4762    i.rt_schedule_remove_thread  scheduler.o
    0x08008334   0x08008334   0x00000026   Code   RO         4182    i.rt_sem_init       ipc.o
    0x0800835a   0x0800835a   0x0000003a   Code   RO         4183    i.rt_sem_release    ipc.o
    0x08008394   0x08008394   0x00000074   Code   RO         4184    i.rt_sem_take       ipc.o
    0x08008408   0x08008408   0x000000b0   Code   RO         4417    i.rt_show_version   kservice.o
    0x080084b8   0x080084b8   0x00000012   Code   RO         4423    i.rt_strlen         kservice.o
    0x080084ca   0x080084ca   0x00000034   Code   RO         4425    i.rt_strncpy        kservice.o
    0x080084fe   0x080084fe   0x00000002   PAD
    0x08008500   0x08008500   0x000000f8   Code   RO         4603    i.rt_system_heap_init  mem.o
    0x080085f8   0x080085f8   0x0000004c   Code   RO         4763    i.rt_system_scheduler_init  scheduler.o
    0x08008644   0x08008644   0x00000030   Code   RO         4764    i.rt_system_scheduler_start  scheduler.o
    0x08008674   0x08008674   0x0000001c   Code   RO         4955    i.rt_system_timer_init  timer.o
    0x08008690   0x08008690   0x00000002   Code   RO         4956    i.rt_system_timer_thread_init  timer.o
    0x08008692   0x08008692   0x00000050   Code   RO         4833    i.rt_thread_create  thread.o
    0x080086e2   0x080086e2   0x00000002   PAD
    0x080086e4   0x080086e4   0x00000054   Code   RO         4837    i.rt_thread_exit    thread.o
    0x08008738   0x08008738   0x00000008   Code   RO         4110    i.rt_thread_idle_entry  idle.o
    0x08008740   0x08008740   0x0000008c   Code   RO         4111    i.rt_thread_idle_excute  idle.o
    0x080087cc   0x080087cc   0x0000003c   Code   RO         4113    i.rt_thread_idle_init  idle.o
    0x08008808   0x08008808   0x00000034   Code   RO         4839    i.rt_thread_init    thread.o
    0x0800883c   0x0800883c   0x00000014   Code   RO         4840    i.rt_thread_mdelay  thread.o
    0x08008850   0x08008850   0x0000003c   Code   RO         4841    i.rt_thread_resume  thread.o
    0x0800888c   0x0800888c   0x0000000c   Code   RO         4842    i.rt_thread_self    thread.o
    0x08008898   0x08008898   0x00000044   Code   RO         4843    i.rt_thread_sleep   thread.o
    0x080088dc   0x080088dc   0x0000002c   Code   RO         4844    i.rt_thread_startup  thread.o
    0x08008908   0x08008908   0x00000044   Code   RO         4845    i.rt_thread_suspend  thread.o
    0x0800894c   0x0800894c   0x00000020   Code   RO         4846    i.rt_thread_timeout  thread.o
    0x0800896c   0x0800896c   0x00000064   Code   RO         4847    i.rt_thread_yield   thread.o
    0x080089d0   0x080089d0   0x00000038   Code   RO         3998    i.rt_tick_from_millisecond  clock.o
    0x08008a08   0x08008a08   0x0000000c   Code   RO         3999    i.rt_tick_get       clock.o
    0x08008a14   0x08008a14   0x00000030   Code   RO         4000    i.rt_tick_increase  clock.o
    0x08008a44   0x08008a44   0x0000007c   Code   RO         4957    i.rt_timer_check    timer.o
    0x08008ac0   0x08008ac0   0x00000038   Code   RO         4958    i.rt_timer_control  timer.o
    0x08008af8   0x08008af8   0x00000020   Code   RO         4961    i.rt_timer_detach   timer.o
    0x08008b18   0x08008b18   0x0000002e   Code   RO         4962    i.rt_timer_init     timer.o
    0x08008b46   0x08008b46   0x00000002   PAD
    0x08008b48   0x08008b48   0x000000f8   Code   RO         4965    i.rt_timer_start    timer.o
    0x08008c40   0x08008c40   0x00000030   Code   RO         4966    i.rt_timer_stop     timer.o
    0x08008c70   0x08008c70   0x00000330   Code   RO         4428    i.rt_vsnprintf      kservice.o
    0x08008fa0   0x08008fa0   0x00000004   Code   RO         4040    i.rti_board_end     components.o
    0x08008fa4   0x08008fa4   0x00000004   Code   RO         4041    i.rti_board_start   components.o
    0x08008fa8   0x08008fa8   0x00000004   Code   RO         4042    i.rti_end           components.o
    0x08008fac   0x08008fac   0x00000004   Code   RO         4043    i.rti_start         components.o
    0x08008fb0   0x08008fb0   0x0000002a   Code   RO         4044    i.rtthread_startup  components.o
    0x08008fda   0x08008fda   0x00000034   Code   RO          723    i.set_onoff_DecodeCmdDown  aepservicecodes.o
    0x0800900e   0x0800900e   0x00000040   Code   RO          725    i.set_reporttime_DecodeCmdDown  aepservicecodes.o
    0x0800904e   0x0800904e   0x00000002   PAD
    0x08009050   0x08009050   0x00000038   Code   RO         5310    i.shell_auto_complete  shell.o
    0x08009088   0x08009088   0x00000030   Code   RO         5133    i.show_wait_queue   cmd.o
    0x080090b8   0x080090b8   0x00000026   Code   RO         4430    i.skip_atoi         kservice.o
    0x080090de   0x080090de   0x00000020   Code   RO         5228    i.str_common        msh.o
    0x080090fe   0x080090fe   0x00000002   PAD
    0x08009100   0x08009100   0x000000e8   Code   RO         5065    i.usage_fault_track  cpuport.o
    0x080091e8   0x080091e8   0x00000098   Code   RO           16    i.user_init         main.o
    0x08009280   0x08009280   0x0000000a   Code   RO         5134    i.version           cmd.o
    0x0800928a   0x0800928a   0x00000018   Data   RO         3965    .constdata          system_stm32f1xx.o
    0x080092a2   0x080092a2   0x00000122   Data   RO         4432    .constdata          kservice.o
    0x080093c4   0x080093c4   0x00000009   Data   RO         4605    .constdata          mem.o
    0x080093cd   0x080093cd   0x000000cb   Data   RO         5135    .constdata          cmd.o
    0x08009498   0x08009498   0x0000002c   Data   RO         5229    .constdata          msh.o
    0x080094c4   0x080094c4   0x00000032   Data   RO         5495    .constdata          com.o
    0x080094f6   0x080094f6   0x0000000c   Data   RO         5638    .constdata          mc_w.l(mktime.o)
    0x08009502   0x08009502   0x0000000c   Data   RO         5990    .constdata          mc_w.l(localtime_i.o)
    0x0800950e   0x0800950e   0x00000081   Data   RO         6024    .constdata          mc_w.l(ctype_o.o)
    0x0800958f   0x0800958f   0x00000001   PAD
    0x08009590   0x08009590   0x00000004   Data   RO         6025    .constdata          mc_w.l(ctype_o.o)
    0x08009594   0x08009594   0x00000043   Data   RO          249    .conststring        rtc.o
    0x080095d7   0x080095d7   0x00000001   PAD
    0x080095d8   0x080095d8   0x00000016   Data   RO          616    .conststring        user_main.o
    0x080095ee   0x080095ee   0x00000002   PAD
    0x080095f0   0x080095f0   0x00000025   Data   RO          654    .conststring        iot_thread.o
    0x08009615   0x08009615   0x00000003   PAD
    0x08009618   0x08009618   0x00000044   Data   RO         5136    .conststring        cmd.o
    0x0800965c   0x0800965c   0x00000004   Data   RO         4045    .rti_fn.0           components.o
    0x08009660   0x08009660   0x00000004   Data   RO         4046    .rti_fn.0.end       components.o
    0x08009664   0x08009664   0x00000004   Data   RO         4047    .rti_fn.1.end       components.o
    0x08009668   0x08009668   0x00000004   Data   RO         5313    .rti_fn.6           shell.o
    0x0800966c   0x0800966c   0x00000004   Data   RO         4048    .rti_fn.6.end       components.o
    0x08009670   0x08009670   0x00000008   Data   RO         4607    FSymTab             mem.o
    0x08009678   0x08009678   0x00000080   Data   RO         5137    FSymTab             cmd.o
    0x080096f8   0x080096f8   0x00000020   Data   RO         5230    FSymTab             msh.o
    0x08009718   0x08009718   0x00000018   Data   RO         5496    FSymTab             com.o
    0x08009730   0x08009730   0x00000020   Data   RO         6058    Region$$Table       anon$$obj.o


    Execution Region RW_IRAM1 (Exec base: 0x20000000, Load base: 0x08009750, Size: 0x00002178, Max: 0x00005000, ABSOLUTE, COMPRESSED[0x0000007c])

    Exec Addr    Load Addr    Size         Type   Attr      Idx    E Section Name        Object

    0x20000000   COMPRESSED   0x00000007   Data   RW           18    .data               main.o
    0x20000007   COMPRESSED   0x00000001   PAD
    0x20000008   COMPRESSED   0x00000030   Data   RW          617    .data               user_main.o
    0x20000038   COMPRESSED   0x00000039   Data   RW          655    .data               iot_thread.o
    0x20000071   COMPRESSED   0x00000003   PAD
    0x20000074   COMPRESSED   0x00000004   Data   RW          730    .data               aepservicecodes.o
    0x20000078   COMPRESSED   0x00000009   Data   RW         1250    .data               stm32f1xx_hal.o
    0x20000081   COMPRESSED   0x00000003   PAD
    0x20000084   COMPRESSED   0x00000004   Data   RW         3966    .data               system_stm32f1xx.o
    0x20000088   COMPRESSED   0x00000004   Data   RW         4002    .data               clock.o
    0x2000008c   COMPRESSED   0x00000001   Data   RW         4376    .data               irq.o
    0x2000008d   COMPRESSED   0x00000003   PAD
    0x20000090   COMPRESSED   0x00000018   Data   RW         4606    .data               mem.o
    0x200000a8   COMPRESSED   0x00000060   Data   RW         4692    .data               object.o
    0x20000108   COMPRESSED   0x00000018   Data   RW         4766    .data               scheduler.o
    0x20000120   COMPRESSED   0x0000000c   Data   RW         4967    .data               timer.o
    0x2000012c   COMPRESSED   0x00000010   Data   RW         5066    .data               cpuport.o
    0x2000013c   COMPRESSED   0x00000018   Data   RW         5312    .data               shell.o
    0x20000154   COMPRESSED   0x00000018   Data   RW         5574    .data               hts221.o
    0x2000016c   COMPRESSED   0x00000004   Data   RW         5992    .data               mc_w.l(mvars.o)
    0x20000170   COMPRESSED   0x00000004   Data   RW         5993    .data               mc_w.l(mvars.o)
    0x20000174   COMPRESSED   0x00000004   Data   RW         5997    .data               mc_w.l(errno.o)
    0x20000178        -       0x00000244   Zero   RW           17    .bss                main.o
    0x200003bc        -       0x00000014   Zero   RW          248    .bss                rtc.o
    0x200003d0        -       0x00000040   Zero   RW          297    .bss                tim.o
    0x20000410        -       0x00000080   Zero   RW          345    .bss                usart.o
    0x20000490        -       0x00001000   Zero   RW          500    .bss                board.o
    0x20001490        -       0x00000073   Zero   RW          552    .bss                bc28_thread.o
    0x20001503        -       0x00000100   Zero   RW          653    .bss                iot_thread.o
    0x20001603   COMPRESSED   0x00000001   PAD
    0x20001604        -       0x00000054   Zero   RW          876    .bss                i2c.o
    0x20001658        -       0x00000180   Zero   RW         4114    .bss                idle.o
    0x200017d8        -       0x00000080   Zero   RW         4431    .bss                kservice.o
    0x20001858        -       0x00000020   Zero   RW         4604    .bss                mem.o
    0x20001878        -       0x00000050   Zero   RW         4765    .bss                scheduler.o
    0x200018c8        -       0x00000081   Zero   RW         5311    .bss                shell.o
    0x20001949   COMPRESSED   0x00000003   PAD
    0x2000194c        -       0x0000002c   Zero   RW         5987    .bss                mc_w.l(localtime_w.o)
    0x20001978        -       0x00000400   Zero   RW            2    HEAP                startup_stm32f103xb.o
    0x20001d78        -       0x00000400   Zero   RW            1    STACK               startup_stm32f103xb.o


==============================================================================

Image component sizes


      Code (inc. data)   RO Data    RW Data    ZI Data      Debug   Object Name

       840         82          0          4          0       6705   aepservicecodes.o
       928        270          0          0        115       3798   bc28_thread.o
       140         16          0          0       4096       3211   board.o
       116         12          0          4          0       1732   clock.o
      2508        862        399          0          0      16464   cmd.o
      1172        276         74          0          0       7092   com.o
       186         30         16          0          0       5700   components.o
       244         26          0          0          0        788   context_rvds.o
      1456        732          0         16          0       5904   cpuport.o
       236         16          0          0          0        963   gpio.o
      1578         80          0         24          0       6368   hts221.o
       136         28          0          0         84       1561   i2c.o
       228         32          0          0        384       5474   idle.o
       688        276         37         57        256       5959   iot_thread.o
       392          0          0          0          0       8109   ipc.o
        64         12          0          1          0       1550   irq.o
      1838        170        290          0        128      10113   kservice.o
       834        376          0          7        580     450814   main.o
      1110        310         17         24         32       5086   mem.o
       898        154         76          0          0       9634   msh.o
       328          4          0         96          0       8144   object.o
       508          0          0          0          0       4418   ringbuffer.o
       248         30         67          0         20       1667   rtc.o
       526         90          0         24         80       8314   scheduler.o
      1392        158          4         24        129      10579   shell.o
        36          8        236          0       2048        812   startup_stm32f103xb.o
       128         24          0          9          0       4843   stm32f1xx_hal.o
       304         22          0          0          0      29471   stm32f1xx_hal_cortex.o
       872         38          0          0          0       5104   stm32f1xx_hal_gpio.o
      2800         46          0          0          0      11374   stm32f1xx_hal_i2c.o
        84          8          0          0          0        882   stm32f1xx_hal_msp.o
        12          4          0          0          0        523   stm32f1xx_hal_pwr.o
      1784        110          0          0          0       6080   stm32f1xx_hal_rcc.o
       584         46          0          0          0       2429   stm32f1xx_hal_rcc_ex.o
      1778         18          0          0          0      13056   stm32f1xx_hal_rtc.o
        48         10          0          0          0       1795   stm32f1xx_hal_rtc_ex.o
       918         36          0          0          0       6888   stm32f1xx_hal_tim.o
        84          0          0          0          0       1280   stm32f1xx_hal_tim_ex.o
       852          4          0          0          0       3620   stm32f1xx_hal_uart.o
       266         30          0          0          0       4615   stm32f1xx_it.o
       252         40         24          4          0       1803   system_stm32f1xx.o
       784         36          0          0          0      11628   thread.o
       304         32          0          0         64       2267   tim.o
       732         20          0         12          0      10936   timer.o
       424         44          0          0        128       2343   usart.o
       220         34         22         48          0       1996   user_main.o

    ----------------------------------------------------------------------
     31900       4652       1300        364       8148     713892   Object Totals
         0          0         32          0          0          0   (incl. Generated)
        40          0          6         10          4          0   (incl. Padding)

    ----------------------------------------------------------------------

      Code (inc. data)   RO Data    RW Data    ZI Data      Debug   Library Member Name

        86          0          0          0          0          0   __dczerorl2.o
        28          0          0          0          0         68   _chval.o
       158          0          0          0          0         92   _strtoul.o
        26          0          0          0          0         80   atoi.o
         8          4        133          0          0         68   ctype_o.o
         0          0          0          0          0          0   entry.o
         0          0          0          0          0          0   entry10a.o
         0          0          0          0          0          0   entry11a.o
         8          4          0          0          0          0   entry2.o
         4          0          0          0          0          0   entry5.o
         0          0          0          0          0          0   entry7b.o
         0          0          0          0          0          0   entry8b.o
         8          4          0          0          0          0   entry9a.o
         8          4          0          4          0         68   errno.o
        30          0          0          0          0          0   handlers.o
        36          8          0          0          0         68   init.o
         0          0          0          0          0          0   iusefp.o
        30          0          0          0          0         68   llshl.o
        36          0          0          0          0         68   llsshr.o
        32          0          0          0          0         68   llushr.o
       140          6         12          0          0         76   localtime_i.o
        12          6          0          0         44         68   localtime_w.o
       108         16          0          0          0         84   malloc.o
        36          0          0          0          0         68   memcpya.o
        36          0          0          0          0        108   memseta.o
       168         18         12          0          0         80   mktime.o
         0          0          0          8          0          0   mvars.o
      2276         86          0          0          0        520   printfa.o
        24          0          0          0          0         68   strcat.o
        18          0          0          0          0         68   strcpy.o
        14          0          0          0          0         68   strlen.o
        30          0          0          0          0         80   strncmp.o
        24          0          0          0          0         76   strncpy.o
        36          0          0          0          0         80   strstr.o
       112          0          0          0          0         88   strtol.o
        12          0          0          0          0         68   toupper.o
        44          0          0          0          0         80   uidiv.o
        98          0          0          0          0         92   uldiv.o
        48          0          0          0          0         68   cdrcmple.o
       334          0          0          0          0        148   dadd.o
       222          0          0          0          0        100   ddiv.o
       186          0          0          0          0        176   depilogue.o
        48          0          0          0          0         68   dfixul.o
       228          0          0          0          0         96   dmul.o
        38          0          0          0          0         68   f2d.o
       176          0          0          0          0        140   fadd.o
       124          0          0          0          0         88   fdiv.o
       110          0          0          0          0        168   fepilogue.o
        40          0          0          0          0         68   ffixui.o
        18          0          0          0          0         68   fflti.o
        10          0          0          0          0         68   ffltui.o
       100          0          0          0          0         76   fmul.o

    ----------------------------------------------------------------------
      5378        156        158         12         44       3820   Library Totals
        10          0          1          0          0          0   (incl. Padding)

    ----------------------------------------------------------------------

      Code (inc. data)   RO Data    RW Data    ZI Data      Debug   Library Name

      3686        156        157         12         44       2420   mc_w.l
      1682          0          0          0          0       1400   mf_w.l

    ----------------------------------------------------------------------
      5378        156        158         12         44       3820   Library Totals

    ----------------------------------------------------------------------

==============================================================================


      Code (inc. data)   RO Data    RW Data    ZI Data      Debug   

     37278       4808       1458        376       8192     701928   Grand Totals
     37278       4808       1458        124       8192     701928   ELF Image Totals (compressed)
     37278       4808       1458        124          0          0   ROM Totals

==============================================================================

    Total RO  Size (Code + RO Data)                38736 (  37.83kB)
    Total RW  Size (RW Data + ZI Data)              8568 (   8.37kB)
    Total ROM Size (Code + RO Data + RW Data)      38860 (  37.95kB)

==============================================================================

