<html>
<body>
<pre>
<h1>µVision Build Log</h1>
<h2>Tool Versions:</h2>
IDE-Version: ¦ÌVision V5.31.0.0
Copyright (C) 2020 ARM Ltd and ARM Germany GmbH. All rights reserved.
License Information: 112 1422496829@qq.com, 211, LIC=21E4T-R71IX-SBDEJ-U2B05-ND0AZ-10KWL
 
Tool Versions:
Toolchain:       MDK-ARM Plus  Version: 5.31.0.0
Toolchain Path:  D:\Keil_v5\ARM\ARMCC\Bin
C Compiler:      Armcc.exe V5.06 update 6 (build 750)
Assembler:       Armasm.exe V5.06 update 6 (build 750)
Linker/Locator:  ArmLink.exe V5.06 update 6 (build 750)
Library Manager: ArmAr.exe V5.06 update 6 (build 750)
Hex Converter:   FromElf.exe V5.06 update 6 (build 750)
CPU DLL:         SARMCM3.DLL V5.31.0.0
Dialog DLL:      DCM.DLL V1.17.3.0
Target DLL:      STLink\ST-LINKIII-KEIL_SWO.dll V3.0.7.0
Dialog DLL:      TCM.DLL V1.46.0.0
 
<h2>Project:</h2>
D:\SourceCode\STM32\CTWingSkit_BC28\CTWing_Skit_BC28_RT_Nano\MDK-ARM\CTWing_Skit_BC28.uvprojx
Project File Date:  08/12/2020

<h2>Output:</h2>
*** Using Compiler 'V5.06 update 6 (build 750)', folder: 'D:\Keil_v5\ARM\ARMCC\Bin'
Build target 'Ctwing_SKIT_BC28'
assembling startup_stm32f103xb.s...
compiling tim.c...
compiling stm32f1xx_hal_msp.c...
compiling gpio.c...
compiling usart.c...
compiling rtc.c...
compiling stm32f1xx_it.c...
compiling main.c...
compiling i2c.c...
compiling stm32f1xx_hal_gpio_ex.c...
compiling board.c...
compiling AepServiceCodes.c...
compiling bc28_thread.c...
compiling user_main.c...
compiling iot_thread.c...
compiling stm32f1xx_hal_gpio.c...
compiling stm32f1xx_hal_rtc.c...
compiling stm32f1xx_hal.c...
compiling stm32f1xx_hal_dma.c...
compiling stm32f1xx_hal_rcc_ex.c...
compiling stm32f1xx_hal_rtc_ex.c...
compiling stm32f1xx_hal_rcc.c...
compiling stm32f1xx_hal_pwr.c...
compiling stm32f1xx_hal_cortex.c...
compiling stm32f1xx_hal_exti.c...
compiling stm32f1xx_hal_flash_ex.c...
compiling stm32f1xx_hal_flash.c...
compiling stm32f1xx_hal_tim_ex.c...
compiling clock.c...
compiling components.c...
compiling cpu.c...
compiling idle.c...
compiling ipc.c...
compiling irq.c...
compiling stm32f1xx_hal_tim.c...
compiling memheap.c...
compiling mem.c...
compiling mempool.c...
compiling object.c...
compiling scheduler.c...
compiling slab.c...
compiling thread.c...
compiling timer.c...
compiling cpuport.c...
assembling context_rvds.S...
compiling cmd.c...
compiling msh.c...
compiling ringbuffer.c...
compiling system_stm32f1xx.c...
compiling stm32f1xx_hal_uart.c...
compiling kservice.c...
compiling stm32f1xx_hal_i2c.c...
compiling shell.c...
compiling com.c...
..\com\com.c(290): warning:  #940-D: missing return statement at end of non-void function "rt_rtc_set_time" 
  }
..\com\com.c(253): warning:  #177-D: variable "data"  was declared but never referenced
       char * data=0;
..\com\com.c: 2 warnings, 0 errors
compiling HTS221.c...
linking...
Program Size: Code=37278 RO-data=1458 RW-data=376 ZI-data=8192  
FromELF: creating hex file...
"Ctwing_SKIT_BC28\Ctwing_SKIT_BC28.axf" - 0 Error(s), 2 Warning(s).

<h2>Software Packages used:</h2>

Package Vendor: ARM
                http://www.keil.com/pack/ARM.CMSIS.5.7.0.pack
                ARM.CMSIS.5.7.0
                CMSIS (Cortex Microcontroller Software Interface Standard)
   * Component: CORE Version: 5.4.0

Package Vendor: Keil
                http://www.keil.com/pack/Keil.STM32F1xx_DFP.2.3.0.pack
                Keil.STM32F1xx_DFP.2.3.0
                STMicroelectronics STM32F1 Series Device Support, Drivers and Examples

<h2>Collection of Component include folders:</h2>
  .\RTE\_Ctwing_SKIT_BC28
  D:\Keil_v5\Arm\Packs\ARM\CMSIS\5.7.0\CMSIS\Core\Include
  D:\Keil_v5\Arm\Packs\Keil\STM32F1xx_DFP\2.3.0\Device\Include

<h2>Collection of Component Files used:</h2>

   * Component: ARM::CMSIS:CORE:5.4.0
Build Time Elapsed:  00:00:20
</pre>
</body>
</html>
