Component: ARM Compiler 5.06 update 6 (build 750) Tool: armlink [4d35ed]

==============================================================================

Section Cross References

    startup_stm32f103xb.o(RESET) refers to startup_stm32f103xb.o(STACK) for __initial_sp
    startup_stm32f103xb.o(RESET) refers to startup_stm32f103xb.o(.text) for Reset_Handler
    startup_stm32f103xb.o(RESET) refers to stm32f1xx_it.o(i.NMI_Handler) for NMI_Handler
    startup_stm32f103xb.o(RESET) refers to context_rvds.o(.text) for HardFault_Handler
    startup_stm32f103xb.o(RESET) refers to stm32f1xx_it.o(i.MemManage_Handler) for MemManage_Handler
    startup_stm32f103xb.o(RESET) refers to stm32f1xx_it.o(i.BusFault_Handler) for BusFault_Handler
    startup_stm32f103xb.o(RESET) refers to stm32f1xx_it.o(i.UsageFault_Handler) for UsageFault_Handler
    startup_stm32f103xb.o(RESET) refers to stm32f1xx_it.o(i.SVC_Handler) for SVC_Handler
    startup_stm32f103xb.o(RESET) refers to stm32f1xx_it.o(i.DebugMon_Handler) for DebugMon_Handler
    startup_stm32f103xb.o(RESET) refers to board.o(i.SysTick_Handler) for SysTick_Handler
    startup_stm32f103xb.o(RESET) refers to stm32f1xx_it.o(i.RTC_IRQHandler) for RTC_IRQHandler
    startup_stm32f103xb.o(RESET) refers to stm32f1xx_it.o(i.USART1_IRQHandler) for USART1_IRQHandler
    startup_stm32f103xb.o(RESET) refers to stm32f1xx_it.o(i.USART2_IRQHandler) for USART2_IRQHandler
    startup_stm32f103xb.o(RESET) refers to stm32f1xx_it.o(i.EXTI15_10_IRQHandler) for EXTI15_10_IRQHandler
    startup_stm32f103xb.o(RESET) refers to stm32f1xx_it.o(i.RTC_Alarm_IRQHandler) for RTC_Alarm_IRQHandler
    startup_stm32f103xb.o(.text) refers to system_stm32f1xx.o(i.SystemInit) for SystemInit
    startup_stm32f103xb.o(.text) refers to entry.o(.ARM.Collect$$$$00000000) for __main
    main.o(i.Error_Handler) refers to kservice.o(i.rt_kprintf) for rt_kprintf
    main.o(i.SystemClock_Config) refers to memseta.o(.text) for __aeabi_memclr4
    main.o(i.SystemClock_Config) refers to stm32f1xx_hal_rcc.o(i.HAL_RCC_OscConfig) for HAL_RCC_OscConfig
    main.o(i.SystemClock_Config) refers to main.o(i.Error_Handler) for Error_Handler
    main.o(i.SystemClock_Config) refers to stm32f1xx_hal_rcc.o(i.HAL_RCC_ClockConfig) for HAL_RCC_ClockConfig
    main.o(i.SystemClock_Config) refers to stm32f1xx_hal_rcc_ex.o(i.HAL_RCCEx_PeriphCLKConfig) for HAL_RCCEx_PeriphCLKConfig
    main.o(i.SystemClock_Config) refers to gpio.o(i.MX_GPIO_Init) for MX_GPIO_Init
    main.o(i.SystemClock_Config) refers to rtc.o(i.MX_RTC_Init) for MX_RTC_Init
    main.o(i.SystemClock_Config) refers to tim.o(i.MX_TIM3_Init) for MX_TIM3_Init
    main.o(i.SystemClock_Config) refers to usart.o(i.MX_USART1_UART_Init) for MX_USART1_UART_Init
    main.o(i.SystemClock_Config) refers to usart.o(i.MX_USART2_UART_Init) for MX_USART2_UART_Init
    main.o(i.SystemClock_Config) refers to i2c.o(i.MX_I2C1_Init) for MX_I2C1_Init
    main.o(i.main) refers to stm32f1xx_hal_rcc.o(i.HAL_RCC_GetHCLKFreq) for HAL_RCC_GetHCLKFreq
    main.o(i.main) refers to kservice.o(i.rt_kprintf) for rt_kprintf
    main.o(i.main) refers to stm32f1xx_hal_rcc.o(i.HAL_RCC_GetPCLK1Freq) for HAL_RCC_GetPCLK1Freq
    main.o(i.main) refers to stm32f1xx_hal_rcc.o(i.HAL_RCC_GetPCLK2Freq) for HAL_RCC_GetPCLK2Freq
    main.o(i.main) refers to main.o(i.user_init) for user_init
    main.o(i.main) refers to user_main.o(i.creat_user_task) for creat_user_task
    main.o(i.main) refers to memseta.o(.text) for __aeabi_memclr4
    main.o(i.main) refers to stm32f1xx_hal_gpio.o(i.HAL_GPIO_ReadPin) for HAL_GPIO_ReadPin
    main.o(i.main) refers to stm32f1xx_hal_gpio.o(i.HAL_GPIO_WritePin) for HAL_GPIO_WritePin
    main.o(i.main) refers to thread.o(i.rt_thread_mdelay) for rt_thread_mdelay
    main.o(i.main) refers to com.o(i.key_scan) for key_scan
    main.o(i.main) refers to rtc.o(i.rt_rtc_f1_bkp_update) for rt_rtc_f1_bkp_update
    main.o(i.main) refers to hts221.o(i.HTS221_GetHumidity) for HTS221_GetHumidity
    main.o(i.main) refers to hts221.o(i.HTS221_GetTemperature) for HTS221_GetTemperature
    main.o(i.main) refers to f2d.o(.text) for __aeabi_f2d
    main.o(i.main) refers to printfa.o(i.__0sprintf) for __2sprintf
    main.o(i.main) refers to iot_thread.o(i.iot_send_data) for iot_send_data
    main.o(i.main) refers to main.o(.data) for key_code
    main.o(i.user_init) refers to ringbuffer.o(i.rt_ringbuffer_init) for rt_ringbuffer_init
    main.o(i.user_init) refers to ipc.o(i.rt_sem_init) for rt_sem_init
    main.o(i.user_init) refers to ipc.o(i.rt_sem_create) for rt_sem_create
    main.o(i.user_init) refers to kservice.o(i.rt_kprintf) for rt_kprintf
    main.o(i.user_init) refers to hts221.o(i.HTS221_who_am_i) for HTS221_who_am_i
    main.o(i.user_init) refers to hts221.o(i.HTS221_Calibration) for HTS221_Calibration
    main.o(i.user_init) refers to thread.o(i.rt_thread_mdelay) for rt_thread_mdelay
    main.o(i.user_init) refers to main.o(.bss) for uart_bc28_rx_buff
[...]
    scheduler.o(i.rt_schedule_remove_thread) refers to context_rvds.o(.text) for rt_hw_interrupt_disable
    scheduler.o(i.rt_schedule_remove_thread) refers to scheduler.o(.bss) for rt_thread_priority_table
    scheduler.o(i.rt_schedule_remove_thread) refers to scheduler.o(.data) for rt_thread_ready_priority_group
    scheduler.o(i.rt_system_scheduler_init) refers to scheduler.o(i.rt_list_init) for rt_list_init
    scheduler.o(i.rt_system_scheduler_init) refers to scheduler.o(.data) for rt_scheduler_lock_nest
    scheduler.o(i.rt_system_scheduler_init) refers to scheduler.o(.bss) for rt_thread_priority_table
    scheduler.o(i.rt_system_scheduler_start) refers to kservice.o(i.__rt_ffs) for __rt_ffs
    scheduler.o(i.rt_system_scheduler_start) refers to context_rvds.o(.text) for rt_hw_context_switch_to
    scheduler.o(i.rt_system_scheduler_start) refers to scheduler.o(.data) for rt_thread_ready_priority_group
    scheduler.o(i.rt_system_scheduler_start) refers to scheduler.o(.bss) for rt_thread_priority_table
    thread.o(i._rt_thread_init) refers to kservice.o(i.rt_memset) for rt_memset
    thread.o(i._rt_thread_init) refers to cpuport.o(i.rt_hw_stack_init) for rt_hw_stack_init
    thread.o(i._rt_thread_init) refers to timer.o(i.rt_timer_init) for rt_timer_init
    thread.o(i._rt_thread_init) refers to thread.o(i.rt_thread_exit) for rt_thread_exit
    thread.o(i._rt_thread_init) refers to thread.o(i.rt_thread_timeout) for rt_thread_timeout
    thread.o(i.rt_thread_control) refers to context_rvds.o(.text) for rt_hw_interrupt_disable
    thread.o(i.rt_thread_control) refers to scheduler.o(i.rt_schedule_remove_thread) for rt_schedule_remove_thread
    thread.o(i.rt_thread_control) refers to scheduler.o(i.rt_schedule_insert_thread) for rt_schedule_insert_thread
    thread.o(i.rt_thread_control) refers to thread.o(i.rt_thread_startup) for rt_thread_startup
    thread.o(i.rt_thread_control) refers to thread.o(i.rt_thread_delete) for rt_thread_delete
    thread.o(i.rt_thread_create) refers to object.o(i.rt_object_allocate) for rt_object_allocate
    thread.o(i.rt_thread_create) refers to mem.o(i.rt_malloc) for rt_malloc
    thread.o(i.rt_thread_create) refers to object.o(i.rt_object_delete) for rt_object_delete
    thread.o(i.rt_thread_create) refers to thread.o(i._rt_thread_init) for _rt_thread_init
    thread.o(i.rt_thread_delay) refers to thread.o(i.rt_thread_sleep) for rt_thread_sleep
    thread.o(i.rt_thread_delete) refers to scheduler.o(i.rt_schedule_remove_thread) for rt_schedule_remove_thread
    thread.o(i.rt_thread_delete) refers to timer.o(i.rt_timer_detach) for rt_timer_detach
    thread.o(i.rt_thread_delete) refers to context_rvds.o(.text) for rt_hw_interrupt_disable
    thread.o(i.rt_thread_delete) refers to thread.o(i.rt_list_insert_after) for rt_list_insert_after
    thread.o(i.rt_thread_delete) refers to scheduler.o(.data) for rt_thread_defunct
    thread.o(i.rt_thread_detach) refers to scheduler.o(i.rt_schedule_remove_thread) for rt_schedule_remove_thread
    thread.o(i.rt_thread_detach) refers to timer.o(i.rt_timer_detach) for rt_timer_detach
    thread.o(i.rt_thread_detach) refers to object.o(i.rt_object_is_systemobject) for rt_object_is_systemobject
    thread.o(i.rt_thread_detach) refers to object.o(i.rt_object_detach) for rt_object_detach
    thread.o(i.rt_thread_detach) refers to context_rvds.o(.text) for rt_hw_interrupt_disable
    thread.o(i.rt_thread_detach) refers to thread.o(i.rt_list_insert_after) for rt_list_insert_after
    thread.o(i.rt_thread_detach) refers to scheduler.o(.data) for rt_thread_defunct
    thread.o(i.rt_thread_exit) refers to context_rvds.o(.text) for rt_hw_interrupt_disable
    thread.o(i.rt_thread_exit) refers to scheduler.o(i.rt_schedule_remove_thread) for rt_schedule_remove_thread
    thread.o(i.rt_thread_exit) refers to timer.o(i.rt_timer_detach) for rt_timer_detach
    thread.o(i.rt_thread_exit) refers to object.o(i.rt_object_is_systemobject) for rt_object_is_systemobject
    thread.o(i.rt_thread_exit) refers to object.o(i.rt_object_detach) for rt_object_detach
    thread.o(i.rt_thread_exit) refers to thread.o(i.rt_list_insert_after) for rt_list_insert_after
    thread.o(i.rt_thread_exit) refers to scheduler.o(i.rt_schedule) for rt_schedule
    thread.o(i.rt_thread_exit) refers to scheduler.o(.data) for rt_current_thread
    thread.o(i.rt_thread_find) refers to thread.o(i.rt_thread_self) for rt_thread_self
    thread.o(i.rt_thread_find) refers to scheduler.o(i.rt_enter_critical) for rt_enter_critical
    thread.o(i.rt_thread_find) refers to object.o(i.rt_object_get_information) for rt_object_get_information
    thread.o(i.rt_thread_find) refers to kservice.o(i.rt_strncmp) for rt_strncmp
    thread.o(i.rt_thread_find) refers to scheduler.o(i.rt_exit_critical) for rt_exit_critical
    thread.o(i.rt_thread_init) refers to object.o(i.rt_object_init) for rt_object_init
    thread.o(i.rt_thread_init) refers to thread.o(i._rt_thread_init) for _rt_thread_init
    thread.o(i.rt_thread_mdelay) refers to clock.o(i.rt_tick_from_millisecond) for rt_tick_from_millisecond
    thread.o(i.rt_thread_mdelay) refers to thread.o(i.rt_thread_sleep) for rt_thread_sleep
    thread.o(i.rt_thread_resume) refers to context_rvds.o(.text) for rt_hw_interrupt_disable
    thread.o(i.rt_thread_resume) refers to thread.o(i.rt_list_remove) for rt_list_remove
    thread.o(i.rt_thread_resume) refers to timer.o(i.rt_timer_stop) for rt_timer_stop
    thread.o(i.rt_thread_resume) refers to scheduler.o(i.rt_schedule_insert_thread) for rt_schedule_insert_thread
    thread.o(i.rt_thread_self) refers to scheduler.o(.data) for rt_current_thread
    thread.o(i.rt_thread_sleep) refers to context_rvds.o(.text) for rt_hw_interrupt_disable
    thread.o(i.rt_thread_sleep) refers to thread.o(i.rt_thread_suspend) for rt_thread_suspend
    thread.o(i.rt_thread_sleep) refers to timer.o(i.rt_timer_control) for rt_timer_control
    thread.o(i.rt_thread_sleep) refers to timer.o(i.rt_timer_start) for rt_timer_start
    thread.o(i.rt_thread_sleep) refers to scheduler.o(i.rt_schedule) for rt_schedule
    thread.o(i.rt_thread_sleep) refers to scheduler.o(.data) for rt_current_thread
    thread.o(i.rt_thread_startup) refers to thread.o(i.rt_thread_resume) for rt_thread_resume
    thread.o(i.rt_thread_startup) refers to thread.o(i.rt_thread_self) for rt_thread_self
    thread.o(i.rt_thread_startup) refers to scheduler.o(i.rt_schedule) for rt_schedule
    thread.o(i.rt_thread_suspend) refers to context_rvds.o(.text) for rt_hw_interrupt_disable
    thread.o(i.rt_thread_suspend) refers to scheduler.o(i.rt_schedule_remove_thread) for rt_schedule_remove_thread
    thread.o(i.rt_thread_suspend) refers to timer.o(i.rt_timer_stop) for rt_timer_stop
    thread.o(i.rt_thread_timeout) refers to thread.o(i.rt_list_remove) for rt_list_remove
    thread.o(i.rt_thread_timeout) refers to scheduler.o(i.rt_schedule_insert_thread) for rt_schedule_insert_thread
    thread.o(i.rt_thread_timeout) refers to scheduler.o(i.rt_schedule) for rt_schedule
    thread.o(i.rt_thread_yield) refers to context_rvds.o(.text) for rt_hw_interrupt_disable
    thread.o(i.rt_thread_yield) refers to thread.o(i.rt_list_remove) for rt_list_remove
    thread.o(i.rt_thread_yield) refers to scheduler.o(i.rt_schedule) for rt_schedule
    thread.o(i.rt_thread_yield) refers to scheduler.o(.data) for rt_current_thread
    thread.o(i.rt_thread_yield) refers to scheduler.o(.bss) for rt_thread_priority_table
    timer.o(i._rt_timer_init) refers to timer.o(i.rt_list_init) for rt_list_init
    timer.o(i.rt_system_timer_init) refers to timer.o(i.rt_list_init) for rt_list_init
    timer.o(i.rt_system_timer_init) refers to timer.o(.data) for rt_timer_list
    timer.o(i.rt_timer_check) refers to clock.o(i.rt_tick_get) for rt_tick_get
    timer.o(i.rt_timer_check) refers to context_rvds.o(.text) for rt_hw_interrupt_disable
    timer.o(i.rt_timer_check) refers to timer.o(i._rt_timer_remove) for _rt_timer_remove
    timer.o(i.rt_timer_check) refers to timer.o(i.rt_timer_start) for rt_timer_start
    timer.o(i.rt_timer_check) refers to timer.o(i.rt_list_isempty) for rt_list_isempty
    timer.o(i.rt_timer_check) refers to timer.o(.data) for rt_timer_list
    timer.o(i.rt_timer_create) refers to object.o(i.rt_object_allocate) for rt_object_allocate
    timer.o(i.rt_timer_create) refers to timer.o(i._rt_timer_init) for _rt_timer_init
    timer.o(i.rt_timer_delete) refers to context_rvds.o(.text) for rt_hw_interrupt_disable
    timer.o(i.rt_timer_delete) refers to timer.o(i._rt_timer_remove) for _rt_timer_remove
    timer.o(i.rt_timer_delete) refers to object.o(i.rt_object_delete) for rt_object_delete
    timer.o(i.rt_timer_detach) refers to context_rvds.o(.text) for rt_hw_interrupt_disable
    timer.o(i.rt_timer_detach) refers to timer.o(i._rt_timer_remove) for _rt_timer_remove
    timer.o(i.rt_timer_detach) refers to object.o(i.rt_object_detach) for rt_object_detach
    timer.o(i.rt_timer_init) refers to object.o(i.rt_object_init) for rt_object_init
    timer.o(i.rt_timer_init) refers to timer.o(i._rt_timer_init) for _rt_timer_init
    timer.o(i.rt_timer_list_next_timeout) refers to timer.o(i.rt_list_isempty) for rt_list_isempty
    timer.o(i.rt_timer_next_timeout_tick) refers to timer.o(i.rt_timer_list_next_timeout) for rt_timer_list_next_timeout
    timer.o(i.rt_timer_next_timeout_tick) refers to timer.o(.data) for rt_timer_list
    timer.o(i.rt_timer_start) refers to context_rvds.o(.text) for rt_hw_interrupt_disable
    timer.o(i.rt_timer_start) refers to timer.o(i._rt_timer_remove) for _rt_timer_remove
    timer.o(i.rt_timer_start) refers to clock.o(i.rt_tick_get) for rt_tick_get
    timer.o(i.rt_timer_start) refers to timer.o(i.rt_list_insert_after) for rt_list_insert_after
    timer.o(i.rt_timer_start) refers to timer.o(.data) for rt_timer_list
    timer.o(i.rt_timer_stop) refers to context_rvds.o(.text) for rt_hw_interrupt_disable
    timer.o(i.rt_timer_stop) refers to timer.o(i._rt_timer_remove) for _rt_timer_remove
    cpuport.o(i.bus_fault_track) refers to kservice.o(i.rt_kprintf) for rt_kprintf
    cpuport.o(i.hard_fault_track) refers to kservice.o(i.rt_kprintf) for rt_kprintf
    cpuport.o(i.hard_fault_track) refers to cpuport.o(i.bus_fault_track) for bus_fault_track
    cpuport.o(i.hard_fault_track) refers to cpuport.o(i.mem_manage_fault_track) for mem_manage_fault_track
    cpuport.o(i.hard_fault_track) refers to cpuport.o(i.usage_fault_track) for usage_fault_track
    cpuport.o(i.mem_manage_fault_track) refers to kservice.o(i.rt_kprintf) for rt_kprintf
    cpuport.o(i.rt_hw_cpu_shutdown) refers to kservice.o(i.rt_kprintf) for rt_kprintf
    cpuport.o(i.rt_hw_exception_install) refers to cpuport.o(.data) for rt_exception_hook
    cpuport.o(i.rt_hw_hard_fault_exception) refers to kservice.o(i.rt_kprintf) for rt_kprintf
    cpuport.o(i.rt_hw_hard_fault_exception) refers to thread.o(i.rt_thread_self) for rt_thread_self
    cpuport.o(i.rt_hw_hard_fault_exception) refers to cmd.o(i.list_thread) for list_thread
    cpuport.o(i.rt_hw_hard_fault_exception) refers to cpuport.o(i.hard_fault_track) for hard_fault_track
    cpuport.o(i.rt_hw_hard_fault_exception) refers to cpuport.o(.data) for rt_exception_hook
    cpuport.o(i.usage_fault_track) refers to kservice.o(i.rt_kprintf) for rt_kprintf
    context_rvds.o(.text) refers to cpuport.o(i.rt_hw_hard_fault_exception) for rt_hw_hard_fault_exception
    context_rvds.o(.text) refers to cpuport.o(.data) for rt_thread_switch_interrupt_flag
    cmd.o(i.hello) refers to kservice.o(i.rt_kprintf) for rt_kprintf
    cmd.o(i.list) refers to kservice.o(i.rt_kprintf) for rt_kprintf
    cmd.o(i.list) refers to strncmp.o(.text) for strncmp
    cmd.o(i.list) refers to shell.o(.data) for _syscall_table_begin
    cmd.o(i.list_event) refers to cmd.o(i.list_find_init) for list_find_init
    cmd.o(i.list_event) refers to kservice.o(i.rt_kprintf) for rt_kprintf
    cmd.o(i.list_event) refers to cmd.o(i.object_split) for object_split
    cmd.o(i.list_event) refers to cmd.o(i.list_get_next) for list_get_next
    cmd.o(i.list_event) refers to context_rvds.o(.text) for rt_hw_interrupt_disable
    cmd.o(i.list_event) refers to cmd.o(i.rt_list_isempty) for rt_list_isempty
    cmd.o(i.list_event) refers to cmd.o(i.rt_list_len) for rt_list_len
    cmd.o(i.list_event) refers to cmd.o(i.show_wait_queue) for show_wait_queue
    cmd.o(i.list_find_init) refers to object.o(i.rt_object_get_information) for rt_object_get_information
    cmd.o(i.list_get_next) refers to context_rvds.o(.text) for rt_hw_interrupt_disable
    cmd.o(i.list_mutex) refers to cmd.o(i.list_find_init) for list_find_init
    cmd.o(i.list_mutex) refers to kservice.o(i.rt_kprintf) for rt_kprintf
    cmd.o(i.list_mutex) refers to cmd.o(i.object_split) for object_split
    cmd.o(i.list_mutex) refers to cmd.o(i.list_get_next) for list_get_next
    cmd.o(i.list_mutex) refers to context_rvds.o(.text) for rt_hw_interrupt_disable
    cmd.o(i.list_mutex) refers to cmd.o(i.rt_list_len) for rt_list_len
    cmd.o(i.list_sem) refers to cmd.o(i.list_find_init) for list_find_init
    cmd.o(i.list_sem) refers to kservice.o(i.rt_kprintf) for rt_kprintf
    cmd.o(i.list_sem) refers to cmd.o(i.object_split) for object_split
    cmd.o(i.list_sem) refers to cmd.o(i.list_get_next) for list_get_next
    cmd.o(i.list_sem) refers to context_rvds.o(.text) for rt_hw_interrupt_disable
    cmd.o(i.list_sem) refers to cmd.o(i.rt_list_isempty) for rt_list_isempty
    cmd.o(i.list_sem) refers to cmd.o(i.rt_list_len) for rt_list_len
    cmd.o(i.list_sem) refers to cmd.o(i.show_wait_queue) for show_wait_queue
    cmd.o(i.list_thread) refers to cmd.o(i.list_find_init) for list_find_init
    cmd.o(i.list_thread) refers to kservice.o(i.rt_kprintf) for rt_kprintf
    cmd.o(i.list_thread) refers to cmd.o(i.object_split) for object_split
    cmd.o(i.list_thread) refers to cmd.o(i.list_get_next) for list_get_next
    cmd.o(i.list_thread) refers to context_rvds.o(.text) for rt_hw_interrupt_disable
    cmd.o(i.list_thread) refers to memcpya.o(.text) for __aeabi_memcpy4
    cmd.o(i.list_thread) refers to cmd.o(.conststring) for .conststring
    cmd.o(i.list_timer) refers to cmd.o(i.list_find_init) for list_find_init
    cmd.o(i.list_timer) refers to kservice.o(i.rt_kprintf) for rt_kprintf
    cmd.o(i.list_timer) refers to cmd.o(i.object_split) for object_split
    cmd.o(i.list_timer) refers to cmd.o(i.list_get_next) for list_get_next
    cmd.o(i.list_timer) refers to context_rvds.o(.text) for rt_hw_interrupt_disable
    cmd.o(i.list_timer) refers to clock.o(i.rt_tick_get) for rt_tick_get
    cmd.o(i.object_split) refers to kservice.o(i.rt_kprintf) for rt_kprintf
    cmd.o(i.show_wait_queue) refers to kservice.o(i.rt_kprintf) for rt_kprintf
    cmd.o(i.version) refers to kservice.o(i.rt_show_version) for rt_show_version
    cmd.o(FSymTab) refers to cmd.o(.rodata.name) for __fsym_hello_name
    cmd.o(FSymTab) refers to cmd.o(i.hello) for hello
    cmd.o(FSymTab) refers to cmd.o(i.version) for version
    cmd.o(FSymTab) refers to cmd.o(i.list_thread) for list_thread
    cmd.o(FSymTab) refers to cmd.o(i.list_sem) for list_sem
    cmd.o(FSymTab) refers to cmd.o(i.list_event) for list_event
    cmd.o(FSymTab) refers to cmd.o(i.list_mutex) for list_mutex
    cmd.o(FSymTab) refers to cmd.o(i.list_timer) for list_timer
    cmd.o(FSymTab) refers to cmd.o(i.list) for list
    msh.o(i._msh_exec_cmd) refers to msh.o(i.msh_get_cmd) for msh_get_cmd
    msh.o(i._msh_exec_cmd) refers to memseta.o(.text) for __aeabi_memclr4
    msh.o(i._msh_exec_cmd) refers to msh.o(i.msh_split) for msh_split
    msh.o(i.cmd_free) refers to mem.o(i.list_mem) for list_mem
    msh.o(i.cmd_ps) refers to cmd.o(i.list_thread) for list_thread
    msh.o(i.msh_auto_complete) refers to msh.o(i.msh_help) for msh_help
    msh.o(i.msh_auto_complete) refers to strncmp.o(.text) for strncmp
    msh.o(i.msh_auto_complete) refers to strlen.o(.text) for strlen
    msh.o(i.msh_auto_complete) refers to msh.o(i.str_common) for str_common
    msh.o(i.msh_auto_complete) refers to kservice.o(i.rt_kprintf) for rt_kprintf
    msh.o(i.msh_auto_complete) refers to kservice.o(i.rt_strncpy) for rt_strncpy
    msh.o(i.msh_auto_complete) refers to shell.o(.data) for _syscall_table_begin
    msh.o(i.msh_exec) refers to msh.o(i._msh_exec_cmd) for _msh_exec_cmd
    msh.o(i.msh_exec) refers to kservice.o(i.rt_kprintf) for rt_kprintf
    msh.o(i.msh_get_cmd) refers to strncmp.o(.text) for strncmp
    msh.o(i.msh_get_cmd) refers to shell.o(.data) for _syscall_table_begin
    msh.o(i.msh_help) refers to kservice.o(i.rt_kprintf) for rt_kprintf
    msh.o(i.msh_help) refers to strncmp.o(.text) for strncmp
    msh.o(i.msh_help) refers to shell.o(.data) for _syscall_table_begin
    msh.o(i.msh_split) refers to kservice.o(i.rt_kprintf) for rt_kprintf
    msh.o(i.reboot) refers to cpuport.o(i.rt_hw_cpu_reset) for rt_hw_cpu_reset
    msh.o(FSymTab) refers to msh.o(.rodata.name) for __fsym___cmd_help_name
    msh.o(FSymTab) refers to msh.o(i.msh_help) for msh_help
    msh.o(FSymTab) refers to msh.o(i.reboot) for reboot
    msh.o(FSymTab) refers to msh.o(i.cmd_ps) for cmd_ps
    msh.o(FSymTab) refers to msh.o(i.cmd_free) for cmd_free
    shell.o(i.finsh_get_echo) refers to shell.o(.data) for shell
    shell.o(i.finsh_get_prompt) refers to strncpy.o(.text) for strncpy
    shell.o(i.finsh_get_prompt) refers to msh.o(i.msh_is_used) for msh_is_used
    shell.o(i.finsh_get_prompt) refers to strcpy.o(.text) for strcpy
    shell.o(i.finsh_get_prompt) refers to strcat.o(.text) for strcat
    shell.o(i.finsh_get_prompt) refers to shell.o(.data) for shell
    shell.o(i.finsh_get_prompt) refers to shell.o(.bss) for finsh_prompt
    shell.o(i.finsh_get_prompt_mode) refers to shell.o(.data) for shell
    shell.o(i.finsh_getchar) refers to shell.o(i.rt_hw_console_getchar) for rt_hw_console_getchar
    shell.o(i.finsh_set_echo) refers to shell.o(.data) for shell
    shell.o(i.finsh_set_prompt) refers to mem.o(i.rt_free) for rt_free
    shell.o(i.finsh_set_prompt) refers to strlen.o(.text) for strlen
    shell.o(i.finsh_set_prompt) refers to mem.o(i.rt_malloc) for rt_malloc
    shell.o(i.finsh_set_prompt) refers to strcpy.o(.text) for strcpy
    shell.o(i.finsh_set_prompt) refers to shell.o(.data) for finsh_prompt_custom
    shell.o(i.finsh_set_prompt_mode) refers to shell.o(.data) for shell
    shell.o(i.finsh_system_function_init) refers to shell.o(.data) for _syscall_table_begin
    shell.o(i.finsh_system_init) refers to shell.o(i.finsh_system_function_init) for finsh_system_function_init
    shell.o(i.finsh_system_init) refers to mem.o(i.rt_calloc) for rt_calloc
    shell.o(i.finsh_system_init) refers to kservice.o(i.rt_kprintf) for rt_kprintf
    shell.o(i.finsh_system_init) refers to thread.o(i.rt_thread_create) for rt_thread_create
    shell.o(i.finsh_system_init) refers to ipc.o(i.rt_sem_init) for rt_sem_init
    shell.o(i.finsh_system_init) refers to shell.o(i.finsh_set_prompt_mode) for finsh_set_prompt_mode
    shell.o(i.finsh_system_init) refers to thread.o(i.rt_thread_startup) for rt_thread_startup
    shell.o(i.finsh_system_init) refers to shell.o(.data) for shell
    shell.o(i.finsh_system_init) refers to shell.o(i.finsh_thread_entry) for finsh_thread_entry
    shell.o(i.finsh_system_var_init) refers to shell.o(.data) for _sysvar_table_begin
    shell.o(i.finsh_thread_entry) refers to shell.o(i.finsh_get_prompt) for finsh_get_prompt
    shell.o(i.finsh_thread_entry) refers to kservice.o(i.rt_kprintf) for rt_kprintf
    shell.o(i.finsh_thread_entry) refers to shell.o(i.finsh_getchar) for finsh_getchar
    shell.o(i.finsh_thread_entry) refers to shell.o(i.shell_auto_complete) for shell_auto_complete
    shell.o(i.finsh_thread_entry) refers to strlen.o(.text) for strlen
    shell.o(i.finsh_thread_entry) refers to kservice.o(i.rt_memmove) for rt_memmove
    shell.o(i.finsh_thread_entry) refers to msh.o(i.msh_is_used) for msh_is_used
    shell.o(i.finsh_thread_entry) refers to msh.o(i.msh_exec) for msh_exec
    shell.o(i.finsh_thread_entry) refers to memseta.o(.text) for __aeabi_memclr
    shell.o(i.finsh_thread_entry) refers to shell.o(.data) for shell
    shell.o(i.rt_hw_console_getchar) refers to ipc.o(i.rt_sem_take) for rt_sem_take
    shell.o(i.rt_hw_console_getchar) refers to ringbuffer.o(i.rt_ringbuffer_getchar) for rt_ringbuffer_getchar
    shell.o(i.rt_hw_console_getchar) refers to main.o(.bss) for shell_rx_sem
    shell.o(i.shell_auto_complete) refers to kservice.o(i.rt_kprintf) for rt_kprintf
    shell.o(i.shell_auto_complete) refers to msh.o(i.msh_is_used) for msh_is_used
    shell.o(i.shell_auto_complete) refers to msh.o(i.msh_auto_complete) for msh_auto_complete
    shell.o(i.shell_auto_complete) refers to shell.o(i.finsh_get_prompt) for finsh_get_prompt
    shell.o(.rti_fn.6) refers to shell.o(i.finsh_system_init) for finsh_system_init
    ringbuffer.o(i.rt_ringbuffer_create) refers to mem.o(i.rt_malloc) for rt_malloc
    ringbuffer.o(i.rt_ringbuffer_create) refers to mem.o(i.rt_free) for rt_free
    ringbuffer.o(i.rt_ringbuffer_create) refers to ringbuffer.o(i.rt_ringbuffer_init) for rt_ringbuffer_init
    ringbuffer.o(i.rt_ringbuffer_data_len) refers to ringbuffer.o(i.rt_ringbuffer_status) for rt_ringbuffer_status
    ringbuffer.o(i.rt_ringbuffer_destroy) refers to mem.o(i.rt_free) for rt_free
    ringbuffer.o(i.rt_ringbuffer_get) refers to ringbuffer.o(i.rt_ringbuffer_data_len) for rt_ringbuffer_data_len
    ringbuffer.o(i.rt_ringbuffer_get) refers to memcpya.o(.text) for __aeabi_memcpy
    ringbuffer.o(i.rt_ringbuffer_getchar) refers to ringbuffer.o(i.rt_ringbuffer_data_len) for rt_ringbuffer_data_len
    ringbuffer.o(i.rt_ringbuffer_put) refers to ringbuffer.o(i.rt_ringbuffer_data_len) for rt_ringbuffer_data_len
    ringbuffer.o(i.rt_ringbuffer_put) refers to memcpya.o(.text) for __aeabi_memcpy
    ringbuffer.o(i.rt_ringbuffer_put_force) refers to ringbuffer.o(i.rt_ringbuffer_data_len) for rt_ringbuffer_data_len
    ringbuffer.o(i.rt_ringbuffer_put_force) refers to memcpya.o(.text) for __aeabi_memcpy
    ringbuffer.o(i.rt_ringbuffer_putchar) refers to ringbuffer.o(i.rt_ringbuffer_data_len) for rt_ringbuffer_data_len
    ringbuffer.o(i.rt_ringbuffer_putchar_force) refers to ringbuffer.o(i.rt_ringbuffer_status) for rt_ringbuffer_status
    com.o(i.System_Enter_Standby) refers to stm32f1xx_hal_pwr.o(i.HAL_PWR_EnterSTANDBYMode) for HAL_PWR_EnterSTANDBYMode
    com.o(i.at_send_cmd) refers to strlen.o(.text) for strlen
    com.o(i.at_send_cmd) refers to stm32f1xx_hal_uart.o(i.HAL_UART_Transmit) for HAL_UART_Transmit
    com.o(i.at_send_cmd) refers to thread.o(i.rt_thread_mdelay) for rt_thread_mdelay
    com.o(i.at_send_cmd) refers to memcpya.o(.text) for __aeabi_memcpy
    com.o(i.at_send_cmd) refers to strstr.o(.text) for strstr
    com.o(i.at_send_cmd) refers to kservice.o(i.rt_kprintf) for rt_kprintf
    com.o(i.at_send_cmd) refers to memseta.o(.text) for __aeabi_memclr
    com.o(i.at_send_cmd) refers to usart.o(.bss) for huart1
    com.o(i.at_send_cmd) refers to user_main.o(.bss) for at_response_buff
    com.o(i.calibration_rtc_from_iot_module) refers to kservice.o(i.rt_kprintf) for rt_kprintf
    com.o(i.calibration_rtc_from_iot_module) refers to com.o(i.get_module_time) for get_module_time
    com.o(i.calibration_rtc_from_iot_module) refers to com.o(i.rt_rtc_set_time) for rt_rtc_set_time
    com.o(i.calibration_rtc_from_iot_module) refers to iot_thread.o(.data) for net_status
    com.o(i.datetime) refers to stm32f1xx_hal_rtc.o(i.HAL_RTC_GetTime) for HAL_RTC_GetTime
    com.o(i.datetime) refers to stm32f1xx_hal_rtc.o(i.HAL_RTC_GetDate) for HAL_RTC_GetDate
    com.o(i.datetime) refers to kservice.o(i.rt_kprintf) for rt_kprintf
    com.o(i.datetime) refers to strlen.o(.text) for strlen
    com.o(i.datetime) refers to atoi.o(.text) for atoi
    com.o(i.datetime) refers to stm32f1xx_hal_rtc.o(i.HAL_RTC_SetTime) for HAL_RTC_SetTime
    com.o(i.datetime) refers to stm32f1xx_hal_rtc_ex.o(i.HAL_RTCEx_BKUPRead) for HAL_RTCEx_BKUPRead
    com.o(i.datetime) refers to stm32f1xx_hal_rtc_ex.o(i.HAL_RTCEx_BKUPWrite) for HAL_RTCEx_BKUPWrite
    com.o(i.datetime) refers to rtc.o(.bss) for hrtc
    com.o(i.get_module_time) refers to memseta.o(.text) for __aeabi_memclr4
    com.o(i.get_module_time) refers to com.o(i.at_send_cmd) for at_send_cmd
    com.o(i.get_module_time) refers to kservice.o(i.rt_kprintf) for rt_kprintf
    com.o(i.get_module_time) refers to strstr.o(.text) for strstr
    com.o(i.get_module_time) refers to atoi.o(.text) for atoi
    com.o(i.get_module_time) refers to mktime.o(.text) for mktime
    com.o(i.get_module_time) refers to user_main.o(.bss) for at_response_buff
    com.o(i.key_scan) refers to stm32f1xx_hal_gpio.o(i.HAL_GPIO_ReadPin) for HAL_GPIO_ReadPin
    com.o(i.key_scan) refers to thread.o(i.rt_thread_mdelay) for rt_thread_mdelay
    com.o(i.reboot_module) refers to stm32f1xx_hal_uart.o(i.HAL_UART_Transmit) for HAL_UART_Transmit
    com.o(i.reboot_module) refers to usart.o(.bss) for huart1
    com.o(i.rt_rtc_set_time) refers to stm32f1xx_hal_pwr.o(i.HAL_PWR_EnableBkUpAccess) for HAL_PWR_EnableBkUpAccess
    com.o(i.rt_rtc_set_time) refers to localtime_w.o(.text) for localtime
    com.o(i.rt_rtc_set_time) refers to stm32f1xx_hal_rtc.o(i.HAL_RTC_SetTime) for HAL_RTC_SetTime
    com.o(i.rt_rtc_set_time) refers to main.o(i.Error_Handler) for Error_Handler
    com.o(i.rt_rtc_set_time) refers to stm32f1xx_hal_rtc.o(i.HAL_RTC_SetDate) for HAL_RTC_SetDate
    com.o(i.rt_rtc_set_time) refers to stm32f1xx_hal_rtc.o(i.HAL_RTC_GetDate) for HAL_RTC_GetDate
    com.o(i.rt_rtc_set_time) refers to stm32f1xx_hal_rtc_ex.o(i.HAL_RTCEx_BKUPRead) for HAL_RTCEx_BKUPRead
    com.o(i.rt_rtc_set_time) refers to stm32f1xx_hal_rtc_ex.o(i.HAL_RTCEx_BKUPWrite) for HAL_RTCEx_BKUPWrite
    com.o(i.rt_rtc_set_time) refers to kservice.o(i.rt_kprintf) for rt_kprintf
    com.o(i.rt_rtc_set_time) refers to rtc.o(.bss) for hrtc
    com.o(FSymTab) refers to com.o(.rodata.name) for __fsym___cmd_module_reboot_name
    com.o(FSymTab) refers to com.o(i.reboot_module) for reboot_module
    com.o(FSymTab) refers to com.o(i.datetime) for datetime
    com.o(FSymTab) refers to com.o(i.calibration_rtc_from_iot_module) for calibration_rtc_from_iot_module
    com.o(FSymTab) refers to com.o(i.System_Enter_Standby) for System_Enter_Standby
    hts221.o(i.HTS221_Calibration) refers to hts221.o(i.I2C_Read) for I2C_Read
    hts221.o(i.HTS221_Calibration) refers to fflti.o(.text) for __aeabi_i2f
    hts221.o(i.HTS221_Calibration) refers to fdiv.o(.text) for __aeabi_fdiv
    hts221.o(i.HTS221_Calibration) refers to ffltui.o(.text) for __aeabi_ui2f
    hts221.o(i.HTS221_Calibration) refers to hts221.o(.data) for T0_degC
    hts221.o(i.HTS221_GetHumidity) refers to hts221.o(i.I2C_Read) for I2C_Read
    hts221.o(i.HTS221_GetHumidity) refers to hts221.o(i.I2C_Write) for I2C_Write
    hts221.o(i.HTS221_GetHumidity) refers to thread.o(i.rt_thread_mdelay) for rt_thread_mdelay
    hts221.o(i.HTS221_GetHumidity) refers to fflti.o(.text) for __aeabi_i2f
    hts221.o(i.HTS221_GetHumidity) refers to fadd.o(.text) for __aeabi_fsub
    hts221.o(i.HTS221_GetHumidity) refers to fmul.o(.text) for __aeabi_fmul
    hts221.o(i.HTS221_GetHumidity) refers to fdiv.o(.text) for __aeabi_fdiv
    hts221.o(i.HTS221_GetHumidity) refers to ffixui.o(.text) for __aeabi_f2uiz
    hts221.o(i.HTS221_GetHumidity) refers to hts221.o(.data) for H1_T0_out
    hts221.o(i.HTS221_GetTemperature) refers to hts221.o(i.I2C_Read) for I2C_Read
    hts221.o(i.HTS221_GetTemperature) refers to hts221.o(i.I2C_Write) for I2C_Write
    hts221.o(i.HTS221_GetTemperature) refers to fadd.o(.text) for __aeabi_fsub
    hts221.o(i.HTS221_GetTemperature) refers to fflti.o(.text) for __aeabi_i2f
    hts221.o(i.HTS221_GetTemperature) refers to fdiv.o(.text) for __aeabi_fdiv
    hts221.o(i.HTS221_GetTemperature) refers to fmul.o(.text) for __aeabi_fmul
    hts221.o(i.HTS221_GetTemperature) refers to hts221.o(.data) for T0_degC
    hts221.o(i.HTS221_who_am_i) refers to hts221.o(i.I2C_Read) for I2C_Read
    hts221.o(i.HTS221_who_am_i) refers to hts221.o(i.I2C_Write) for I2C_Write
    hts221.o(i.I2C_Read) refers to stm32f1xx_hal_i2c.o(i.HAL_I2C_Mem_Read) for HAL_I2C_Mem_Read
    hts221.o(i.I2C_Read) refers to i2c.o(.bss) for hi2c1
    hts221.o(i.I2C_Write) refers to stm32f1xx_hal_i2c.o(i.HAL_I2C_Mem_Write) for HAL_I2C_Mem_Write
    hts221.o(i.I2C_Write) refers to i2c.o(.bss) for hi2c1
    hts221.o(i.print_all_reg) refers to hts221.o(i.I2C_Read) for I2C_Read
    hts221.o(i.print_all_reg) refers to hts221.o(i.I2C_Write) for I2C_Write
    entry.o(.ARM.Collect$$$$00000000) refers (Special) to entry10a.o(.ARM.Collect$$$$0000000D) for __rt_final_cpp
    entry.o(.ARM.Collect$$$$00000000) refers (Special) to entry11a.o(.ARM.Collect$$$$0000000F) for __rt_final_exit
    entry.o(.ARM.Collect$$$$00000000) refers (Special) to entry7b.o(.ARM.Collect$$$$00000008) for _main_clock
    entry.o(.ARM.Collect$$$$00000000) refers (Special) to entry8b.o(.ARM.Collect$$$$0000000A) for _main_cpp_init
    entry.o(.ARM.Collect$$$$00000000) refers (Special) to entry9a.o(.ARM.Collect$$$$0000000B) for _main_init
    entry.o(.ARM.Collect$$$$00000000) refers (Special) to entry5.o(.ARM.Collect$$$$00000004) for _main_scatterload
    entry.o(.ARM.Collect$$$$00000000) refers (Special) to entry2.o(.ARM.Collect$$$$00000001) for _main_stk
    localtime.o(.text) refers to localtime.o(.bss) for .bss
    localtime.o(.text) refers to localtime.o(.constdata) for .constdata
    mktime.o(.text) refers to localtime_i.o(.text) for _localtime
    mktime.o(.text) refers to mktime.o(.constdata) for .constdata
    printfb.o(i.__0fprintf$bare) refers to printfb.o(i._printf_core) for _printf_core
    printfb.o(i.__0fprintf$bare) refers to fputc.o(i.fputc) for fputc
    printfb.o(i.__0printf$bare) refers to printfb.o(i._printf_core) for _printf_core
    printfb.o(i.__0printf$bare) refers to fputc.o(i.fputc) for fputc
    printfb.o(i.__0printf$bare) refers to stdout.o(.data) for __stdout
    printfb.o(i.__0snprintf$bare) refers to printfb.o(i._printf_core) for _printf_core
    printfb.o(i.__0snprintf$bare) refers to printfb.o(i._snputc) for _snputc
    printfb.o(i.__0sprintf$bare) refers to printfb.o(i._printf_core) for _printf_core
    printfb.o(i.__0sprintf$bare) refers to printfb.o(i._sputc) for _sputc
    printfb.o(i.__0vfprintf$bare) refers to printfb.o(i._printf_core) for _printf_core
    printfb.o(i.__0vfprintf$bare) refers to fputc.o(i.fputc) for fputc
    printfb.o(i.__0vprintf$bare) refers to printfb.o(i._printf_core) for _printf_core
    printfb.o(i.__0vprintf$bare) refers to fputc.o(i.fputc) for fputc
    printfb.o(i.__0vprintf$bare) refers to stdout.o(.data) for __stdout
    printfb.o(i.__0vsnprintf$bare) refers to printfb.o(i._printf_core) for _printf_core
    printfb.o(i.__0vsnprintf$bare) refers to printfb.o(i._snputc) for _snputc
    printfb.o(i.__0vsprintf$bare) refers to printfb.o(i._printf_core) for _printf_core
    printfb.o(i.__0vsprintf$bare) refers to printfb.o(i._sputc) for _sputc
    printf0.o(i.__0fprintf$0) refers to printf0.o(i._printf_core) for _printf_core
    printf0.o(i.__0fprintf$0) refers to fputc.o(i.fputc) for fputc
    printf0.o(i.__0printf$0) refers to printf0.o(i._printf_core) for _printf_core
    printf0.o(i.__0printf$0) refers to fputc.o(i.fputc) for fputc
    printf0.o(i.__0printf$0) refers to stdout.o(.data) for __stdout
    printf0.o(i.__0snprintf$0) refers to printf0.o(i._printf_core) for _printf_core
    printf0.o(i.__0snprintf$0) refers to printf0.o(i._snputc) for _snputc
    printf0.o(i.__0sprintf$0) refers to printf0.o(i._printf_core) for _printf_core
    printf0.o(i.__0sprintf$0) refers to printf0.o(i._sputc) for _sputc
    printf0.o(i.__0vfprintf$0) refers to printf0.o(i._printf_core) for _printf_core
    printf0.o(i.__0vfprintf$0) refers to fputc.o(i.fputc) for fputc
    printf0.o(i.__0vprintf$0) refers to printf0.o(i._printf_core) for _printf_core
    printf0.o(i.__0vprintf$0) refers to fputc.o(i.fputc) for fputc
    printf0.o(i.__0vprintf$0) refers to stdout.o(.data) for __stdout
    printf0.o(i.__0vsnprintf$0) refers to printf0.o(i._printf_core) for _printf_core
    printf0.o(i.__0vsnprintf$0) refers to printf0.o(i._snputc) for _snputc
    printf0.o(i.__0vsprintf$0) refers to printf0.o(i._printf_core) for _printf_core
    printf0.o(i.__0vsprintf$0) refers to printf0.o(i._sputc) for _sputc
    printf1.o(i.__0fprintf$1) refers to printf1.o(i._printf_core) for _printf_core
    printf1.o(i.__0fprintf$1) refers to fputc.o(i.fputc) for fputc
    printf1.o(i.__0printf$1) refers to printf1.o(i._printf_core) for _printf_core
    printf1.o(i.__0printf$1) refers to fputc.o(i.fputc) for fputc
    printf1.o(i.__0printf$1) refers to stdout.o(.data) for __stdout
    printf1.o(i.__0snprintf$1) refers to printf1.o(i._printf_core) for _printf_core
    printf1.o(i.__0snprintf$1) refers to printf1.o(i._snputc) for _snputc
    printf1.o(i.__0sprintf$1) refers to printf1.o(i._printf_core) for _printf_core
    printf1.o(i.__0sprintf$1) refers to printf1.o(i._sputc) for _sputc
    printf1.o(i.__0vfprintf$1) refers to printf1.o(i._printf_core) for _printf_core
    printf1.o(i.__0vfprintf$1) refers to fputc.o(i.fputc) for fputc
    printf1.o(i.__0vprintf$1) refers to printf1.o(i._printf_core) for _printf_core
    printf1.o(i.__0vprintf$1) refers to fputc.o(i.fputc) for fputc
    printf1.o(i.__0vprintf$1) refers to stdout.o(.data) for __stdout
    printf1.o(i.__0vsnprintf$1) refers to printf1.o(i._printf_core) for _printf_core
    printf1.o(i.__0vsnprintf$1) refers to printf1.o(i._snputc) for _snputc
    printf1.o(i.__0vsprintf$1) refers to printf1.o(i._printf_core) for _printf_core
    printf1.o(i.__0vsprintf$1) refers to printf1.o(i._sputc) for _sputc
    printf1.o(i._printf_core) refers to uidiv.o(.text) for __aeabi_uidivmod
    printf2.o(i.__0fprintf$2) refers to printf2.o(i._printf_core) for _printf_core
    printf2.o(i.__0fprintf$2) refers to fputc.o(i.fputc) for fputc
    printf2.o(i.__0printf$2) refers to printf2.o(i._printf_core) for _printf_core
    printf2.o(i.__0printf$2) refers to fputc.o(i.fputc) for fputc
    printf2.o(i.__0printf$2) refers to stdout.o(.data) for __stdout
    printf2.o(i.__0snprintf$2) refers to printf2.o(i._printf_core) for _printf_core
    printf2.o(i.__0snprintf$2) refers to printf2.o(i._snputc) for _snputc
    printf2.o(i.__0sprintf$2) refers to printf2.o(i._printf_core) for _printf_core
    printf2.o(i.__0sprintf$2) refers to printf2.o(i._sputc) for _sputc
    printf2.o(i.__0vfprintf$2) refers to printf2.o(i._printf_core) for _printf_core
    printf2.o(i.__0vfprintf$2) refers to fputc.o(i.fputc) for fputc
    printf2.o(i.__0vprintf$2) refers to printf2.o(i._printf_core) for _printf_core
    printf2.o(i.__0vprintf$2) refers to fputc.o(i.fputc) for fputc
    printf2.o(i.__0vprintf$2) refers to stdout.o(.data) for __stdout
    printf2.o(i.__0vsnprintf$2) refers to printf2.o(i._printf_core) for _printf_core
    printf2.o(i.__0vsnprintf$2) refers to printf2.o(i._snputc) for _snputc
    printf2.o(i.__0vsprintf$2) refers to printf2.o(i._printf_core) for _printf_core
    printf2.o(i.__0vsprintf$2) refers to printf2.o(i._sputc) for _sputc
    printf3.o(i.__0fprintf$3) refers to printf3.o(i._printf_core) for _printf_core
    printf3.o(i.__0fprintf$3) refers to fputc.o(i.fputc) for fputc
    printf3.o(i.__0printf$3) refers to printf3.o(i._printf_core) for _printf_core
    printf3.o(i.__0printf$3) refers to fputc.o(i.fputc) for fputc
    printf3.o(i.__0printf$3) refers to stdout.o(.data) for __stdout
    printf3.o(i.__0snprintf$3) refers to printf3.o(i._printf_core) for _printf_core
    printf3.o(i.__0snprintf$3) refers to printf3.o(i._snputc) for _snputc
    printf3.o(i.__0sprintf$3) refers to printf3.o(i._printf_core) for _printf_core
    printf3.o(i.__0sprintf$3) refers to printf3.o(i._sputc) for _sputc
    printf3.o(i.__0vfprintf$3) refers to printf3.o(i._printf_core) for _printf_core
    printf3.o(i.__0vfprintf$3) refers to fputc.o(i.fputc) for fputc
    printf3.o(i.__0vprintf$3) refers to printf3.o(i._printf_core) for _printf_core
    printf3.o(i.__0vprintf$3) refers to fputc.o(i.fputc) for fputc
    printf3.o(i.__0vprintf$3) refers to stdout.o(.data) for __stdout
    printf3.o(i.__0vsnprintf$3) refers to printf3.o(i._printf_core) for _printf_core
    printf3.o(i.__0vsnprintf$3) refers to printf3.o(i._snputc) for _snputc
    printf3.o(i.__0vsprintf$3) refers to printf3.o(i._printf_core) for _printf_core
    printf3.o(i.__0vsprintf$3) refers to printf3.o(i._sputc) for _sputc
    printf3.o(i._printf_core) refers to uidiv.o(.text) for __aeabi_uidivmod
    printf4.o(i.__0fprintf$4) refers to printf4.o(i._printf_core) for _printf_core
    printf4.o(i.__0fprintf$4) refers to fputc.o(i.fputc) for fputc
    printf4.o(i.__0printf$4) refers to printf4.o(i._printf_core) for _printf_core
    printf4.o(i.__0printf$4) refers to fputc.o(i.fputc) for fputc
    printf4.o(i.__0printf$4) refers to stdout.o(.data) for __stdout
    printf4.o(i.__0snprintf$4) refers to printf4.o(i._printf_core) for _printf_core
    printf4.o(i.__0snprintf$4) refers to printf4.o(i._snputc) for _snputc
    printf4.o(i.__0sprintf$4) refers to printf4.o(i._printf_core) for _printf_core
    printf4.o(i.__0sprintf$4) refers to printf4.o(i._sputc) for _sputc
    printf4.o(i.__0vfprintf$4) refers to printf4.o(i._printf_core) for _printf_core
    printf4.o(i.__0vfprintf$4) refers to fputc.o(i.fputc) for fputc
    printf4.o(i.__0vprintf$4) refers to printf4.o(i._printf_core) for _printf_core
    printf4.o(i.__0vprintf$4) refers to fputc.o(i.fputc) for fputc
    printf4.o(i.__0vprintf$4) refers to stdout.o(.data) for __stdout
    printf4.o(i.__0vsnprintf$4) refers to printf4.o(i._printf_core) for _printf_core
    printf4.o(i.__0vsnprintf$4) refers to printf4.o(i._snputc) for _snputc
    printf4.o(i.__0vsprintf$4) refers to printf4.o(i._printf_core) for _printf_core
    printf4.o(i.__0vsprintf$4) refers to printf4.o(i._sputc) for _sputc
    printf4.o(i._printf_core) refers to uldiv.o(.text) for __aeabi_uldivmod
    printf5.o(i.__0fprintf$5) refers to printf5.o(i._printf_core) for _printf_core
    printf5.o(i.__0fprintf$5) refers to fputc.o(i.fputc) for fputc
    printf5.o(i.__0printf$5) refers to printf5.o(i._printf_core) for _printf_core
    printf5.o(i.__0printf$5) refers to fputc.o(i.fputc) for fputc
    printf5.o(i.__0printf$5) refers to stdout.o(.data) for __stdout
    printf5.o(i.__0snprintf$5) refers to printf5.o(i._printf_core) for _printf_core
    printf5.o(i.__0snprintf$5) refers to printf5.o(i._snputc) for _snputc
    printf5.o(i.__0sprintf$5) refers to printf5.o(i._printf_core) for _printf_core
    printf5.o(i.__0sprintf$5) refers to printf5.o(i._sputc) for _sputc
    printf5.o(i.__0vfprintf$5) refers to printf5.o(i._printf_core) for _printf_core
    printf5.o(i.__0vfprintf$5) refers to fputc.o(i.fputc) for fputc
    printf5.o(i.__0vprintf$5) refers to printf5.o(i._printf_core) for _printf_core
    printf5.o(i.__0vprintf$5) refers to fputc.o(i.fputc) for fputc
    printf5.o(i.__0vprintf$5) refers to stdout.o(.data) for __stdout
    printf5.o(i.__0vsnprintf$5) refers to printf5.o(i._printf_core) for _printf_core
    printf5.o(i.__0vsnprintf$5) refers to printf5.o(i._snputc) for _snputc
    printf5.o(i.__0vsprintf$5) refers to printf5.o(i._printf_core) for _printf_core
    printf5.o(i.__0vsprintf$5) refers to printf5.o(i._sputc) for _sputc
    printf5.o(i._printf_core) refers to uldiv.o(.text) for __aeabi_uldivmod
    printf6.o(i.__0fprintf$6) refers to printf6.o(i._printf_core) for _printf_core
    printf6.o(i.__0fprintf$6) refers to fputc.o(i.fputc) for fputc
    printf6.o(i.__0printf$6) refers to printf6.o(i._printf_core) for _printf_core
    printf6.o(i.__0printf$6) refers to fputc.o(i.fputc) for fputc
    printf6.o(i.__0printf$6) refers to stdout.o(.data) for __stdout
    printf6.o(i.__0snprintf$6) refers to printf6.o(i._printf_core) for _printf_core
    printf6.o(i.__0snprintf$6) refers to printf6.o(i._snputc) for _snputc
    printf6.o(i.__0sprintf$6) refers to printf6.o(i._printf_core) for _printf_core
    printf6.o(i.__0sprintf$6) refers to printf6.o(i._sputc) for _sputc
    printf6.o(i.__0vfprintf$6) refers to printf6.o(i._printf_core) for _printf_core
    printf6.o(i.__0vfprintf$6) refers to fputc.o(i.fputc) for fputc
    printf6.o(i.__0vprintf$6) refers to printf6.o(i._printf_core) for _printf_core
    printf6.o(i.__0vprintf$6) refers to fputc.o(i.fputc) for fputc
    printf6.o(i.__0vprintf$6) refers to stdout.o(.data) for __stdout
    printf6.o(i.__0vsnprintf$6) refers to printf6.o(i._printf_core) for _printf_core
    printf6.o(i.__0vsnprintf$6) refers to printf6.o(i._snputc) for _snputc
    printf6.o(i.__0vsprintf$6) refers to printf6.o(i._printf_core) for _printf_core
    printf6.o(i.__0vsprintf$6) refers to printf6.o(i._sputc) for _sputc
    printf6.o(i._printf_core) refers to printf6.o(i._printf_pre_padding) for _printf_pre_padding
    printf6.o(i._printf_core) refers to uidiv.o(.text) for __aeabi_uidivmod
    printf6.o(i._printf_core) refers to printf6.o(i._printf_post_padding) for _printf_post_padding
    printf7.o(i.__0fprintf$7) refers to printf7.o(i._printf_core) for _printf_core
    printf7.o(i.__0fprintf$7) refers to fputc.o(i.fputc) for fputc
    printf7.o(i.__0printf$7) refers to printf7.o(i._printf_core) for _printf_core
    printf7.o(i.__0printf$7) refers to fputc.o(i.fputc) for fputc
    printf7.o(i.__0printf$7) refers to stdout.o(.data) for __stdout
    printf7.o(i.__0snprintf$7) refers to printf7.o(i._printf_core) for _printf_core
    printf7.o(i.__0snprintf$7) refers to printf7.o(i._snputc) for _snputc
    printf7.o(i.__0sprintf$7) refers to printf7.o(i._printf_core) for _printf_core
    printf7.o(i.__0sprintf$7) refers to printf7.o(i._sputc) for _sputc
    printf7.o(i.__0vfprintf$7) refers to printf7.o(i._printf_core) for _printf_core
    printf7.o(i.__0vfprintf$7) refers to fputc.o(i.fputc) for fputc
    printf7.o(i.__0vprintf$7) refers to printf7.o(i._printf_core) for _printf_core
    printf7.o(i.__0vprintf$7) refers to fputc.o(i.fputc) for fputc
    printf7.o(i.__0vprintf$7) refers to stdout.o(.data) for __stdout
    printf7.o(i.__0vsnprintf$7) refers to printf7.o(i._printf_core) for _printf_core
    printf7.o(i.__0vsnprintf$7) refers to printf7.o(i._snputc) for _snputc
    printf7.o(i.__0vsprintf$7) refers to printf7.o(i._printf_core) for _printf_core
    printf7.o(i.__0vsprintf$7) refers to printf7.o(i._sputc) for _sputc
    printf7.o(i._printf_core) refers to printf7.o(i._printf_pre_padding) for _printf_pre_padding
    printf7.o(i._printf_core) refers to uldiv.o(.text) for __aeabi_uldivmod
    printf7.o(i._printf_core) refers to printf7.o(i._printf_post_padding) for _printf_post_padding
    printf8.o(i.__0fprintf$8) refers to printf8.o(i._printf_core) for _printf_core
    printf8.o(i.__0fprintf$8) refers to fputc.o(i.fputc) for fputc
    printf8.o(i.__0printf$8) refers to printf8.o(i._printf_core) for _printf_core
    printf8.o(i.__0printf$8) refers to fputc.o(i.fputc) for fputc
    printf8.o(i.__0printf$8) refers to stdout.o(.data) for __stdout
    printf8.o(i.__0snprintf$8) refers to printf8.o(i._printf_core) for _printf_core
    printf8.o(i.__0snprintf$8) refers to printf8.o(i._snputc) for _snputc
    printf8.o(i.__0sprintf$8) refers to printf8.o(i._printf_core) for _printf_core
    printf8.o(i.__0sprintf$8) refers to printf8.o(i._sputc) for _sputc
    printf8.o(i.__0vfprintf$8) refers to printf8.o(i._printf_core) for _printf_core
    printf8.o(i.__0vfprintf$8) refers to fputc.o(i.fputc) for fputc
    printf8.o(i.__0vprintf$8) refers to printf8.o(i._printf_core) for _printf_core
    printf8.o(i.__0vprintf$8) refers to fputc.o(i.fputc) for fputc
    printf8.o(i.__0vprintf$8) refers to stdout.o(.data) for __stdout
    printf8.o(i.__0vsnprintf$8) refers to printf8.o(i._printf_core) for _printf_core
    printf8.o(i.__0vsnprintf$8) refers to printf8.o(i._snputc) for _snputc
    printf8.o(i.__0vsprintf$8) refers to printf8.o(i._printf_core) for _printf_core
    printf8.o(i.__0vsprintf$8) refers to printf8.o(i._sputc) for _sputc
    printf8.o(i._printf_core) refers to printf8.o(i._printf_pre_padding) for _printf_pre_padding
    printf8.o(i._printf_core) refers to uldiv.o(.text) for __aeabi_uldivmod
    printf8.o(i._printf_core) refers to printf8.o(i._printf_post_padding) for _printf_post_padding
    printfa.o(i.__0fprintf) refers (Special) to iusefp.o(.text) for __I$use$fp
    printfa.o(i.__0fprintf) refers to printfa.o(i._printf_core) for _printf_core
    printfa.o(i.__0fprintf) refers to fputc.o(i.fputc) for fputc
    printfa.o(i.__0printf) refers (Special) to iusefp.o(.text) for __I$use$fp
    printfa.o(i.__0printf) refers to printfa.o(i._printf_core) for _printf_core
    printfa.o(i.__0printf) refers to fputc.o(i.fputc) for fputc
    printfa.o(i.__0printf) refers to stdout.o(.data) for __stdout
    printfa.o(i.__0snprintf) refers (Special) to iusefp.o(.text) for __I$use$fp
    printfa.o(i.__0snprintf) refers to printfa.o(i._printf_core) for _printf_core
    printfa.o(i.__0snprintf) refers to printfa.o(i._snputc) for _snputc
    printfa.o(i.__0sprintf) refers (Special) to iusefp.o(.text) for __I$use$fp
    printfa.o(i.__0sprintf) refers to printfa.o(i._printf_core) for _printf_core
    printfa.o(i.__0sprintf) refers to printfa.o(i._sputc) for _sputc
    printfa.o(i.__0vfprintf) refers (Special) to iusefp.o(.text) for __I$use$fp
    printfa.o(i.__0vfprintf) refers to printfa.o(i._printf_core) for _printf_core
    printfa.o(i.__0vfprintf) refers to fputc.o(i.fputc) for fputc
    printfa.o(i.__0vprintf) refers (Special) to iusefp.o(.text) for __I$use$fp
    printfa.o(i.__0vprintf) refers to printfa.o(i._printf_core) for _printf_core
    printfa.o(i.__0vprintf) refers to fputc.o(i.fputc) for fputc
    printfa.o(i.__0vprintf) refers to stdout.o(.data) for __stdout
    printfa.o(i.__0vsnprintf) refers (Special) to iusefp.o(.text) for __I$use$fp
    printfa.o(i.__0vsnprintf) refers to printfa.o(i._printf_core) for _printf_core
    printfa.o(i.__0vsnprintf) refers to printfa.o(i._snputc) for _snputc
    printfa.o(i.__0vsprintf) refers (Special) to iusefp.o(.text) for __I$use$fp
    printfa.o(i.__0vsprintf) refers to printfa.o(i._printf_core) for _printf_core
    printfa.o(i.__0vsprintf) refers to printfa.o(i._sputc) for _sputc
    printfa.o(i._fp_digits) refers (Special) to iusefp.o(.text) for __I$use$fp
    printfa.o(i._fp_digits) refers to dmul.o(.text) for __aeabi_dmul
    printfa.o(i._fp_digits) refers to ddiv.o(.text) for __aeabi_ddiv
    printfa.o(i._fp_digits) refers to cdrcmple.o(.text) for __aeabi_cdrcmple
    printfa.o(i._fp_digits) refers to dadd.o(.text) for __aeabi_dadd
    printfa.o(i._fp_digits) refers to dfixul.o(.text) for __aeabi_d2ulz
    printfa.o(i._fp_digits) refers to uldiv.o(.text) for __aeabi_uldivmod
    printfa.o(i._printf_core) refers (Special) to iusefp.o(.text) for __I$use$fp
    printfa.o(i._printf_core) refers to printfa.o(i._printf_pre_padding) for _printf_pre_padding
    printfa.o(i._printf_core) refers to uldiv.o(.text) for __aeabi_uldivmod
    printfa.o(i._printf_core) refers to printfa.o(i._printf_post_padding) for _printf_post_padding
    printfa.o(i._printf_core) refers to printfa.o(i._fp_digits) for _fp_digits
    printfa.o(i._printf_core) refers to uidiv.o(.text) for __aeabi_uidivmod
    printfa.o(i._printf_post_padding) refers (Special) to iusefp.o(.text) for __I$use$fp
    printfa.o(i._printf_pre_padding) refers (Special) to iusefp.o(.text) for __I$use$fp
    printfa.o(i._snputc) refers (Special) to iusefp.o(.text) for __I$use$fp
    printfa.o(i._sputc) refers (Special) to iusefp.o(.text) for __I$use$fp
    malloc.o(i.free) refers to mvars.o(.data) for __microlib_freelist
    malloc.o(i.malloc) refers to mvars.o(.data) for __microlib_freelist_initialised
    malloc.o(i.malloc) refers to mvars.o(.data) for __microlib_freelist
    malloc.o(i.malloc) refers to startup_stm32f103xb.o(HEAP) for __heap_base
    mallocr.o(i.__free$realloc) refers to mvars.o(.data) for __microlib_freelist
    mallocr.o(i.__malloc$realloc) refers to mallocr.o(i.internal_alloc) for internal_alloc
    mallocr.o(i.__malloc$realloc) refers to mvars.o(.data) for __microlib_freelist_initialised
    mallocr.o(i.__malloc$realloc) refers to startup_stm32f103xb.o(HEAP) for __heap_base
    mallocr.o(i.__malloc$realloc) refers to mvars.o(.data) for __microlib_freelist
    mallocr.o(i.internal_alloc) refers to memcpya.o(.text) for __aeabi_memcpy
    mallocr.o(i.internal_alloc) refers to mvars.o(.data) for __microlib_freelist
    mallocr.o(i.realloc) refers to mallocr.o(i.__free$realloc) for __free$realloc
    mallocr.o(i.realloc) refers to mallocr.o(i.internal_alloc) for internal_alloc
    mallocr.o(i.realloc) refers to mallocr.o(i.__malloc$realloc) for __malloc$realloc
    mallocr.o(i.realloc) refers to mvars.o(.data) for __microlib_freelist
    malloca.o(i.__aligned_malloc) refers to mvars.o(.data) for __microlib_freelist_initialised
    malloca.o(i.__aligned_malloc) refers to mvars.o(.data) for __microlib_freelist
    malloca.o(i.__aligned_malloc) refers to startup_stm32f103xb.o(HEAP) for __heap_base
    malloca.o(i.__free$memalign) refers to mvars.o(.data) for __microlib_freelist
    malloca.o(i.__malloc$memalign) refers to malloca.o(i.__aligned_malloc) for __aligned_malloc
    mallocra.o(i.__aligned_malloc$realloc) refers to mallocra.o(i.internal_alloc) for internal_alloc
    mallocra.o(i.__aligned_malloc$realloc) refers to mvars.o(.data) for __microlib_freelist_initialised
    mallocra.o(i.__aligned_malloc$realloc) refers to startup_stm32f103xb.o(HEAP) for __heap_base
    mallocra.o(i.__aligned_malloc$realloc) refers to mvars.o(.data) for __microlib_freelist
    mallocra.o(i.__free$realloc$memalign) refers to mvars.o(.data) for __microlib_freelist
    mallocra.o(i.__malloc$realloc$memalign) refers to mallocra.o(i.__aligned_malloc$realloc) for __aligned_malloc$realloc
    mallocra.o(i.__realloc$memalign) refers to mallocra.o(i.__free$realloc$memalign) for __free$realloc$memalign
    mallocra.o(i.__realloc$memalign) refers to mallocra.o(i.internal_alloc) for internal_alloc
    mallocra.o(i.__realloc$memalign) refers to mallocra.o(i.__malloc$realloc$memalign) for __malloc$realloc$memalign
    mallocra.o(i.__realloc$memalign) refers to mvars.o(.data) for __microlib_freelist
    mallocra.o(i.internal_alloc) refers to memcpya.o(.text) for __aeabi_memcpy
    mallocra.o(i.internal_alloc) refers to mvars.o(.data) for __microlib_freelist
    atoi.o(.text) refers to errno.o(i.__aeabi_errno_addr) for __aeabi_errno_addr
    atoi.o(.text) refers to strtol.o(.text) for strtol
    fadd.o(.text) refers (Special) to iusefp.o(.text) for __I$use$fp
    fadd.o(.text) refers to fepilogue.o(.text) for _float_epilogue
    fmul.o(.text) refers (Special) to iusefp.o(.text) for __I$use$fp
    fdiv.o(.text) refers (Special) to iusefp.o(.text) for __I$use$fp
    fdiv.o(.text) refers to fepilogue.o(.text) for _float_round
    fflti.o(.text) refers (Special) to iusefp.o(.text) for __I$use$fp
    fflti.o(.text) refers to fepilogue.o(.text) for _float_epilogue
    ffltui.o(.text) refers (Special) to iusefp.o(.text) for __I$use$fp
    ffltui.o(.text) refers to fepilogue.o(.text) for _float_epilogue
    ffixui.o(.text) refers (Special) to iusefp.o(.text) for __I$use$fp
    f2d.o(.text) refers (Special) to iusefp.o(.text) for __I$use$fp
    entry2.o(.ARM.Collect$$$$00000001) refers to entry2.o(.ARM.Collect$$$$00002712) for __lit__00000000
    entry2.o(.ARM.Collect$$$$00002712) refers to startup_stm32f103xb.o(STACK) for __initial_sp
    entry2.o(__vectab_stack_and_reset_area) refers to startup_stm32f103xb.o(STACK) for __initial_sp
    entry2.o(__vectab_stack_and_reset_area) refers to entry.o(.ARM.Collect$$$$00000000) for __main
    entry5.o(.ARM.Collect$$$$00000004) refers to init.o(.text) for __scatterload
    entry9a.o(.ARM.Collect$$$$0000000B) refers to components.o(i.$Sub$$main) for main
    entry9b.o(.ARM.Collect$$$$0000000C) refers to components.o(i.$Sub$$main) for main
    fputc.o(i.fputc) refers (Special) to iusesemip.o(.text) for __I$use$semihosting$fputc
    fputc.o(i.fputc) refers (Special) to semi.o(.text) for __semihosting_library_function
    uldiv.o(.text) refers to llushr.o(.text) for __aeabi_llsr
    uldiv.o(.text) refers to llshl.o(.text) for __aeabi_llsl
    localtime_w.o(.text) refers to localtime_i.o(.text) for _localtime
    localtime_w.o(.text) refers to localtime_w.o(.bss) for .bss
    localtime_i.o(.text) refers to localtime_i.o(.constdata) for .constdata
    errno.o(i.__aeabi_errno_addr) refers to errno.o(.data) for .data
    errno.o(i.__read_errno) refers to errno.o(.data) for .data
    errno.o(i.__set_errno) refers to errno.o(.data) for .data
    strtol.o(.text) refers to ctype_o.o(.text) for __rt_ctype_table
    strtol.o(.text) refers to _strtoul.o(.text) for _strtoul
    strtol.o(.text) refers to errno.o(i.__aeabi_errno_addr) for __aeabi_errno_addr
    dadd.o(.text) refers to llshl.o(.text) for __aeabi_llsl
    dadd.o(.text) refers to llsshr.o(.text) for __aeabi_lasr
    dadd.o(.text) refers to depilogue.o(.text) for _double_epilogue
    dmul.o(.text) refers to depilogue.o(.text) for _double_epilogue
    ddiv.o(.text) refers to depilogue.o(.text) for _double_round
    dfixul.o(.text) refers to llushr.o(.text) for __aeabi_llsr
    dfixul.o(.text) refers to llshl.o(.text) for __aeabi_llsl
    init.o(.text) refers to entry5.o(.ARM.Collect$$$$00000004) for __main_after_scatterload
    ctype_o.o(.text) refers to ctype_o.o(.constdata) for .constdata
    ctype_o.o(.constdata) refers to ctype_o.o(.constdata) for __ctype_table
    isalnum_o.o(.text) refers to ctype_o.o(.text) for __rt_ctype_table
    isalpha_o.o(.text) refers to ctype_o.o(.text) for __rt_ctype_table
    isblank_o.o(.text) refers to ctype_o.o(.constdata) for __ctype_table
    iscntrl_o.o(.text) refers to ctype_o.o(.text) for __rt_ctype_table
    isdigit_o.o(.text) refers to ctype_o.o(.text) for __rt_ctype_table
    isgraph_o.o(.text) refers to ctype_o.o(.text) for __rt_ctype_table
    islower_o.o(.text) refers to ctype_o.o(.text) for __rt_ctype_table
    isprint_o.o(.text) refers to ctype_o.o(.text) for __rt_ctype_table
    ispunct_o.o(.text) refers to ctype_o.o(.text) for __rt_ctype_table
    isspace_o.o(.text) refers to ctype_o.o(.text) for __rt_ctype_table
    isupper_o.o(.text) refers to ctype_o.o(.text) for __rt_ctype_table
    isxdigit_o.o(.text) refers to ctype_o.o(.text) for __rt_ctype_table
    _strtoul.o(.text) refers to _chval.o(.text) for _chval
    _strtoul.o(.text) refers to errno.o(i.__aeabi_errno_addr) for __aeabi_errno_addr
    depilogue.o(.text) refers to llshl.o(.text) for __aeabi_llsl
    depilogue.o(.text) refers to llushr.o(.text) for __aeabi_llsr


==============================================================================

Removing Unused input sections from the image.

    Removing main.o(.rev16_text), (4 bytes).
    Removing main.o(.revsh_text), (4 bytes).
    Removing main.o(.rrx_text), (6 bytes).
    Removing gpio.o(.rev16_text), (4 bytes).
    Removing gpio.o(.revsh_text), (4 bytes).
    Removing gpio.o(.rrx_text), (6 bytes).
    Removing rtc.o(.rev16_text), (4 bytes).
    Removing rtc.o(.revsh_text), (4 bytes).
    Removing rtc.o(.rrx_text), (6 bytes).
    Removing rtc.o(i.HAL_RTC_MspDeInit), (36 bytes).
    Removing tim.o(.rev16_text), (4 bytes).
    Removing tim.o(.revsh_text), (4 bytes).
    Removing tim.o(.rrx_text), (6 bytes).
    Removing tim.o(i.HAL_TIM_PWM_MspDeInit), (32 bytes).
    Removing usart.o(.rev16_text), (4 bytes).
    Removing usart.o(.revsh_text), (4 bytes).
    Removing usart.o(.rrx_text), (6 bytes).
    Removing usart.o(i.HAL_UART_MspDeInit), (96 bytes).
    Removing stm32f1xx_it.o(.rev16_text), (4 bytes).
    Removing stm32f1xx_it.o(.revsh_text), (4 bytes).
    Removing stm32f1xx_it.o(.rrx_text), (6 bytes).
    Removing stm32f1xx_hal_msp.o(.rev16_text), (4 bytes).
    Removing stm32f1xx_hal_msp.o(.revsh_text), (4 bytes).
    Removing stm32f1xx_hal_msp.o(.rrx_text), (6 bytes).
    Removing board.o(.rev16_text), (4 bytes).
    Removing board.o(.revsh_text), (4 bytes).
    Removing board.o(.rrx_text), (6 bytes).
    Removing board.o(i.rt_heap_begin_get), (8 bytes).
    Removing board.o(i.rt_heap_end_get), (8 bytes).
    Removing board.o(.bss), (4096 bytes).
    Removing bc28_thread.o(.rev16_text), (4 bytes).
    Removing bc28_thread.o(.revsh_text), (4 bytes).
    Removing bc28_thread.o(.rrx_text), (6 bytes).
    Removing bc28_thread.o(i.bc28_get_module_info), (292 bytes).
    Removing bc28_thread.o(i.bc28_get_module_stats), (316 bytes).
    Removing bc28_thread.o(.bss), (115 bytes).
    Removing user_main.o(.rev16_text), (4 bytes).
    Removing user_main.o(.revsh_text), (4 bytes).
    Removing user_main.o(.rrx_text), (6 bytes).
    Removing iot_thread.o(.rev16_text), (4 bytes).
    Removing iot_thread.o(.revsh_text), (4 bytes).
    Removing iot_thread.o(.rrx_text), (6 bytes).
    Removing iot_thread.o(i.recv_urc_data_deal), (324 bytes).
    Removing aepservicecodes.o(.rev16_text), (4 bytes).
    Removing aepservicecodes.o(.revsh_text), (4 bytes).
    Removing aepservicecodes.o(.rrx_text), (6 bytes).
    Removing aepservicecodes.o(i.RGB1_control_DecodeCmdDown), (152 bytes).
    Removing aepservicecodes.o(i.StrToHex), (80 bytes).
    Removing aepservicecodes.o(i.aep_htond), (168 bytes).
    Removing aepservicecodes.o(i.aep_htoni), (48 bytes).
    Removing aepservicecodes.o(i.aep_htonl), (168 bytes).
    Removing aepservicecodes.o(i.codeDataReportByIdToBytes), (84 bytes).
    Removing aepservicecodes.o(i.codeDataReportByIdToStr), (42 bytes).
    Removing aepservicecodes.o(i.codeDataReportByIdentifierToBytes), (84 bytes).
    Removing aepservicecodes.o(i.codeDataReportByIdentifierToStr), (68 bytes).
    Removing aepservicecodes.o(i.decodeCmdDownFromBytes), (76 bytes).
    Removing aepservicecodes.o(i.decodeCmdDownFromStr), (316 bytes).
    Removing aepservicecodes.o(i.motor_speed_control_DecodeCmdDown), (72 bytes).
    Removing i2c.o(.rev16_text), (4 bytes).
    Removing i2c.o(.revsh_text), (4 bytes).
    Removing i2c.o(.rrx_text), (6 bytes).
    Removing i2c.o(i.HAL_I2C_MspDeInit), (48 bytes).
    Removing user_event.o(.rev16_text), (4 bytes).
    Removing user_event.o(.revsh_text), (4 bytes).
    Removing user_event.o(.rrx_text), (6 bytes).
    Removing user_event.o(i.user_event_entry), (2 bytes).
    Removing stm32f1xx_hal_gpio_ex.o(.rev16_text), (4 bytes).
    Removing stm32f1xx_hal_gpio_ex.o(.revsh_text), (4 bytes).
    Removing stm32f1xx_hal_gpio_ex.o(.rrx_text), (6 bytes).
    Removing stm32f1xx_hal_gpio_ex.o(i.HAL_GPIOEx_ConfigEventout), (24 bytes).
    Removing stm32f1xx_hal_gpio_ex.o(i.HAL_GPIOEx_DisableEventout), (20 bytes).
    Removing stm32f1xx_hal_gpio_ex.o(i.HAL_GPIOEx_EnableEventout), (20 bytes).
    Removing stm32f1xx_hal_rtc.o(.rev16_text), (4 bytes).
    Removing stm32f1xx_hal_rtc.o(.revsh_text), (4 bytes).
    Removing stm32f1xx_hal_rtc.o(.rrx_text), (6 bytes).
    Removing stm32f1xx_hal_rtc.o(i.HAL_RTC_DeInit), (132 bytes).
    Removing stm32f1xx_hal_rtc.o(i.HAL_RTC_DeactivateAlarm), (144 bytes).
    Removing stm32f1xx_hal_rtc.o(i.HAL_RTC_GetState), (6 bytes).
    Removing stm32f1xx_hal_rtc.o(i.HAL_RTC_MspDeInit), (2 bytes).
    Removing stm32f1xx_hal_rtc.o(i.HAL_RTC_MspInit), (2 bytes).
    Removing stm32f1xx_hal_rtc.o(i.HAL_RTC_PollForAlarmAEvent), (70 bytes).
    Removing stm32f1xx_hal_rtc.o(i.HAL_RTC_SetAlarm_IT), (264 bytes).
    Removing stm32f1xx_hal_rtc_ex.o(.rev16_text), (4 bytes).
    Removing stm32f1xx_hal_rtc_ex.o(.revsh_text), (4 bytes).
    Removing stm32f1xx_hal_rtc_ex.o(.rrx_text), (6 bytes).
    Removing stm32f1xx_hal_rtc_ex.o(i.HAL_RTCEx_DeactivateSecond), (58 bytes).
    Removing stm32f1xx_hal_rtc_ex.o(i.HAL_RTCEx_DeactivateTamper), (96 bytes).
    Removing stm32f1xx_hal_rtc_ex.o(i.HAL_RTCEx_PollForTamper1Event), (80 bytes).
    Removing stm32f1xx_hal_rtc_ex.o(i.HAL_RTCEx_RTCEventCallback), (2 bytes).
    Removing stm32f1xx_hal_rtc_ex.o(i.HAL_RTCEx_RTCEventErrorCallback), (2 bytes).
    Removing stm32f1xx_hal_rtc_ex.o(i.HAL_RTCEx_RTCIRQHandler), (74 bytes).
    Removing stm32f1xx_hal_rtc_ex.o(i.HAL_RTCEx_SetSecond_IT), (58 bytes).
    Removing stm32f1xx_hal_rtc_ex.o(i.HAL_RTCEx_SetSmoothCalib), (68 bytes).
    Removing stm32f1xx_hal_rtc_ex.o(i.HAL_RTCEx_SetTamper), (104 bytes).
    Removing stm32f1xx_hal_rtc_ex.o(i.HAL_RTCEx_SetTamper_IT), (116 bytes).
    Removing stm32f1xx_hal_rtc_ex.o(i.HAL_RTCEx_Tamper1EventCallback), (2 bytes).
    Removing stm32f1xx_hal_rtc_ex.o(i.HAL_RTCEx_TamperIRQHandler), (52 bytes).
    Removing stm32f1xx_hal.o(.rev16_text), (4 bytes).
    Removing stm32f1xx_hal.o(.revsh_text), (4 bytes).
    Removing stm32f1xx_hal.o(.rrx_text), (6 bytes).
    Removing stm32f1xx_hal.o(i.HAL_DBGMCU_DisableDBGSleepMode), (20 bytes).
    Removing stm32f1xx_hal.o(i.HAL_DBGMCU_DisableDBGStandbyMode), (20 bytes).
    Removing stm32f1xx_hal.o(i.HAL_DBGMCU_DisableDBGStopMode), (20 bytes).
    Removing stm32f1xx_hal.o(i.HAL_DBGMCU_EnableDBGSleepMode), (20 bytes).
    Removing stm32f1xx_hal.o(i.HAL_DBGMCU_EnableDBGStandbyMode), (20 bytes).
    Removing stm32f1xx_hal.o(i.HAL_DBGMCU_EnableDBGStopMode), (20 bytes).
    Removing stm32f1xx_hal.o(i.HAL_DeInit), (36 bytes).
    Removing stm32f1xx_hal.o(i.HAL_Delay), (40 bytes).
    Removing stm32f1xx_hal.o(i.HAL_GetDEVID), (16 bytes).
    Removing stm32f1xx_hal.o(i.HAL_GetHalVersion), (8 bytes).
    Removing stm32f1xx_hal.o(i.HAL_GetREVID), (12 bytes).
    Removing stm32f1xx_hal.o(i.HAL_GetTickFreq), (12 bytes).
    Removing stm32f1xx_hal.o(i.HAL_GetTickPrio), (12 bytes).
    Removing stm32f1xx_hal.o(i.HAL_GetUIDw0), (12 bytes).
    Removing stm32f1xx_hal.o(i.HAL_GetUIDw1), (12 bytes).
    Removing stm32f1xx_hal.o(i.HAL_GetUIDw2), (12 bytes).
    Removing stm32f1xx_hal.o(i.HAL_IncTick), (24 bytes).
    Removing stm32f1xx_hal.o(i.HAL_MspDeInit), (2 bytes).
    Removing stm32f1xx_hal.o(i.HAL_MspInit), (2 bytes).
    Removing stm32f1xx_hal.o(i.HAL_ResumeTick), (18 bytes).
    Removing stm32f1xx_hal.o(i.HAL_SetTickFreq), (44 bytes).
    Removing stm32f1xx_hal.o(i.HAL_SuspendTick), (18 bytes).
    Removing stm32f1xx_hal_rcc.o(.rev16_text), (4 bytes).
    Removing stm32f1xx_hal_rcc.o(.revsh_text), (4 bytes).
    Removing stm32f1xx_hal_rcc.o(.rrx_text), (6 bytes).
    Removing stm32f1xx_hal_rcc.o(i.HAL_RCC_CSSCallback), (2 bytes).
    Removing stm32f1xx_hal_rcc.o(i.HAL_RCC_DeInit), (272 bytes).
    Removing stm32f1xx_hal_rcc.o(i.HAL_RCC_DisableCSS), (12 bytes).
    Removing stm32f1xx_hal_rcc.o(i.HAL_RCC_EnableCSS), (12 bytes).
    Removing stm32f1xx_hal_rcc.o(i.HAL_RCC_GetClockConfig), (68 bytes).
    Removing stm32f1xx_hal_rcc.o(i.HAL_RCC_GetOscConfig), (200 bytes).
    Removing stm32f1xx_hal_rcc.o(i.HAL_RCC_MCOConfig), (100 bytes).
    Removing stm32f1xx_hal_rcc.o(i.HAL_RCC_NMI_IRQHandler), (32 bytes).
    Removing stm32f1xx_hal_rcc_ex.o(.rev16_text), (4 bytes).
    Removing stm32f1xx_hal_rcc_ex.o(.revsh_text), (4 bytes).
    Removing stm32f1xx_hal_rcc_ex.o(.rrx_text), (6 bytes).
    Removing stm32f1xx_hal_rcc_ex.o(i.HAL_RCCEx_GetPeriphCLKConfig), (60 bytes).
    Removing stm32f1xx_hal_gpio.o(.rev16_text), (4 bytes).
    Removing stm32f1xx_hal_gpio.o(.revsh_text), (4 bytes).
    Removing stm32f1xx_hal_gpio.o(.rrx_text), (6 bytes).
    Removing stm32f1xx_hal_gpio.o(i.HAL_GPIO_DeInit), (308 bytes).
    Removing stm32f1xx_hal_gpio.o(i.HAL_GPIO_LockPin), (46 bytes).
    Removing stm32f1xx_hal_dma.o(.rev16_text), (4 bytes).
    Removing stm32f1xx_hal_dma.o(.revsh_text), (4 bytes).
    Removing stm32f1xx_hal_dma.o(.rrx_text), (6 bytes).
    Removing stm32f1xx_hal_dma.o(i.DMA_SetConfig), (44 bytes).
    Removing stm32f1xx_hal_dma.o(i.HAL_DMA_Abort), (86 bytes).
    Removing stm32f1xx_hal_dma.o(i.HAL_DMA_Abort_IT), (176 bytes).
    Removing stm32f1xx_hal_dma.o(i.HAL_DMA_DeInit), (104 bytes).
    Removing stm32f1xx_hal_dma.o(i.HAL_DMA_GetError), (6 bytes).
    Removing stm32f1xx_hal_dma.o(i.HAL_DMA_GetState), (8 bytes).
    Removing stm32f1xx_hal_dma.o(i.HAL_DMA_IRQHandler), (412 bytes).
    Removing stm32f1xx_hal_dma.o(i.HAL_DMA_Init), (104 bytes).
    Removing stm32f1xx_hal_dma.o(i.HAL_DMA_PollForTransfer), (692 bytes).
    Removing stm32f1xx_hal_dma.o(i.HAL_DMA_RegisterCallback), (90 bytes).
    Removing stm32f1xx_hal_dma.o(i.HAL_DMA_Start), (114 bytes).
    Removing stm32f1xx_hal_dma.o(i.HAL_DMA_Start_IT), (156 bytes).
    Removing stm32f1xx_hal_dma.o(i.HAL_DMA_UnRegisterCallback), (106 bytes).
    Removing stm32f1xx_hal_cortex.o(.rev16_text), (4 bytes).
    Removing stm32f1xx_hal_cortex.o(.revsh_text), (4 bytes).
    Removing stm32f1xx_hal_cortex.o(.rrx_text), (6 bytes).
    Removing stm32f1xx_hal_cortex.o(i.HAL_NVIC_ClearPendingIRQ), (36 bytes).
    Removing stm32f1xx_hal_cortex.o(i.HAL_NVIC_DisableIRQ), (68 bytes).
    Removing stm32f1xx_hal_cortex.o(i.HAL_NVIC_GetActive), (48 bytes).
    Removing stm32f1xx_hal_cortex.o(i.HAL_NVIC_GetPendingIRQ), (48 bytes).
    Removing stm32f1xx_hal_cortex.o(i.HAL_NVIC_GetPriority), (148 bytes).
    Removing stm32f1xx_hal_cortex.o(i.HAL_NVIC_GetPriorityGrouping), (8 bytes).
    Removing stm32f1xx_hal_cortex.o(i.HAL_NVIC_SetPendingIRQ), (36 bytes).
    Removing stm32f1xx_hal_cortex.o(i.HAL_NVIC_SystemReset), (68 bytes).
    Removing stm32f1xx_hal_cortex.o(i.HAL_SYSTICK_CLKSourceConfig), (40 bytes).
    Removing stm32f1xx_hal_cortex.o(i.HAL_SYSTICK_Callback), (2 bytes).
    Removing stm32f1xx_hal_cortex.o(i.HAL_SYSTICK_IRQHandler), (8 bytes).
    Removing stm32f1xx_hal_pwr.o(.rev16_text), (4 bytes).
    Removing stm32f1xx_hal_pwr.o(.revsh_text), (4 bytes).
    Removing stm32f1xx_hal_pwr.o(.rrx_text), (6 bytes).
    Removing stm32f1xx_hal_pwr.o(i.HAL_PWR_ConfigPVD), (180 bytes).
    Removing stm32f1xx_hal_pwr.o(i.HAL_PWR_DeInit), (28 bytes).
    Removing stm32f1xx_hal_pwr.o(i.HAL_PWR_DisableBkUpAccess), (12 bytes).
    Removing stm32f1xx_hal_pwr.o(i.HAL_PWR_DisablePVD), (12 bytes).
    Removing stm32f1xx_hal_pwr.o(i.HAL_PWR_DisableSEVOnPend), (20 bytes).
    Removing stm32f1xx_hal_pwr.o(i.HAL_PWR_DisableSleepOnExit), (20 bytes).
    Removing stm32f1xx_hal_pwr.o(i.HAL_PWR_DisableWakeUpPin), (28 bytes).
    Removing stm32f1xx_hal_pwr.o(i.HAL_PWR_EnablePVD), (12 bytes).
    Removing stm32f1xx_hal_pwr.o(i.HAL_PWR_EnableSEVOnPend), (20 bytes).
    Removing stm32f1xx_hal_pwr.o(i.HAL_PWR_EnableSleepOnExit), (20 bytes).
    Removing stm32f1xx_hal_pwr.o(i.HAL_PWR_EnableWakeUpPin), (28 bytes).
    Removing stm32f1xx_hal_pwr.o(i.HAL_PWR_EnterSLEEPMode), (32 bytes).
    Removing stm32f1xx_hal_pwr.o(i.HAL_PWR_EnterSTOPMode), (84 bytes).
    Removing stm32f1xx_hal_pwr.o(i.HAL_PWR_PVDCallback), (2 bytes).
    Removing stm32f1xx_hal_pwr.o(i.HAL_PWR_PVD_IRQHandler), (32 bytes).
    Removing stm32f1xx_hal_pwr.o(i.PWR_OverloadWfe), (6 bytes).
    Removing stm32f1xx_hal_flash.o(.rev16_text), (4 bytes).
    Removing stm32f1xx_hal_flash.o(.revsh_text), (4 bytes).
    Removing stm32f1xx_hal_flash.o(.rrx_text), (6 bytes).
    Removing stm32f1xx_hal_flash.o(i.FLASH_Program_HalfWord), (32 bytes).
    Removing stm32f1xx_hal_flash.o(i.FLASH_SetErrorCode), (132 bytes).
    Removing stm32f1xx_hal_flash.o(i.FLASH_WaitForLastOperation), (112 bytes).
    Removing stm32f1xx_hal_flash.o(i.HAL_FLASH_EndOfOperationCallback), (2 bytes).
    Removing stm32f1xx_hal_flash.o(i.HAL_FLASH_GetError), (12 bytes).
    Removing stm32f1xx_hal_flash.o(i.HAL_FLASH_IRQHandler), (384 bytes).
    Removing stm32f1xx_hal_flash.o(i.HAL_FLASH_Lock), (20 bytes).
    Removing stm32f1xx_hal_flash.o(i.HAL_FLASH_OB_Launch), (8 bytes).
    Removing stm32f1xx_hal_flash.o(i.HAL_FLASH_OB_Lock), (20 bytes).
    Removing stm32f1xx_hal_flash.o(i.HAL_FLASH_OB_Unlock), (44 bytes).
    Removing stm32f1xx_hal_flash.o(i.HAL_FLASH_OperationErrorCallback), (2 bytes).
    Removing stm32f1xx_hal_flash.o(i.HAL_FLASH_Program), (176 bytes).
    Removing stm32f1xx_hal_flash.o(i.HAL_FLASH_Program_IT), (124 bytes).
    Removing stm32f1xx_hal_flash.o(i.HAL_FLASH_Unlock), (48 bytes).
    Removing stm32f1xx_hal_flash.o(.bss), (32 bytes).
    Removing stm32f1xx_hal_flash_ex.o(.rev16_text), (4 bytes).
    Removing stm32f1xx_hal_flash_ex.o(.revsh_text), (4 bytes).
    Removing stm32f1xx_hal_flash_ex.o(.rrx_text), (6 bytes).
    Removing stm32f1xx_hal_flash_ex.o(i.FLASH_MassErase), (40 bytes).
    Removing stm32f1xx_hal_flash_ex.o(i.FLASH_OB_DisableWRP), (232 bytes).
    Removing stm32f1xx_hal_flash_ex.o(i.FLASH_OB_EnableWRP), (236 bytes).
    Removing stm32f1xx_hal_flash_ex.o(i.FLASH_OB_GetRDP), (28 bytes).
    Removing stm32f1xx_hal_flash_ex.o(i.FLASH_OB_GetUser), (16 bytes).
    Removing stm32f1xx_hal_flash_ex.o(i.FLASH_OB_GetWRP), (12 bytes).
    Removing stm32f1xx_hal_flash_ex.o(i.FLASH_OB_ProgramData), (76 bytes).
    Removing stm32f1xx_hal_flash_ex.o(i.FLASH_OB_RDP_LevelConfig), (124 bytes).
    Removing stm32f1xx_hal_flash_ex.o(i.FLASH_OB_UserConfig), (84 bytes).
    Removing stm32f1xx_hal_flash_ex.o(i.FLASH_PageErase), (40 bytes).
    Removing stm32f1xx_hal_flash_ex.o(i.HAL_FLASHEx_Erase), (176 bytes).
    Removing stm32f1xx_hal_flash_ex.o(i.HAL_FLASHEx_Erase_IT), (100 bytes).
    Removing stm32f1xx_hal_flash_ex.o(i.HAL_FLASHEx_OBErase), (96 bytes).
    Removing stm32f1xx_hal_flash_ex.o(i.HAL_FLASHEx_OBGetConfig), (28 bytes).
    Removing stm32f1xx_hal_flash_ex.o(i.HAL_FLASHEx_OBGetUserData), (40 bytes).
    Removing stm32f1xx_hal_flash_ex.o(i.HAL_FLASHEx_OBProgram), (200 bytes).
    Removing stm32f1xx_hal_exti.o(.rev16_text), (4 bytes).
    Removing stm32f1xx_hal_exti.o(.revsh_text), (4 bytes).
    Removing stm32f1xx_hal_exti.o(.rrx_text), (6 bytes).
    Removing stm32f1xx_hal_exti.o(i.HAL_EXTI_ClearConfigLine), (120 bytes).
    Removing stm32f1xx_hal_exti.o(i.HAL_EXTI_ClearPending), (28 bytes).
    Removing stm32f1xx_hal_exti.o(i.HAL_EXTI_GenerateSWI), (24 bytes).
    Removing stm32f1xx_hal_exti.o(i.HAL_EXTI_GetConfigLine), (176 bytes).
    Removing stm32f1xx_hal_exti.o(i.HAL_EXTI_GetHandle), (14 bytes).
    Removing stm32f1xx_hal_exti.o(i.HAL_EXTI_GetPending), (36 bytes).
    Removing stm32f1xx_hal_exti.o(i.HAL_EXTI_IRQHandler), (44 bytes).
    Removing stm32f1xx_hal_exti.o(i.HAL_EXTI_RegisterCallback), (20 bytes).
    Removing stm32f1xx_hal_exti.o(i.HAL_EXTI_SetConfigLine), (240 bytes).
    Removing stm32f1xx_hal_tim.o(.rev16_text), (4 bytes).
    Removing stm32f1xx_hal_tim.o(.revsh_text), (4 bytes).
    Removing stm32f1xx_hal_tim.o(.rrx_text), (6 bytes).
    Removing stm32f1xx_hal_tim.o(i.HAL_TIM_Base_DeInit), (70 bytes).
    Removing stm32f1xx_hal_tim.o(i.HAL_TIM_Base_GetState), (8 bytes).
    Removing stm32f1xx_hal_tim.o(i.HAL_TIM_Base_Init), (52 bytes).
    Removing stm32f1xx_hal_tim.o(i.HAL_TIM_Base_MspDeInit), (2 bytes).
    Removing stm32f1xx_hal_tim.o(i.HAL_TIM_Base_MspInit), (2 bytes).
    Removing stm32f1xx_hal_tim.o(i.HAL_TIM_Base_Start), (42 bytes).
    Removing stm32f1xx_hal_tim.o(i.HAL_TIM_Base_Start_DMA), (136 bytes).
    Removing stm32f1xx_hal_tim.o(i.HAL_TIM_Base_Start_IT), (42 bytes).
    Removing stm32f1xx_hal_tim.o(i.HAL_TIM_Base_Stop), (56 bytes).
    Removing stm32f1xx_hal_tim.o(i.HAL_TIM_Base_Stop_DMA), (70 bytes).
    Removing stm32f1xx_hal_tim.o(i.HAL_TIM_Base_Stop_IT), (56 bytes).
    Removing stm32f1xx_hal_tim.o(i.HAL_TIM_ConfigClockSource), (264 bytes).
    Removing stm32f1xx_hal_tim.o(i.HAL_TIM_ConfigOCrefClear), (270 bytes).
    Removing stm32f1xx_hal_tim.o(i.HAL_TIM_ConfigTI1Input), (22 bytes).
    Removing stm32f1xx_hal_tim.o(i.HAL_TIM_DMABurst_ReadStart), (488 bytes).
    Removing stm32f1xx_hal_tim.o(i.HAL_TIM_DMABurst_ReadStop), (146 bytes).
    Removing stm32f1xx_hal_tim.o(i.HAL_TIM_DMABurst_WriteStart), (488 bytes).
    Removing stm32f1xx_hal_tim.o(i.HAL_TIM_DMABurst_WriteStop), (146 bytes).
    Removing stm32f1xx_hal_tim.o(i.HAL_TIM_Encoder_DeInit), (70 bytes).
    Removing stm32f1xx_hal_tim.o(i.HAL_TIM_Encoder_GetState), (8 bytes).
    Removing stm32f1xx_hal_tim.o(i.HAL_TIM_Encoder_Init), (170 bytes).
    Removing stm32f1xx_hal_tim.o(i.HAL_TIM_Encoder_MspDeInit), (2 bytes).
    Removing stm32f1xx_hal_tim.o(i.HAL_TIM_Encoder_MspInit), (2 bytes).
    Removing stm32f1xx_hal_tim.o(i.HAL_TIM_Encoder_Start), (78 bytes).
    Removing stm32f1xx_hal_tim.o(i.HAL_TIM_Encoder_Start_DMA), (380 bytes).
    Removing stm32f1xx_hal_tim.o(i.HAL_TIM_Encoder_Start_IT), (126 bytes).
    Removing stm32f1xx_hal_tim.o(i.HAL_TIM_Encoder_Stop), (104 bytes).
    Removing stm32f1xx_hal_tim.o(i.HAL_TIM_Encoder_Stop_DMA), (176 bytes).
    Removing stm32f1xx_hal_tim.o(i.HAL_TIM_Encoder_Stop_IT), (152 bytes).
    Removing stm32f1xx_hal_tim.o(i.HAL_TIM_ErrorCallback), (2 bytes).
    Removing stm32f1xx_hal_tim.o(i.HAL_TIM_GenerateEvent), (54 bytes).
    Removing stm32f1xx_hal_tim.o(i.HAL_TIM_IC_CaptureCallback), (2 bytes).
    Removing stm32f1xx_hal_tim.o(i.HAL_TIM_IC_CaptureHalfCpltCallback), (2 bytes).
    Removing stm32f1xx_hal_tim.o(i.HAL_TIM_IC_ConfigChannel), (224 bytes).
    Removing stm32f1xx_hal_tim.o(i.HAL_TIM_IC_DeInit), (70 bytes).
    Removing stm32f1xx_hal_tim.o(i.HAL_TIM_IC_GetState), (8 bytes).
    Removing stm32f1xx_hal_tim.o(i.HAL_TIM_IC_Init), (52 bytes).
    Removing stm32f1xx_hal_tim.o(i.HAL_TIM_IC_MspDeInit), (2 bytes).
    Removing stm32f1xx_hal_tim.o(i.HAL_TIM_IC_MspInit), (2 bytes).
    Removing stm32f1xx_hal_tim.o(i.HAL_TIM_IC_Start), (44 bytes).
    Removing stm32f1xx_hal_tim.o(i.HAL_TIM_IC_Start_DMA), (332 bytes).
    Removing stm32f1xx_hal_tim.o(i.HAL_TIM_IC_Start_IT), (120 bytes).
    Removing stm32f1xx_hal_tim.o(i.HAL_TIM_IC_Stop), (58 bytes).
    Removing stm32f1xx_hal_tim.o(i.HAL_TIM_IC_Stop_DMA), (164 bytes).
    Removing stm32f1xx_hal_tim.o(i.HAL_TIM_IC_Stop_IT), (134 bytes).
    Removing stm32f1xx_hal_tim.o(i.HAL_TIM_IRQHandler), (406 bytes).
    Removing stm32f1xx_hal_tim.o(i.HAL_TIM_OC_ConfigChannel), (116 bytes).
    Removing stm32f1xx_hal_tim.o(i.HAL_TIM_OC_DeInit), (70 bytes).
    Removing stm32f1xx_hal_tim.o(i.HAL_TIM_OC_DelayElapsedCallback), (2 bytes).
    Removing stm32f1xx_hal_tim.o(i.HAL_TIM_OC_GetState), (8 bytes).
    Removing stm32f1xx_hal_tim.o(i.HAL_TIM_OC_Init), (52 bytes).
    Removing stm32f1xx_hal_tim.o(i.HAL_TIM_OC_MspDeInit), (2 bytes).
    Removing stm32f1xx_hal_tim.o(i.HAL_TIM_OC_MspInit), (2 bytes).
    Removing stm32f1xx_hal_tim.o(i.HAL_TIM_OC_Start), (76 bytes).
    Removing stm32f1xx_hal_tim.o(i.HAL_TIM_OC_Start_DMA), (364 bytes).
    Removing stm32f1xx_hal_tim.o(i.HAL_TIM_OC_Start_IT), (152 bytes).
    Removing stm32f1xx_hal_tim.o(i.HAL_TIM_OC_Stop), (116 bytes).
    Removing stm32f1xx_hal_tim.o(i.HAL_TIM_OC_Stop_DMA), (224 bytes).
    Removing stm32f1xx_hal_tim.o(i.HAL_TIM_OC_Stop_IT), (192 bytes).
    Removing stm32f1xx_hal_tim.o(i.HAL_TIM_OnePulse_ConfigChannel), (286 bytes).
    Removing stm32f1xx_hal_tim.o(i.HAL_TIM_OnePulse_DeInit), (70 bytes).
    Removing stm32f1xx_hal_tim.o(i.HAL_TIM_OnePulse_GetState), (8 bytes).
    Removing stm32f1xx_hal_tim.o(i.HAL_TIM_OnePulse_Init), (76 bytes).
    Removing stm32f1xx_hal_tim.o(i.HAL_TIM_OnePulse_MspDeInit), (2 bytes).
    Removing stm32f1xx_hal_tim.o(i.HAL_TIM_OnePulse_MspInit), (2 bytes).
    Removing stm32f1xx_hal_tim.o(i.HAL_TIM_OnePulse_Start), (64 bytes).
    Removing stm32f1xx_hal_tim.o(i.HAL_TIM_OnePulse_Start_IT), (88 bytes).
    Removing stm32f1xx_hal_tim.o(i.HAL_TIM_OnePulse_Stop), (128 bytes).
    Removing stm32f1xx_hal_tim.o(i.HAL_TIM_OnePulse_Stop_IT), (152 bytes).
    Removing stm32f1xx_hal_tim.o(i.HAL_TIM_PWM_DeInit), (70 bytes).
    Removing stm32f1xx_hal_tim.o(i.HAL_TIM_PWM_GetState), (8 bytes).
    Removing stm32f1xx_hal_tim.o(i.HAL_TIM_PWM_MspDeInit), (2 bytes).
    Removing stm32f1xx_hal_tim.o(i.HAL_TIM_PWM_MspInit), (2 bytes).
    Removing stm32f1xx_hal_tim.o(i.HAL_TIM_PWM_PulseFinishedCallback), (2 bytes).
    Removing stm32f1xx_hal_tim.o(i.HAL_TIM_PWM_PulseFinishedHalfCpltCallback), (2 bytes).
    Removing stm32f1xx_hal_tim.o(i.HAL_TIM_PWM_Start_DMA), (364 bytes).
    Removing stm32f1xx_hal_tim.o(i.HAL_TIM_PWM_Start_IT), (152 bytes).
    Removing stm32f1xx_hal_tim.o(i.HAL_TIM_PWM_Stop), (124 bytes).
    Removing stm32f1xx_hal_tim.o(i.HAL_TIM_PWM_Stop_DMA), (224 bytes).
    Removing stm32f1xx_hal_tim.o(i.HAL_TIM_PWM_Stop_IT), (192 bytes).
    Removing stm32f1xx_hal_tim.o(i.HAL_TIM_PeriodElapsedCallback), (2 bytes).
    Removing stm32f1xx_hal_tim.o(i.HAL_TIM_PeriodElapsedHalfCpltCallback), (2 bytes).
    Removing stm32f1xx_hal_tim.o(i.HAL_TIM_ReadCapturedValue), (50 bytes).
    Removing stm32f1xx_hal_tim.o(i.HAL_TIM_SlaveConfigSynchro), (108 bytes).
    Removing stm32f1xx_hal_tim.o(i.HAL_TIM_SlaveConfigSynchro_IT), (108 bytes).
    Removing stm32f1xx_hal_tim.o(i.HAL_TIM_TriggerCallback), (2 bytes).
    Removing stm32f1xx_hal_tim.o(i.HAL_TIM_TriggerHalfCpltCallback), (2 bytes).
    Removing stm32f1xx_hal_tim.o(i.TIM_DMACaptureCplt), (70 bytes).
    Removing stm32f1xx_hal_tim.o(i.TIM_DMACaptureHalfCplt), (70 bytes).
    Removing stm32f1xx_hal_tim.o(i.TIM_DMADelayPulseCplt), (70 bytes).
    Removing stm32f1xx_hal_tim.o(i.TIM_DMADelayPulseHalfCplt), (70 bytes).
    Removing stm32f1xx_hal_tim.o(i.TIM_DMAError), (20 bytes).
    Removing stm32f1xx_hal_tim.o(i.TIM_DMAPeriodElapsedCplt), (20 bytes).
    Removing stm32f1xx_hal_tim.o(i.TIM_DMAPeriodElapsedHalfCplt), (20 bytes).
    Removing stm32f1xx_hal_tim.o(i.TIM_DMATriggerCplt), (20 bytes).
    Removing stm32f1xx_hal_tim.o(i.TIM_DMATriggerHalfCplt), (20 bytes).
    Removing stm32f1xx_hal_tim.o(i.TIM_ETR_SetConfig), (22 bytes).
    Removing stm32f1xx_hal_tim.o(i.TIM_ITRx_SetConfig), (18 bytes).
    Removing stm32f1xx_hal_tim.o(i.TIM_SlaveTimer_SetConfig), (170 bytes).
    Removing stm32f1xx_hal_tim.o(i.TIM_TI1_ConfigInputStage), (38 bytes).
    Removing stm32f1xx_hal_tim.o(i.TIM_TI1_SetConfig), (104 bytes).
    Removing stm32f1xx_hal_tim.o(i.TIM_TI2_ConfigInputStage), (40 bytes).
    Removing stm32f1xx_hal_tim.o(i.TIM_TI2_SetConfig), (58 bytes).
    Removing stm32f1xx_hal_tim.o(i.TIM_TI3_SetConfig), (56 bytes).
    Removing stm32f1xx_hal_tim.o(i.TIM_TI4_SetConfig), (60 bytes).
    Removing stm32f1xx_hal_tim_ex.o(.rev16_text), (4 bytes).
    Removing stm32f1xx_hal_tim_ex.o(.revsh_text), (4 bytes).
    Removing stm32f1xx_hal_tim_ex.o(.rrx_text), (6 bytes).
    Removing stm32f1xx_hal_tim_ex.o(i.HAL_TIMEx_BreakCallback), (2 bytes).
    Removing stm32f1xx_hal_tim_ex.o(i.HAL_TIMEx_CommutCallback), (2 bytes).
    Removing stm32f1xx_hal_tim_ex.o(i.HAL_TIMEx_CommutHalfCpltCallback), (2 bytes).
    Removing stm32f1xx_hal_tim_ex.o(i.HAL_TIMEx_ConfigBreakDeadTime), (116 bytes).
    Removing stm32f1xx_hal_tim_ex.o(i.HAL_TIMEx_ConfigCommutEvent), (134 bytes).
    Removing stm32f1xx_hal_tim_ex.o(i.HAL_TIMEx_ConfigCommutEvent_DMA), (164 bytes).
    Removing stm32f1xx_hal_tim_ex.o(i.HAL_TIMEx_ConfigCommutEvent_IT), (134 bytes).
    Removing stm32f1xx_hal_tim_ex.o(i.HAL_TIMEx_HallSensor_DeInit), (70 bytes).
    Removing stm32f1xx_hal_tim_ex.o(i.HAL_TIMEx_HallSensor_GetState), (8 bytes).
    Removing stm32f1xx_hal_tim_ex.o(i.HAL_TIMEx_HallSensor_Init), (208 bytes).
    Removing stm32f1xx_hal_tim_ex.o(i.HAL_TIMEx_HallSensor_MspDeInit), (2 bytes).
    Removing stm32f1xx_hal_tim_ex.o(i.HAL_TIMEx_HallSensor_MspInit), (2 bytes).
    Removing stm32f1xx_hal_tim_ex.o(i.HAL_TIMEx_HallSensor_Start), (42 bytes).
    Removing stm32f1xx_hal_tim_ex.o(i.HAL_TIMEx_HallSensor_Start_DMA), (144 bytes).
    Removing stm32f1xx_hal_tim_ex.o(i.HAL_TIMEx_HallSensor_Start_IT), (54 bytes).
    Removing stm32f1xx_hal_tim_ex.o(i.HAL_TIMEx_HallSensor_Stop), (56 bytes).
    Removing stm32f1xx_hal_tim_ex.o(i.HAL_TIMEx_HallSensor_Stop_DMA), (74 bytes).
    Removing stm32f1xx_hal_tim_ex.o(i.HAL_TIMEx_HallSensor_Stop_IT), (68 bytes).
    Removing stm32f1xx_hal_tim_ex.o(i.HAL_TIMEx_OCN_Start), (56 bytes).
    Removing stm32f1xx_hal_tim_ex.o(i.HAL_TIMEx_OCN_Start_DMA), (288 bytes).
    Removing stm32f1xx_hal_tim_ex.o(i.HAL_TIMEx_OCN_Start_IT), (126 bytes).
    Removing stm32f1xx_hal_tim_ex.o(i.HAL_TIMEx_OCN_Stop), (96 bytes).
    Removing stm32f1xx_hal_tim_ex.o(i.HAL_TIMEx_OCN_Stop_DMA), (178 bytes).
    Removing stm32f1xx_hal_tim_ex.o(i.HAL_TIMEx_OCN_Stop_IT), (178 bytes).
    Removing stm32f1xx_hal_tim_ex.o(i.HAL_TIMEx_OnePulseN_Start), (32 bytes).
    Removing stm32f1xx_hal_tim_ex.o(i.HAL_TIMEx_OnePulseN_Start_IT), (56 bytes).
    Removing stm32f1xx_hal_tim_ex.o(i.HAL_TIMEx_OnePulseN_Stop), (96 bytes).
    Removing stm32f1xx_hal_tim_ex.o(i.HAL_TIMEx_OnePulseN_Stop_IT), (120 bytes).
    Removing stm32f1xx_hal_tim_ex.o(i.HAL_TIMEx_PWMN_Start), (56 bytes).
    Removing stm32f1xx_hal_tim_ex.o(i.HAL_TIMEx_PWMN_Start_DMA), (288 bytes).
    Removing stm32f1xx_hal_tim_ex.o(i.HAL_TIMEx_PWMN_Start_IT), (126 bytes).
    Removing stm32f1xx_hal_tim_ex.o(i.HAL_TIMEx_PWMN_Stop), (96 bytes).
    Removing stm32f1xx_hal_tim_ex.o(i.HAL_TIMEx_PWMN_Stop_DMA), (178 bytes).
    Removing stm32f1xx_hal_tim_ex.o(i.HAL_TIMEx_PWMN_Stop_IT), (178 bytes).
    Removing stm32f1xx_hal_tim_ex.o(i.HAL_TIMEx_RemapConfig), (6 bytes).
    Removing stm32f1xx_hal_tim_ex.o(i.TIMEx_DMACommutationCplt), (20 bytes).
    Removing stm32f1xx_hal_tim_ex.o(i.TIMEx_DMACommutationHalfCplt), (20 bytes).
    Removing stm32f1xx_hal_tim_ex.o(i.TIM_CCxNChannelCmd), (34 bytes).
    Removing stm32f1xx_hal_uart.o(.rev16_text), (4 bytes).
    Removing stm32f1xx_hal_uart.o(.revsh_text), (4 bytes).
    Removing stm32f1xx_hal_uart.o(.rrx_text), (6 bytes).
    Removing stm32f1xx_hal_uart.o(i.HAL_HalfDuplex_EnableReceiver), (68 bytes).
    Removing stm32f1xx_hal_uart.o(i.HAL_HalfDuplex_EnableTransmitter), (68 bytes).
    Removing stm32f1xx_hal_uart.o(i.HAL_HalfDuplex_Init), (118 bytes).
    Removing stm32f1xx_hal_uart.o(i.HAL_LIN_Init), (142 bytes).
    Removing stm32f1xx_hal_uart.o(i.HAL_LIN_SendBreak), (62 bytes).
    Removing stm32f1xx_hal_uart.o(i.HAL_MultiProcessor_EnterMuteMode), (62 bytes).
    Removing stm32f1xx_hal_uart.o(i.HAL_MultiProcessor_ExitMuteMode), (62 bytes).
    Removing stm32f1xx_hal_uart.o(i.HAL_MultiProcessor_Init), (154 bytes).
    Removing stm32f1xx_hal_uart.o(i.HAL_UART_Abort), (166 bytes).
    Removing stm32f1xx_hal_uart.o(i.HAL_UART_AbortCpltCallback), (2 bytes).
    Removing stm32f1xx_hal_uart.o(i.HAL_UART_AbortReceive), (100 bytes).
    Removing stm32f1xx_hal_uart.o(i.HAL_UART_AbortReceiveCpltCallback), (2 bytes).
    Removing stm32f1xx_hal_uart.o(i.HAL_UART_AbortReceive_IT), (120 bytes).
    Removing stm32f1xx_hal_uart.o(i.HAL_UART_AbortTransmit), (88 bytes).
    Removing stm32f1xx_hal_uart.o(i.HAL_UART_AbortTransmitCpltCallback), (2 bytes).
    Removing stm32f1xx_hal_uart.o(i.HAL_UART_AbortTransmit_IT), (108 bytes).
    Removing stm32f1xx_hal_uart.o(i.HAL_UART_Abort_IT), (216 bytes).
    Removing stm32f1xx_hal_uart.o(i.HAL_UART_DMAPause), (124 bytes).
    Removing stm32f1xx_hal_uart.o(i.HAL_UART_DMAResume), (126 bytes).
    Removing stm32f1xx_hal_uart.o(i.HAL_UART_DMAStop), (102 bytes).
    Removing stm32f1xx_hal_uart.o(i.HAL_UART_DeInit), (58 bytes).
    Removing stm32f1xx_hal_uart.o(i.HAL_UART_ErrorCallback), (2 bytes).
    Removing stm32f1xx_hal_uart.o(i.HAL_UART_GetError), (6 bytes).
    Removing stm32f1xx_hal_uart.o(i.HAL_UART_GetState), (20 bytes).
    Removing stm32f1xx_hal_uart.o(i.HAL_UART_IRQHandler), (332 bytes).
    Removing stm32f1xx_hal_uart.o(i.HAL_UART_MspDeInit), (2 bytes).
    Removing stm32f1xx_hal_uart.o(i.HAL_UART_MspInit), (2 bytes).
    Removing stm32f1xx_hal_uart.o(i.HAL_UART_Receive), (222 bytes).
    Removing stm32f1xx_hal_uart.o(i.HAL_UART_Receive_DMA), (196 bytes).
    Removing stm32f1xx_hal_uart.o(i.HAL_UART_Receive_IT), (112 bytes).
    Removing stm32f1xx_hal_uart.o(i.HAL_UART_RxCpltCallback), (2 bytes).
    Removing stm32f1xx_hal_uart.o(i.HAL_UART_RxHalfCpltCallback), (2 bytes).
    Removing stm32f1xx_hal_uart.o(i.HAL_UART_Transmit_DMA), (156 bytes).
    Removing stm32f1xx_hal_uart.o(i.HAL_UART_Transmit_IT), (88 bytes).
    Removing stm32f1xx_hal_uart.o(i.HAL_UART_TxCpltCallback), (2 bytes).
    Removing stm32f1xx_hal_uart.o(i.HAL_UART_TxHalfCpltCallback), (2 bytes).
    Removing stm32f1xx_hal_uart.o(i.UART_DMAAbortOnError), (20 bytes).
    Removing stm32f1xx_hal_uart.o(i.UART_DMAError), (80 bytes).
    Removing stm32f1xx_hal_uart.o(i.UART_DMAReceiveCplt), (70 bytes).
    Removing stm32f1xx_hal_uart.o(i.UART_DMARxAbortCallback), (52 bytes).
    Removing stm32f1xx_hal_uart.o(i.UART_DMARxHalfCplt), (14 bytes).
    Removing stm32f1xx_hal_uart.o(i.UART_DMARxOnlyAbortCallback), (24 bytes).
    Removing stm32f1xx_hal_uart.o(i.UART_DMATransmitCplt), (54 bytes).
    Removing stm32f1xx_hal_uart.o(i.UART_DMATxAbortCallback), (52 bytes).
    Removing stm32f1xx_hal_uart.o(i.UART_DMATxHalfCplt), (14 bytes).
    Removing stm32f1xx_hal_uart.o(i.UART_DMATxOnlyAbortCallback), (24 bytes).
    Removing stm32f1xx_hal_uart.o(i.UART_EndRxTransfer), (32 bytes).
    Removing stm32f1xx_hal_uart.o(i.UART_EndTransmit_IT), (32 bytes).
    Removing stm32f1xx_hal_uart.o(i.UART_EndTxTransfer), (20 bytes).
    Removing stm32f1xx_hal_uart.o(i.UART_Receive_IT), (166 bytes).
    Removing stm32f1xx_hal_uart.o(i.UART_Transmit_IT), (104 bytes).
    Removing stm32f1xx_hal_i2c.o(.rev16_text), (4 bytes).
    Removing stm32f1xx_hal_i2c.o(.revsh_text), (4 bytes).
    Removing stm32f1xx_hal_i2c.o(.rrx_text), (6 bytes).
    Removing stm32f1xx_hal_i2c.o(i.HAL_I2C_AbortCpltCallback), (2 bytes).
    Removing stm32f1xx_hal_i2c.o(i.HAL_I2C_AddrCallback), (2 bytes).
    Removing stm32f1xx_hal_i2c.o(i.HAL_I2C_DeInit), (60 bytes).
    Removing stm32f1xx_hal_i2c.o(i.HAL_I2C_DisableListen_IT), (70 bytes).
    Removing stm32f1xx_hal_i2c.o(i.HAL_I2C_ER_IRQHandler), (218 bytes).
    Removing stm32f1xx_hal_i2c.o(i.HAL_I2C_EV_IRQHandler), (452 bytes).
    Removing stm32f1xx_hal_i2c.o(i.HAL_I2C_EnableListen_IT), (70 bytes).
    Removing stm32f1xx_hal_i2c.o(i.HAL_I2C_ErrorCallback), (2 bytes).
    Removing stm32f1xx_hal_i2c.o(i.HAL_I2C_GetError), (6 bytes).
    Removing stm32f1xx_hal_i2c.o(i.HAL_I2C_GetMode), (8 bytes).
    Removing stm32f1xx_hal_i2c.o(i.HAL_I2C_GetState), (8 bytes).
    Removing stm32f1xx_hal_i2c.o(i.HAL_I2C_IsDeviceReady), (420 bytes).
    Removing stm32f1xx_hal_i2c.o(i.HAL_I2C_ListenCpltCallback), (2 bytes).
    Removing stm32f1xx_hal_i2c.o(i.HAL_I2C_MasterRxCpltCallback), (2 bytes).
    Removing stm32f1xx_hal_i2c.o(i.HAL_I2C_MasterTxCpltCallback), (2 bytes).
    Removing stm32f1xx_hal_i2c.o(i.HAL_I2C_Master_Abort_IT), (110 bytes).
    Removing stm32f1xx_hal_i2c.o(i.HAL_I2C_Master_Receive), (776 bytes).
    Removing stm32f1xx_hal_i2c.o(i.HAL_I2C_Master_Receive_DMA), (424 bytes).
    Removing stm32f1xx_hal_i2c.o(i.HAL_I2C_Master_Receive_IT), (256 bytes).
    Removing stm32f1xx_hal_i2c.o(i.HAL_I2C_Master_Seq_Receive_DMA), (632 bytes).
    Removing stm32f1xx_hal_i2c.o(i.HAL_I2C_Master_Seq_Receive_IT), (360 bytes).
    Removing stm32f1xx_hal_i2c.o(i.HAL_I2C_Master_Seq_Transmit_DMA), (504 bytes).
    Removing stm32f1xx_hal_i2c.o(i.HAL_I2C_Master_Seq_Transmit_IT), (284 bytes).
    Removing stm32f1xx_hal_i2c.o(i.HAL_I2C_Master_Transmit), (368 bytes).
    Removing stm32f1xx_hal_i2c.o(i.HAL_I2C_Master_Transmit_DMA), (424 bytes).
    Removing stm32f1xx_hal_i2c.o(i.HAL_I2C_Master_Transmit_IT), (244 bytes).
    Removing stm32f1xx_hal_i2c.o(i.HAL_I2C_MemRxCpltCallback), (2 bytes).
    Removing stm32f1xx_hal_i2c.o(i.HAL_I2C_MemTxCpltCallback), (2 bytes).
    Removing stm32f1xx_hal_i2c.o(i.HAL_I2C_Mem_Read_DMA), (516 bytes).
    Removing stm32f1xx_hal_i2c.o(i.HAL_I2C_Mem_Read_IT), (272 bytes).
    Removing stm32f1xx_hal_i2c.o(i.HAL_I2C_Mem_Write_DMA), (440 bytes).
    Removing stm32f1xx_hal_i2c.o(i.HAL_I2C_Mem_Write_IT), (256 bytes).
    Removing stm32f1xx_hal_i2c.o(i.HAL_I2C_MspDeInit), (2 bytes).
    Removing stm32f1xx_hal_i2c.o(i.HAL_I2C_MspInit), (2 bytes).
    Removing stm32f1xx_hal_i2c.o(i.HAL_I2C_SlaveRxCpltCallback), (2 bytes).
    Removing stm32f1xx_hal_i2c.o(i.HAL_I2C_SlaveTxCpltCallback), (2 bytes).
    Removing stm32f1xx_hal_i2c.o(i.HAL_I2C_Slave_Receive), (384 bytes).
    Removing stm32f1xx_hal_i2c.o(i.HAL_I2C_Slave_Receive_DMA), (256 bytes).
    Removing stm32f1xx_hal_i2c.o(i.HAL_I2C_Slave_Receive_IT), (152 bytes).
    Removing stm32f1xx_hal_i2c.o(i.HAL_I2C_Slave_Seq_Receive_DMA), (420 bytes).
    Removing stm32f1xx_hal_i2c.o(i.HAL_I2C_Slave_Seq_Receive_IT), (158 bytes).
    Removing stm32f1xx_hal_i2c.o(i.HAL_I2C_Slave_Seq_Transmit_DMA), (420 bytes).
    Removing stm32f1xx_hal_i2c.o(i.HAL_I2C_Slave_Seq_Transmit_IT), (158 bytes).
    Removing stm32f1xx_hal_i2c.o(i.HAL_I2C_Slave_Transmit), (404 bytes).
    Removing stm32f1xx_hal_i2c.o(i.HAL_I2C_Slave_Transmit_DMA), (256 bytes).
    Removing stm32f1xx_hal_i2c.o(i.HAL_I2C_Slave_Transmit_IT), (152 bytes).
    Removing stm32f1xx_hal_i2c.o(i.I2C_ConvertOtherXferOptions), (28 bytes).
    Removing stm32f1xx_hal_i2c.o(i.I2C_DMAAbort), (150 bytes).
    Removing stm32f1xx_hal_i2c.o(i.I2C_DMAError), (60 bytes).
    Removing stm32f1xx_hal_i2c.o(i.I2C_DMAXferCplt), (294 bytes).
    Removing stm32f1xx_hal_i2c.o(i.I2C_ITError), (388 bytes).
    Removing stm32f1xx_hal_i2c.o(i.I2C_MasterReceive_BTF), (294 bytes).
    Removing stm32f1xx_hal_i2c.o(i.I2C_MasterReceive_RXNE), (164 bytes).
    Removing stm32f1xx_hal_i2c.o(i.I2C_MasterRequestRead), (272 bytes).
    Removing stm32f1xx_hal_i2c.o(i.I2C_MasterRequestWrite), (172 bytes).
    Removing stm32f1xx_hal_i2c.o(i.I2C_MasterTransmit_BTF), (160 bytes).
    Removing stm32f1xx_hal_i2c.o(i.I2C_MasterTransmit_TXE), (332 bytes).
    Removing stm32f1xx_hal_i2c.o(i.I2C_Master_ADD10), (42 bytes).
    Removing stm32f1xx_hal_i2c.o(i.I2C_Master_ADDR), (640 bytes).
    Removing stm32f1xx_hal_i2c.o(i.I2C_Master_SB), (158 bytes).
    Removing stm32f1xx_hal_i2c.o(i.I2C_SlaveReceive_BTF), (26 bytes).
    Removing stm32f1xx_hal_i2c.o(i.I2C_SlaveReceive_RXNE), (70 bytes).
    Removing stm32f1xx_hal_i2c.o(i.I2C_SlaveTransmit_BTF), (26 bytes).
    Removing stm32f1xx_hal_i2c.o(i.I2C_SlaveTransmit_TXE), (70 bytes).
    Removing stm32f1xx_hal_i2c.o(i.I2C_Slave_ADDR), (102 bytes).
    Removing stm32f1xx_hal_i2c.o(i.I2C_Slave_AF), (160 bytes).
    Removing stm32f1xx_hal_i2c.o(i.I2C_Slave_STOPF), (396 bytes).
    Removing stm32f1xx_hal_i2c.o(i.I2C_WaitOnSTOPFlagUntilTimeout), (88 bytes).
    Removing system_stm32f1xx.o(.rev16_text), (4 bytes).
    Removing system_stm32f1xx.o(.revsh_text), (4 bytes).
    Removing system_stm32f1xx.o(.rrx_text), (6 bytes).
    Removing clock.o(i.rt_system_tick_init), (2 bytes).
    Removing clock.o(i.rt_tick_set), (28 bytes).
    Removing idle.o(i.rt_thread_idle_gethandler), (8 bytes).
    Removing ipc.o(i.rt_event_control), (54 bytes).
    Removing ipc.o(i.rt_event_create), (38 bytes).
    Removing ipc.o(i.rt_event_delete), (22 bytes).
    Removing ipc.o(i.rt_event_detach), (22 bytes).
    Removing ipc.o(i.rt_event_init), (32 bytes).
    Removing ipc.o(i.rt_event_recv), (218 bytes).
    Removing ipc.o(i.rt_event_send), (180 bytes).
    Removing ipc.o(i.rt_ipc_list_resume_all), (50 bytes).
    Removing ipc.o(i.rt_mutex_control), (8 bytes).
    Removing ipc.o(i.rt_mutex_create), (50 bytes).
    Removing ipc.o(i.rt_mutex_delete), (22 bytes).
    Removing ipc.o(i.rt_mutex_detach), (22 bytes).
    Removing ipc.o(i.rt_mutex_init), (44 bytes).
    Removing ipc.o(i.rt_mutex_release), (150 bytes).
    Removing ipc.o(i.rt_mutex_take), (192 bytes).
    Removing ipc.o(i.rt_sem_control), (54 bytes).
    Removing ipc.o(i.rt_sem_delete), (22 bytes).
    Removing ipc.o(i.rt_sem_detach), (22 bytes).
    Removing ipc.o(i.rt_sem_trytake), (14 bytes).
    Removing irq.o(i.rt_interrupt_get_nest), (12 bytes).
    Removing kservice.o(.rev16_text), (4 bytes).
    Removing kservice.o(.revsh_text), (4 bytes).
    Removing kservice.o(.rrx_text), (6 bytes).
    Removing kservice.o(i._rt_errno), (36 bytes).
    Removing kservice.o(i.rt_free_align), (16 bytes).
    Removing kservice.o(i.rt_get_errno), (36 bytes).
    Removing kservice.o(i.rt_kputs), (18 bytes).
    Removing kservice.o(i.rt_malloc_align), (66 bytes).
    Removing kservice.o(i.rt_memcmp), (38 bytes).
    Removing kservice.o(i.rt_memcpy), (124 bytes).
    Removing kservice.o(i.rt_set_errno), (40 bytes).
    Removing kservice.o(i.rt_snprintf), (38 bytes).
    Removing kservice.o(i.rt_sprintf), (34 bytes).
    Removing kservice.o(i.rt_strcasecmp), (48 bytes).
    Removing kservice.o(i.rt_strcmp), (28 bytes).
    Removing kservice.o(i.rt_strdup), (40 bytes).
    Removing kservice.o(i.rt_strncmp), (40 bytes).
    Removing kservice.o(i.rt_strnlen), (24 bytes).
    Removing kservice.o(i.rt_strstr), (58 bytes).
    Removing kservice.o(i.rt_vsprintf), (22 bytes).
    Removing kservice.o(.data), (4 bytes).
    Removing mem.o(i.rt_memory_info), (40 bytes).
    Removing mem.o(i.rt_realloc), (296 bytes).
    Removing object.o(i.rt_object_find), (86 bytes).
    Removing object.o(i.rt_object_get_type), (10 bytes).
    Removing object.o(i.rt_system_object_init), (2 bytes).
    Removing scheduler.o(i.rt_critical_level), (12 bytes).
    Removing thread.o(i.rt_thread_control), (118 bytes).
    Removing thread.o(i.rt_thread_delay), (12 bytes).
    Removing thread.o(i.rt_thread_delete), (64 bytes).
    Removing thread.o(i.rt_thread_detach), (88 bytes).
    Removing thread.o(i.rt_thread_find), (82 bytes).
    Removing timer.o(i.rt_timer_create), (54 bytes).
    Removing timer.o(i.rt_timer_delete), (32 bytes).
    Removing timer.o(i.rt_timer_list_next_timeout), (28 bytes).
    Removing timer.o(i.rt_timer_next_timeout_tick), (16 bytes).
    Removing cpuport.o(i.rt_hw_cpu_shutdown), (28 bytes).
    Removing cpuport.o(i.rt_hw_exception_install), (12 bytes).
    Removing shell.o(.rev16_text), (4 bytes).
    Removing shell.o(.revsh_text), (4 bytes).
    Removing shell.o(.rrx_text), (6 bytes).
    Removing shell.o(i.finsh_get_echo), (20 bytes).
    Removing shell.o(i.finsh_get_prompt_mode), (20 bytes).
    Removing shell.o(i.finsh_set_echo), (28 bytes).
    Removing shell.o(i.finsh_set_prompt), (68 bytes).
    Removing shell.o(i.finsh_system_var_init), (20 bytes).
    Removing ringbuffer.o(i.rt_ringbuffer_create), (56 bytes).
    Removing ringbuffer.o(i.rt_ringbuffer_destroy), (18 bytes).
    Removing ringbuffer.o(i.rt_ringbuffer_put), (168 bytes).
    Removing ringbuffer.o(i.rt_ringbuffer_put_force), (220 bytes).
    Removing ringbuffer.o(i.rt_ringbuffer_putchar_force), (126 bytes).
    Removing ringbuffer.o(i.rt_ringbuffer_reset), (36 bytes).
    Removing com.o(.rev16_text), (4 bytes).
    Removing com.o(.revsh_text), (4 bytes).
    Removing com.o(.rrx_text), (6 bytes).
    Removing com.o(i.SetMotorSpeed), (56 bytes).
    Removing com.o(i.crc_sum_check), (28 bytes).
    Removing hts221.o(.rev16_text), (4 bytes).
    Removing hts221.o(.revsh_text), (4 bytes).
    Removing hts221.o(.rrx_text), (6 bytes).
    Removing hts221.o(i.print_all_reg), (526 bytes).

601 unused section(s) (total 52347 bytes) removed from the image.
